 SharedMemoryMgr

 Timestamp is 451db31a (Fri Sep 29 16:58:18 2006)

 Preferred load address is 10000000

 Start         Length     Name                   Class
 0001:00000000 000567eeH .text                   CODE
 0001:000567f0 00001143H .text$x                 CODE
 0002:00000000 00000104H .CRT$XCA                DATA
 0002:00000104 00000104H .CRT$XCZ                DATA
 0002:00000208 00000104H .CRT$XIA                DATA
 0002:0000030c 00000118H .CRT$XIC                DATA
 0002:00000424 00000104H .CRT$XIY                DATA
 0002:00000528 00000104H .CRT$XIZ                DATA
 0002:0000062c 00000104H .CRT$XPA                DATA
 0002:00000730 00000109H .CRT$XPX                DATA
 0002:0000083c 00000104H .CRT$XPXA               DATA
 0002:00000940 00000104H .CRT$XPZ                DATA
 0002:00000a44 00000104H .CRT$XTA                DATA
 0002:00000b48 00000104H .CRT$XTB                DATA
 0002:00000c4c 00000104H .CRT$XTZ                DATA
 0002:00000d50 0000d309H .rdata                  DATA
 0002:0000e05c 0000017bH .rdata$debug            DATA
 0002:0000e1d8 000004e1H .rdata$r                DATA
 0002:0000e6c0 00000134H .rdata$sxdata           DATA
 0002:0000e7f4 00000104H .rtc$IAA                DATA
 0002:0000e8f8 00000104H .rtc$IZZ                DATA
 0002:0000e9fc 00000104H .rtc$TAA                DATA
 0002:0000eb00 00000104H .rtc$TZZ                DATA
 0002:0000ec08 00000fcbH .xdata$x                DATA
 0002:0000fbe0 000001edH .edata                  DATA
 0003:00000000 0000247cH .data                   DATA
 0003:00002480 000020dcH .bss                    DATA
 0004:00000000 00000028H .idata$2                DATA
 0004:00000028 00000014H .idata$3                DATA
 0004:0000003c 00000250H .idata$4                DATA
 0004:0000028c 00000250H .idata$5                DATA
 0004:000004dc 0000098dH .idata$6                DATA

  Address         Publics by Value              Rva+Base       Lib:Object

 0000:00000000       __except_list              00000000     <absolute>
 0000:0000000b       ___safe_se_handler_count   0000000b     <absolute>
 0000:00000000       ___ImageBase               10000000     <linker-defined>
 0001:00000090       _DebugOutputString@4       10001090 f   DebugOutput.obj
 0001:000000b0       _DebugOutputWithInteger@8  100010b0 f   DebugOutput.obj
 0001:00000140       _InitMemoryMgr@12          10001140 f   SharedMemoryMgr.obj
 0001:00000610       _JoinMemoryMgr@8           10001610 f   SharedMemoryMgr.obj
 0001:000009b0       _ReleaseMemoryMgr@4        100019b0 f   SharedMemoryMgr.obj
 0001:00000a90       _GetQueueSize@4            10001a90 f   SharedMemoryMgr.obj
 0001:00000ac0       _PutBuffer@16              10001ac0 f   SharedMemoryMgr.obj
 0001:00000cb0       _GetBuffer@20              10001cb0 f   SharedMemoryMgr.obj
 0001:00000fe0       _InitEvent@4               10001fe0 f   SharedMemoryMgr.obj
 0001:00001020       _InitNewEvent@4            10002020 f   SharedMemoryMgr.obj
 0001:00001090       _CopyEventToBuffer@20      10002090 f   SharedMemoryMgr.obj
 0001:00001440       _CopyEventFromBuffer@20    10002440 f   SharedMemoryMgr.obj
 0001:000015b0       _GetWspEvent@12            100025b0 f   SharedMemoryMgr.obj
 0001:00001bc8       _OutputDebugStringA@4      10002bc8 f   kernel32:KERNEL32.dll
 0001:00001bce       _MapViewOfFile@20          10002bce f   kernel32:KERNEL32.dll
 0001:00001bd4       _CloseHandle@4             10002bd4 f   kernel32:KERNEL32.dll
 0001:00001bda       _CreateFileMappingA@24     10002bda f   kernel32:KERNEL32.dll
 0001:00001be0       _ReleaseMutex@4            10002be0 f   kernel32:KERNEL32.dll
 0001:00001be6       _CreateEventA@16           10002be6 f   kernel32:KERNEL32.dll
 0001:00001bec       _GetLastError@0            10002bec f   kernel32:KERNEL32.dll
 0001:00001bf2       _CreateMutexA@12           10002bf2 f   kernel32:KERNEL32.dll
 0001:00001bf8       _OpenFileMappingA@12       10002bf8 f   kernel32:KERNEL32.dll
 0001:00001bfe       _OpenEventA@12             10002bfe f   kernel32:KERNEL32.dll
 0001:00001c04       _OpenMutexA@12             10002c04 f   kernel32:KERNEL32.dll
 0001:00001c0a       _UnmapViewOfFile@4         10002c0a f   kernel32:KERNEL32.dll
 0001:00001c10       _PulseEvent@4              10002c10 f   kernel32:KERNEL32.dll
 0001:00001c16       _WaitForSingleObject@8     10002c16 f   kernel32:KERNEL32.dll
 0001:00001c1c       _SetSecurityDescriptorDacl@16 10002c1c f   advapi32:ADVAPI32.dll
 0001:00001c22       _InitializeSecurityDescriptor@8 10002c22 f   advapi32:ADVAPI32.dll
 0001:00001c30       _malloc                    10002c30 f   LIBCMTD:dbgheap.obj
 0001:00001c60       __malloc_dbg               10002c60 f   LIBCMTD:dbgheap.obj
 0001:00001c90       __nh_malloc                10002c90 f   LIBCMTD:dbgheap.obj
 0001:00001cb0       __nh_malloc_dbg            10002cb0 f   LIBCMTD:dbgheap.obj
 0001:00001d20       __heap_alloc               10002d20 f   LIBCMTD:dbgheap.obj
 0001:00001d40       __heap_alloc_dbg           10002d40 f   LIBCMTD:dbgheap.obj
 0001:000020e0       _calloc                    100030e0 f   LIBCMTD:dbgheap.obj
 0001:00002110       __calloc_dbg               10003110 f   LIBCMTD:dbgheap.obj
 0001:000021d0       _realloc                   100031d0 f   LIBCMTD:dbgheap.obj
 0001:00002200       __recalloc                 10003200 f   LIBCMTD:dbgheap.obj
 0001:000022a0       __realloc_dbg              100032a0 f   LIBCMTD:dbgheap.obj
 0001:00002870       __recalloc_dbg             10003870 f   LIBCMTD:dbgheap.obj
 0001:00002920       __expand                   10003920 f   LIBCMTD:dbgheap.obj
 0001:00002950       __expand_dbg               10003950 f   LIBCMTD:dbgheap.obj
 0001:00002a60       _free                      10003a60 f   LIBCMTD:dbgheap.obj
 0001:00002a80       __free_nolock              10003a80 f   LIBCMTD:dbgheap.obj
 0001:00002aa0       __free_dbg                 10003aa0 f   LIBCMTD:dbgheap.obj
 0001:00002b20       __free_dbg_nolock          10003b20 f   LIBCMTD:dbgheap.obj
 0001:00002f50       __msize                    10003f50 f   LIBCMTD:dbgheap.obj
 0001:00002f70       __msize_dbg                10003f70 f   LIBCMTD:dbgheap.obj
 0001:00003160       __CrtSetBreakAlloc         10004160 f   LIBCMTD:dbgheap.obj
 0001:00003180       __CrtSetDbgBlockType       10004180 f   LIBCMTD:dbgheap.obj
 0001:00003270       __CrtSetAllocHook          10004270 f   LIBCMTD:dbgheap.obj
 0001:00003290       __CrtGetAllocHook          10004290 f   LIBCMTD:dbgheap.obj
 0001:000032f0       __CrtCheckMemory           100042f0 f   LIBCMTD:dbgheap.obj
 0001:00003670       __CrtSetDbgFlag            10004670 f   LIBCMTD:dbgheap.obj
 0001:000037c0       __CrtDoForAllClientObjects 100047c0 f   LIBCMTD:dbgheap.obj
 0001:000038e0       __CrtIsValidPointer        100048e0 f   LIBCMTD:dbgheap.obj
 0001:000038f0       __CrtIsValidHeapPointer    100048f0 f   LIBCMTD:dbgheap.obj
 0001:000039e0       __invoke_watson_if_error   100049e0 f i LIBCMTD:dbgheap.obj
 0001:00003a10       __CrtIsMemoryBlock         10004a10 f   LIBCMTD:dbgheap.obj
 0001:00003b80       __CrtReportBlockType       10004b80 f   LIBCMTD:dbgheap.obj
 0001:00003bb0       __CrtSetDumpClient         10004bb0 f   LIBCMTD:dbgheap.obj
 0001:00003bd0       __CrtGetDumpClient         10004bd0 f   LIBCMTD:dbgheap.obj
 0001:00003be0       __CrtMemCheckpoint         10004be0 f   LIBCMTD:dbgheap.obj
 0001:00003dc0       __CrtMemDifference         10004dc0 f   LIBCMTD:dbgheap.obj
 0001:00003fe0       __CrtMemDumpAllObjectsSince 10004fe0 f   LIBCMTD:dbgheap.obj
 0001:00004020       ??0_LocaleUpdate@@QAE@PAUlocaleinfo_struct@@@Z 10005020 f i LIBCMTD:dbgheap.obj
 0001:00004100       ??1_LocaleUpdate@@QAE@XZ   10005100 f i LIBCMTD:dbgheap.obj
 0001:00004130       ?GetLocaleT@_LocaleUpdate@@QAEPAUlocaleinfo_struct@@XZ 10005130 f i LIBCMTD:dbgheap.obj
 0001:000045f0       __invoke_watson_if_oneof   100055f0 f i LIBCMTD:dbgheap.obj
 0001:00004630       __CrtDumpMemoryLeaks       10005630 f   LIBCMTD:dbgheap.obj
 0001:000046a0       __CrtMemDumpStatistics     100056a0 f   LIBCMTD:dbgheap.obj
 0001:000047b0       __aligned_malloc           100057b0 f   LIBCMTD:dbgheap.obj
 0001:000047d0       __aligned_malloc_dbg       100057d0 f   LIBCMTD:dbgheap.obj
 0001:000047f0       __aligned_realloc          100057f0 f   LIBCMTD:dbgheap.obj
 0001:00004810       __aligned_recalloc         10005810 f   LIBCMTD:dbgheap.obj
 0001:00004840       __aligned_realloc_dbg      10005840 f   LIBCMTD:dbgheap.obj
 0001:00004870       __aligned_recalloc_dbg     10005870 f   LIBCMTD:dbgheap.obj
 0001:000048a0       __aligned_offset_malloc    100058a0 f   LIBCMTD:dbgheap.obj
 0001:000048c0       __aligned_offset_malloc_dbg 100058c0 f   LIBCMTD:dbgheap.obj
 0001:00004a60       __aligned_offset_realloc   10005a60 f   LIBCMTD:dbgheap.obj
 0001:00004a90       __aligned_offset_recalloc  10005a90 f   LIBCMTD:dbgheap.obj
 0001:00004ac0       __aligned_offset_realloc_dbg 10005ac0 f   LIBCMTD:dbgheap.obj
 0001:00004d90       __aligned_offset_recalloc_dbg 10005d90 f   LIBCMTD:dbgheap.obj
 0001:00004e40       __aligned_free             10005e40 f   LIBCMTD:dbgheap.obj
 0001:00004e60       __aligned_free_dbg         10005e60 f   LIBCMTD:dbgheap.obj
 0001:00004f10       __CrtSetDebugFillThreshold 10005f10 f   LIBCMTD:dbgheap.obj
 0001:00004f30       __CrtSetCheckCount         10005f30 f   LIBCMTD:dbgheap.obj
 0001:00004f50       __CrtGetCheckCount         10005f50 f   LIBCMTD:dbgheap.obj
 0001:00004f60       _sprintf                   10005f60 f   LIBCMTD:sprintf.obj
 0001:000050e0       __sprintf_l                100060e0 f   LIBCMTD:sprintf.obj
 0001:00005110       _sprintf_s                 10006110 f   LIBCMTD:sprintf.obj
 0001:00005140       __sprintf_s_l              10006140 f   LIBCMTD:sprintf.obj
 0001:00005170       __snprintf_s               10006170 f   LIBCMTD:sprintf.obj
 0001:000051a0       __snprintf_s_l             100061a0 f   LIBCMTD:sprintf.obj
 0001:000051d0       __sprintf_p                100061d0 f   LIBCMTD:sprintf.obj
 0001:00005200       __sprintf_p_l              10006200 f   LIBCMTD:sprintf.obj
 0001:00005230       __scprintf                 10006230 f   LIBCMTD:sprintf.obj
 0001:00005250       __scprintf_p               10006250 f   LIBCMTD:sprintf.obj
 0001:00005270       __scprintf_l               10006270 f   LIBCMTD:sprintf.obj
 0001:000052a0       __scprintf_p_l             100062a0 f   LIBCMTD:sprintf.obj
 0001:000052d0       _memset                    100062d0 f   LIBCMTD:memset.obj
 0001:00005350       _strlen                    10006350 f   LIBCMTD:strlen.obj
 0001:000053e0       _strcat_s                  100063e0 f   LIBCMTD:strcat_s.obj
 0001:000057c0       _strcpy_s                  100067c0 f   LIBCMTD:strcpy_s.obj
 0001:00005aa0       _memcpy_s                  10006aa0 f   LIBCMTD:memcpy_s.obj
 0001:00005c30       __CRT_INIT@12              10006c30 f   LIBCMTD:dllcrt0.obj
 0001:00005f10       __set_osplatform           10006f10 f i LIBCMTD:dllcrt0.obj
 0001:00005f20       __set_osver                10006f20 f i LIBCMTD:dllcrt0.obj
 0001:00005f30       __set_winver               10006f30 f i LIBCMTD:dllcrt0.obj
 0001:00005f40       __set_winmajor             10006f40 f i LIBCMTD:dllcrt0.obj
 0001:00005f50       __set_winminor             10006f50 f i LIBCMTD:dllcrt0.obj
 0001:00005f60       __DllMainCRTStartup@12     10006f60 f   LIBCMTD:dllcrt0.obj
 0001:00006140       __initp_heap_handler       10007140 f   LIBCMTD:handler.obj
 0001:00006150       ?_set_new_handler@@YAP6AHI@ZP6AHI@Z@Z 10007150 f   LIBCMTD:handler.obj
 0001:000061a0       ?_set_new_handler@@YAP6AHI@ZH@Z 100071a0 f   LIBCMTD:handler.obj
 0001:000061e0       ?_query_new_handler@@YAP6AHI@ZXZ 100071e0 f   LIBCMTD:handler.obj
 0001:00006200       __callnewh                 10007200 f   LIBCMTD:handler.obj
 0001:00006240       __dosmaperr                10007240 f   LIBCMTD:dosmap.obj
 0001:00006270       __get_errno_from_oserr     10007270 f   LIBCMTD:dosmap.obj
 0001:000062f0       __set_errno                100072f0 f   LIBCMTD:dosmap.obj
 0001:00006320       __get_errno                10007320 f   LIBCMTD:dosmap.obj
 0001:000063a0       __set_doserrno             100073a0 f   LIBCMTD:dosmap.obj
 0001:000063d0       __get_doserrno             100073d0 f   LIBCMTD:dosmap.obj
 0001:00006450       __errno                    10007450 f   LIBCMTD:dosmap.obj
 0001:00006480       ___doserrno                10007480 f   LIBCMTD:dosmap.obj
 0001:000064b0       __mtinitlocks              100074b0 f   LIBCMTD:mlock.obj
 0001:00006540       __mtdeletelocks            10007540 f   LIBCMTD:mlock.obj
 0001:00006600       __mtinitlocknum            10007600 f   LIBCMTD:mlock.obj
 0001:00006750       __lock                     10007750 f   LIBCMTD:mlock.obj
 0001:00006790       __unlock                   10007790 f   LIBCMTD:mlock.obj
 0001:000067b0       __lockerr_exit             100077b0 f   LIBCMTD:mlock.obj
 0001:000067d0       _V6_HeapAlloc              100077d0 f   LIBCMTD:malloc.obj
 0001:00006860       __malloc_base              10007860 f   LIBCMTD:malloc.obj
 0001:000068f0       __heap_alloc_base          100078f0 f i LIBCMTD:malloc.obj
 0001:000069b0       __CrtSetReportHook2        100079b0 f   LIBCMTD:dbgrpt.obj
 0001:00006cd0       __CrtDbgReport             10007cd0 f   LIBCMTD:dbgrpt.obj
 0001:00006d10       __CrtDbgReportV            10007d10 f i LIBCMTD:dbgrpt.obj
 0001:00006d40       ___crtMessageWindowA       10007d40 f   LIBCMTD:dbgrpt.obj
 0001:00007140       __CrtDefaultAllocHook      10008140 f   LIBCMTD:dbghook.obj
 0001:00007150       __crt_debugger_hook        10008150 f   LIBCMTD:dbghook.obj
 0001:00007160       __CrtSetReportHookW2       10008160 f   LIBCMTD:dbgrptw.obj
 0001:00007480       __CrtDbgReportW            10008480 f   LIBCMTD:dbgrptw.obj
 0001:000074c0       __CrtDbgReportWV           100084c0 f i LIBCMTD:dbgrptw.obj
 0001:00007800       ___crtMessageWindowW       10008800 f   LIBCMTD:dbgrptw.obj
 0001:00007c00       ?_CrtDbgReportW@@YAHHPBGH00ZZ 10008c00 f   LIBCMTD:dbgrptw.obj
 0001:00007c40       __except_handler4          10008c40 f   LIBCMTD:chandler4.obj
 0001:00007e60       __initp_misc_invarg        10008e60 f   LIBCMTD:invarg.obj
 0001:00007e70       __invalid_parameter        10008e70 f   LIBCMTD:invarg.obj
 0001:00007ee0       __invoke_watson            10008ee0 f   LIBCMTD:invarg.obj
 0001:00008020       __set_invalid_parameter_handler 10009020 f   LIBCMTD:invarg.obj
 0001:00008060       __get_invalid_parameter_handler 10009060 f   LIBCMTD:invarg.obj
 0001:00008090       ?_invalid_parameter@@YAXPBG00II@Z 10009090 f   LIBCMTD:invarg.obj
 0001:000080c0       ?_invoke_watson@@YAXPBG00II@Z 100090c0 f   LIBCMTD:invarg.obj
 0001:000080f0       __expand_base              100090f0 f   LIBCMTD:expand.obj
 0001:000082c0       __realloc_base             100092c0 f   LIBCMTD:realloc.obj
 0001:00008660       __recalloc_base            10009660 f   LIBCMTD:realloc.obj
 0001:00008700       __free_base                10009700 f   LIBCMTD:free.obj
 0001:00008820       __heapchk                  10009820 f   LIBCMTD:heapchk.obj
 0001:000088f0       __heapset                  100098f0 f   LIBCMTD:heapchk.obj
 0001:00008900       ___heap_select             10009900 f   LIBCMTD:heapinit.obj
 0001:00008990       __heap_init                10009990 f   LIBCMTD:heapinit.obj
 0001:00008a10       __heap_term                10009a10 f   LIBCMTD:heapinit.obj
 0001:00008ab0       __get_heap_handle          10009ab0 f   LIBCMTD:heapinit.obj
 0001:00008af0       __get_sbh_threshold        10009af0 f   LIBCMTD:sbheap.obj
 0001:00008b40       __set_sbh_threshold        10009b40 f   LIBCMTD:sbheap.obj
 0001:00008cd0       __set_amblksiz             10009cd0 f   LIBCMTD:sbheap.obj
 0001:00008dd0       __get_amblksiz             10009dd0 f   LIBCMTD:sbheap.obj
 0001:00008ec0       ___sbh_heap_init           10009ec0 f   LIBCMTD:sbheap.obj
 0001:00008f30       ___sbh_find_block          10009f30 f   LIBCMTD:sbheap.obj
 0001:00008f90       ___sbh_verify_block        10009f90 f   LIBCMTD:sbheap.obj
 0001:00008ff0       ___sbh_free_block          10009ff0 f   LIBCMTD:sbheap.obj
 0001:000095b0       ___sbh_alloc_block         1000a5b0 f   LIBCMTD:sbheap.obj
 0001:00009ad0       ___sbh_alloc_new_region    1000aad0 f   LIBCMTD:sbheap.obj
 0001:00009be0       ___sbh_alloc_new_group     1000abe0 f   LIBCMTD:sbheap.obj
 0001:00009dd0       ___sbh_resize_block        1000add0 f   LIBCMTD:sbheap.obj
 0001:0000a3a0       ___sbh_heapmin             1000b3a0 f   LIBCMTD:sbheap.obj
 0001:0000a4d0       ___sbh_heap_check          1000b4d0 f   LIBCMTD:sbheap.obj
 0001:0000a9c0       __cinit                    1000b9c0 f   LIBCMTD:crt0dat.obj
 0001:0000aa60       _exit                      1000ba60 f   LIBCMTD:crt0dat.obj
 0001:0000aa80       __exit                     1000ba80 f   LIBCMTD:crt0dat.obj
 0001:0000aaa0       __cexit                    1000baa0 f   LIBCMTD:crt0dat.obj
 0001:0000aac0       __c_exit                   1000bac0 f   LIBCMTD:crt0dat.obj
 0001:0000aae0       __amsg_exit                1000bae0 f   LIBCMTD:crt0dat.obj
 0001:0000ab20       ___freeCrtMemory           1000bb20 f   LIBCMTD:crt0dat.obj
 0001:0000adc0       ___crtCorExitProcess       1000bdc0 f   LIBCMTD:crt0dat.obj
 0001:0000ae00       ___crtExitProcess          1000be00 f   LIBCMTD:crt0dat.obj
 0001:0000ae20       __lockexit                 1000be20 f   LIBCMTD:crt0dat.obj
 0001:0000ae30       __unlockexit               1000be30 f   LIBCMTD:crt0dat.obj
 0001:0000ae40       __init_pointers            1000be40 f   LIBCMTD:crt0dat.obj
 0001:0000af00       __initterm_e               1000bf00 f   LIBCMTD:crt0dat.obj
 0001:0000af40       __get_osplatform           1000bf40 f   LIBCMTD:crt0dat.obj
 0001:0000b030       __get_osver                1000c030 f   LIBCMTD:crt0dat.obj
 0001:0000b120       __get_winver               1000c120 f   LIBCMTD:crt0dat.obj
 0001:0000b210       __get_winmajor             1000c210 f   LIBCMTD:crt0dat.obj
 0001:0000b300       __get_winminor             1000c300 f   LIBCMTD:crt0dat.obj
 0001:0000b3f0       __get_wpgmptr              1000c3f0 f   LIBCMTD:crt0dat.obj
 0001:0000b4e0       __get_pgmptr               1000c4e0 f   LIBCMTD:crt0dat.obj
 0001:0000b5d0       ___updatetmbcinfo          1000c5d0 f   LIBCMTD:mbctype.obj
 0001:0000b6e0       __setmbcp                  1000c6e0 f   LIBCMTD:mbctype.obj
 0001:0000ba80       __setmbcp_nolock           1000ca80 f   LIBCMTD:mbctype.obj
 0001:0000c240       __getmbcp                  1000d240 f   LIBCMTD:mbctype.obj
 0001:0000c2b0       ___initmbctable            1000d2b0 f   LIBCMTD:mbctype.obj
 0001:0000c2e0       ____setlc_active_func      1000d2e0 f   LIBCMTD:setlocal.obj
 0001:0000c2f0       ____unguarded_readlc_active_add_func 1000d2f0 f   LIBCMTD:setlocal.obj
 0001:0000c300       ___freetlocinfo            1000d300 f   LIBCMTD:setlocal.obj
 0001:0000c5e0       ___addlocaleref            1000d5e0 f   LIBCMTD:setlocal.obj
 0001:0000c700       ___removelocaleref         1000d700 f   LIBCMTD:setlocal.obj
 0001:0000c830       ___updatetlocinfo          1000d830 f   LIBCMTD:setlocal.obj
 0001:0000c980       __configthreadlocale       1000d980 f   LIBCMTD:setlocal.obj
 0001:0000ca90       __locterm                  1000da90 f   LIBCMTD:setlocal.obj
 0001:0000cb20       __free_locale              1000db20 f   LIBCMTD:setlocal.obj
 0001:0000cc30       ___free_locale             1000dc30 f   LIBCMTD:setlocal.obj
 0001:0000cc50       __create_locale            1000dc50 f   LIBCMTD:setlocal.obj
 0001:0000ce70       ___create_locale           1000de70 f   LIBCMTD:setlocal.obj
 0001:0000ce90       __get_current_locale       1000de90 f   LIBCMTD:setlocal.obj
 0001:0000cf80       ___get_current_locale      1000df80 f   LIBCMTD:setlocal.obj
 0001:0000cf90       _setlocale                 1000df90 f   LIBCMTD:setlocal.obj
 0001:0000dea0       __expandlocale             1000eea0 f   LIBCMTD:setlocal.obj
 0001:0000e150       ___init_dummy              1000f150 f   LIBCMTD:setlocal.obj
 0001:0000e160       __strcats                  1000f160 f   LIBCMTD:setlocal.obj
 0001:0000e1e0       ___lc_strtolc              1000f1e0 f   LIBCMTD:setlocal.obj
 0001:0000e3e0       ___lc_lctostr              1000f3e0 f   LIBCMTD:setlocal.obj
 0001:0000e470       __encode_pointer           1000f470 f   LIBCMTD:tidtable.obj
 0001:0000e500       __encoded_null             1000f500 f   LIBCMTD:tidtable.obj
 0001:0000e510       __decode_pointer           1000f510 f   LIBCMTD:tidtable.obj
 0001:0000e5a0       ___crtTlsAlloc@4           1000f5a0 f   LIBCMTD:tidtable.obj
 0001:0000e5b0       ___fls_getvalue@4          1000f5b0 f   LIBCMTD:tidtable.obj
 0001:0000e5d0       ___get_flsindex            1000f5d0 f   LIBCMTD:tidtable.obj
 0001:0000e5e0       ___set_flsgetvalue         1000f5e0 f   LIBCMTD:tidtable.obj
 0001:0000e620       ___fls_setvalue@8          1000f620 f   LIBCMTD:tidtable.obj
 0001:0000e640       __mtinit                   1000f640 f   LIBCMTD:tidtable.obj
 0001:0000e850       __mtterm                   1000f850 f   LIBCMTD:tidtable.obj
 0001:0000e8b0       __initptd                  1000f8b0 f   LIBCMTD:tidtable.obj
 0001:0000e9e0       __getptd_noexit            1000f9e0 f   LIBCMTD:tidtable.obj
 0001:0000eaa0       __getptd                   1000faa0 f   LIBCMTD:tidtable.obj
 0001:0000ead0       __freefls@4                1000fad0 f   LIBCMTD:tidtable.obj
 0001:0000ecc0       __freeptd                  1000fcc0 f   LIBCMTD:tidtable.obj
 0001:0000ed40       ___threadid                1000fd40 f   LIBCMTD:tidtable.obj
 0001:0000ed50       ___threadhandle            1000fd50 f   LIBCMTD:tidtable.obj
 0001:0000ed60       __chvalidator              1000fd60 f   LIBCMTD:isctype.obj
 0001:0000edb0       __chvalidator_l            1000fdb0 f   LIBCMTD:isctype.obj
 0001:0000ee60       __isctype_l                1000fe60 f   LIBCMTD:isctype.obj
 0001:0000ef70       __isctype                  1000ff70 f   LIBCMTD:isctype.obj
 0001:0000efb0       @__security_check_cookie@4 1000ffb0 f   LIBCMTD:secchk.obj
 0001:0000efc0       _memcpy                    1000ffc0 f   LIBCMTD:memcpy.obj
 0001:0000f330       __flsbuf                   10010330 f   LIBCMTD:_flsbuf.obj
 0001:0000f5f0       __output_l                 100105f0 f   LIBCMTD:output.obj
 0001:00010a60       _get_int_arg               10011a60 f i LIBCMTD:output.obj
 0001:00010a80       _get_int64_arg             10011a80 f i LIBCMTD:output.obj
 0001:00010aa0       _get_short_arg             10011aa0 f i LIBCMTD:output.obj
 0001:00010ac0       __vsprintf_l               10011ac0 f   LIBCMTD:vsprintf.obj
 0001:00010c30       _vsprintf                  10011c30 f   LIBCMTD:vsprintf.obj
 0001:00010c50       __vscprintf_helper         10011c50 f   LIBCMTD:vsprintf.obj
 0001:00010d10       __vscprintf                10011d10 f   LIBCMTD:vsprintf.obj
 0001:00010d30       __vscprintf_l              10011d30 f   LIBCMTD:vsprintf.obj
 0001:00010d50       __vscprintf_p              10011d50 f   LIBCMTD:vsprintf.obj
 0001:00010d70       __vscprintf_p_l            10011d70 f   LIBCMTD:vsprintf.obj
 0001:00010d90       __vsnprintf_helper         10011d90 f   LIBCMTD:vsnprnc.obj
 0001:00010f60       __vsnprintf_c              10011f60 f   LIBCMTD:vsnprnc.obj
 0001:00010fb0       __vsnprintf_c_l            10011fb0 f   LIBCMTD:vsnprnc.obj
 0001:00011000       __vsprintf_s_l             10012000 f   LIBCMTD:vsnprnc.obj
 0001:00011260       _vsprintf_s                10012260 f   LIBCMTD:vsnprnc.obj
 0001:00011280       __vsnprintf_s_l            10012280 f   LIBCMTD:vsnprnc.obj
 0001:00011620       __vsnprintf_s              10012620 f   LIBCMTD:vsnprnc.obj
 0001:00011650       __vsprintf_p               10012650 f   LIBCMTD:vsnprnc.obj
 0001:000116a0       __vsprintf_p_l             100126a0 f   LIBCMTD:vsnprnc.obj
 0001:000116f0       __VEC_memzero              100126f0 f   LIBCMTD:p4_memset.obj
 0001:000117e0       __sse2_mathfcns_init       100127e0 f   LIBCMTD:mathfcns.obj
 0001:00011800       __set_SSE2_enable          10012800 f   LIBCMTD:mathfcns.obj
 0001:00011820       __ioinit                   10012820 f   LIBCMTD:ioinit.obj
 0001:00011ca0       __ioterm                   10012ca0 f   LIBCMTD:ioinit.obj
 0001:00011d40       __setenvp                  10012d40 f   LIBCMTD:stdenvp.obj
 0001:00011ee0       __setargv                  10012ee0 f   LIBCMTD:stdargv.obj
 0001:00012000       __set_pgmptr               10013000 f i LIBCMTD:stdargv.obj
 0001:00012370       ___crtGetEnvironmentStringsA 10013370 f   LIBCMTD:a_env.obj
 0001:00012590       __RTC_Initialize           10013590 f   LIBCMTD:initsect.obj
 0001:000125c0       __RTC_Terminate            100135c0 f   LIBCMTD:initsect.obj
 0001:000125f0       ___security_init_cookie    100135f0 f   LIBCMTD:gs_support.obj
 0001:00012710       __initp_misc_winxfltr      10013710 f   LIBCMTD:winxfltr.obj
 0001:00012720       ___CppXcptFilter           10013720 f   LIBCMTD:winxfltr.obj
 0001:00012750       __XcptFilter               10013750 f   LIBCMTD:winxfltr.obj
 0001:00012990       _DllMain@12                10013990 f   LIBCMTD:dllmain.obj
 0001:000129a0       __initp_misc_initcrit      100139a0 f   LIBCMTD:initcrit.obj
 0001:000129b0       ___crtInitCritSecAndSpinCount 100139b0 f   LIBCMTD:initcrit.obj
 0001:00012b20       __FF_MSGBANNER             10013b20 f   LIBCMTD:crt0msg.obj
 0001:00012b70       __NMSG_WRITE               10013b70 f   LIBCMTD:crt0msg.obj
 0001:00012e00       __GET_RTERRMSG             10013e00 f   LIBCMTD:crt0msg.obj
 0001:00012e40       __CrtDbgBreak              10013e40 f   LIBCMTD:dbgrptt.obj
 0001:00012e50       __CrtSetReportMode         10013e50 f   LIBCMTD:dbgrptt.obj
 0001:00012f90       __CrtSetReportFile         10013f90 f   LIBCMTD:dbgrptt.obj
 0001:00013080       __CrtSetReportHook         10014080 f   LIBCMTD:dbgrptt.obj
 0001:000130a0       __CrtGetReportHook         100140a0 f   LIBCMTD:dbgrptt.obj
 0001:000130b0       __VCrtDbgReportA           100140b0 f   LIBCMTD:dbgrptt.obj
 0001:000138c0       __VCrtDbgReportW           100148c0 f   LIBCMTD:dbgrptt.obj
 0001:000141d0       __initp_misc_winsig        100151d0 f   LIBCMTD:winsig.obj
 0001:00014200       _signal                    10015200 f   LIBCMTD:winsig.obj
 0001:000146a0       _raise                     100156a0 f   LIBCMTD:winsig.obj
 0001:00014a10       ___get_sigabrt             10015a10 f   LIBCMTD:winsig.obj
 0001:00014a30       ___fpecode                 10015a30 f   LIBCMTD:winsig.obj
 0001:00014a40       ___pxcptinfoptrs           10015a40 f   LIBCMTD:winsig.obj
 0001:00014a50       ___crtMessageBoxA          10015a50 f   LIBCMTD:crtmbox.obj
 0001:00014cb0       __mbsnbcpy_s               10015cb0 f   LIBCMTD:mbsnbcpy_s.obj
 0001:00014cd0       __alloca_probe             10015cd0     LIBCMTD:chkstk.obj
 0001:00014cd0       __chkstk                   10015cd0 f   LIBCMTD:chkstk.obj
 0001:00014d00       __wcstombs_l_helper        10015d00 f   LIBCMTD:wcstombs.obj
 0001:00015250       __wcstombs_l               10016250 f   LIBCMTD:wcstombs.obj
 0001:00015270       _wcstombs                  10016270 f   LIBCMTD:wcstombs.obj
 0001:00015290       __wcstombs_s_l             10016290 f   LIBCMTD:wcstombs.obj
 0001:00015550       _wcstombs_s                10016550 f   LIBCMTD:wcstombs.obj
 0001:00015580       ___crtMessageBoxW          10016580 f   LIBCMTD:crtmboxw.obj
 0001:000157e0       __swprintf                 100167e0 f   LIBCMTD:swprintf.obj
 0001:000159a0       ___swprintf_l              100169a0 f   LIBCMTD:swprintf.obj
 0001:000159d0       _swprintf_s                100169d0 f   LIBCMTD:swprintf.obj
 0001:00015a00       __snwprintf_s              10016a00 f   LIBCMTD:swprintf.obj
 0001:00015a30       __swprintf_p               10016a30 f   LIBCMTD:swprintf.obj
 0001:00015a60       __swprintf_s_l             10016a60 f   LIBCMTD:swprintf.obj
 0001:00015a90       __snwprintf_s_l            10016a90 f   LIBCMTD:swprintf.obj
 0001:00015ac0       __swprintf_p_l             10016ac0 f   LIBCMTD:swprintf.obj
 0001:00015af0       __scwprintf                10016af0 f   LIBCMTD:swprintf.obj
 0001:00015b10       __scwprintf_p              10016b10 f   LIBCMTD:swprintf.obj
 0001:00015b30       __scwprintf_l              10016b30 f   LIBCMTD:swprintf.obj
 0001:00015b60       __scwprintf_p_l            10016b60 f   LIBCMTD:swprintf.obj
 0001:00015b90       _wcsncpy_s                 10016b90 f   LIBCMTD:wcsncpy_s.obj
 0001:00015f90       _wcslen                    10016f90 f   LIBCMTD:wcslen.obj
 0001:00015fc0       _wcscpy_s                  10016fc0 f   LIBCMTD:wcscpy_s.obj
 0001:000162a0       __local_unwind4            100172a0 f   LIBCMTD:exsup4.obj
 0001:00016376       __seh_longjmp_unwind4@4    10017376 f   LIBCMTD:exsup4.obj
 0001:00016392       @_EH4_CallFilterFunc@8     10017392 f   LIBCMTD:exsup4.obj
 0001:000163a9       @_EH4_TransferToHandler@8  100173a9 f   LIBCMTD:exsup4.obj
 0001:000163c2       @_EH4_GlobalUnwind@4       100173c2 f   LIBCMTD:exsup4.obj
 0001:000163dc       @_EH4_LocalUnwind@16       100173dc f   LIBCMTD:exsup4.obj
 0001:00016400       __ValidateImageBase        10017400 f   LIBCMTD:pesect.obj
 0001:00016460       __FindPESection            10017460 f   LIBCMTD:pesect.obj
 0001:000164e0       __IsNonwritableInCurrentImage 100174e0 f   LIBCMTD:pesect.obj
 0001:000165f0       _memmove                   100175f0 f   LIBCMTD:memmove.obj
 0001:00016960       __onexit                   10017960 f   LIBCMTD:onexit.obj
 0001:00016b30       _atexit                    10017b30 f   LIBCMTD:onexit.obj
 0001:00016b50       ___onexitinit              10017b50 f   LIBCMTD:onexit.obj
 0001:00016bb0       __initp_misc_cfltcvt_tab   10017bb0 f   LIBCMTD:cmiscdat.obj
 0001:00016bf0       __initp_eh_hooks           10017bf0 f   LIBCMTD:hooks.obj
 0001:00016c10       ?terminate@@YAXXZ          10017c10 f   LIBCMTD:hooks.obj
 0001:00016c90       ?unexpected@@YAXXZ         10017c90 f   LIBCMTD:hooks.obj
 0001:00016cc0       ?_inconsistency@@YAXXZ     10017cc0 f   LIBCMTD:hooks.obj
 0001:00016d50       __initp_misc_rand_s        10017d50 f   LIBCMTD:rand_s.obj
 0001:00016d60       _rand_s                    10017d60 f   LIBCMTD:rand_s.obj
 0001:00016f80       ___getlocaleinfo           10017f80 f   LIBCMTD:inithelp.obj
 0001:00017220       __initp_misc_purevirt      10018220 f   LIBCMTD:inithelp.obj
 0001:00017230       ?_JumpToContinuation@@YGXPAXPAUEHRegistrationNode@@@Z 10018230 f   LIBCMTD:trnsctrl.obj
 0001:00017270       ?_CallMemberFunction0@@YGXPAX0@Z 10018270 f   LIBCMTD:trnsctrl.obj
 0001:00017280       ?_CallMemberFunction1@@YGXPAX00@Z 10018280 f   LIBCMTD:trnsctrl.obj
 0001:00017290       ?_CallMemberFunction2@@YGXPAX00H@Z 10018290 f   LIBCMTD:trnsctrl.obj
 0001:000172a0       ?_UnwindNestedFrames@@YGXPAUEHRegistrationNode@@PAUEHExceptionRecord@@@Z 100182a0 f   LIBCMTD:trnsctrl.obj
 0001:00017300       ___CxxFrameHandler         10018300 f   LIBCMTD:trnsctrl.obj
 0001:00017340       ___CxxFrameHandler3        10018340 f   LIBCMTD:trnsctrl.obj
 0001:00017380       ___CxxFrameHandler2        10018380 f   LIBCMTD:trnsctrl.obj
 0001:000173c0       ___CxxLongjmpUnwind@4      100183c0 f   LIBCMTD:trnsctrl.obj
 0001:000173f0       ?_CallCatchBlock2@@YAPAXPAUEHRegistrationNode@@PBU_s_FuncInfo@@PAXHK@Z 100183f0 f   LIBCMTD:trnsctrl.obj
 0001:000174b0       ?_CallSETranslator@@YAHPAUEHExceptionRecord@@PAUEHRegistrationNode@@PAX2PBU_s_FuncInfo@@H1@Z 100184b0 f   LIBCMTD:trnsctrl.obj
 0001:00017650       ?_GetRangeOfTrysToCheck@@YAPBU_s_TryBlockMapEntry@@PBU_s_FuncInfo@@HHPAI1@Z 10018650 f   LIBCMTD:trnsctrl.obj
 0001:000176e0       __CreateFrameInfo          100186e0 f   LIBCMTD:trnsctrl.obj
 0001:00017710       __IsExceptionObjectToBeDestroyed 10018710 f   LIBCMTD:trnsctrl.obj
 0001:00017740       __FindAndUnlinkFrame       10018740 f   LIBCMTD:trnsctrl.obj
 0001:000177a0       ___crtLCMapStringA         100187a0 f   LIBCMTD:a_map.obj
 0001:00017d00       __MarkAllocaS              10018d00 f i LIBCMTD:a_map.obj
 0001:00017d20       __freea                    10018d20 f i LIBCMTD:a_map.obj
 0001:00017de0       ___crtGetStringTypeA       10018de0 f   LIBCMTD:a_str.obj
 0001:00018070       ___pwctype_func            10019070 f   LIBCMTD:ctype.obj
 0001:00018080       ___pctype_func             10019080 f   LIBCMTD:ctype.obj
 0001:000180d0       ___init_time               100190d0 f   LIBCMTD:inittime.obj
 0001:000187f0       ___free_lc_time            100197f0 f   LIBCMTD:inittime.obj
 0001:00018b00       ___init_numeric            10019b00 f   LIBCMTD:initnum.obj
 0001:00018e50       ___free_lconv_num          10019e50 f   LIBCMTD:initnum.obj
 0001:00018ec0       ___init_monetary           10019ec0 f   LIBCMTD:initmon.obj
 0001:000193c0       ___free_lconv_mon          1001a3c0 f   LIBCMTD:initmon.obj
 0001:000194b0       ___init_ctype              1001a4b0 f   LIBCMTD:initctyp.obj
 0001:00019a60       ____mb_cur_max_func        1001aa60 f   LIBCMTD:initctyp.obj
 0001:00019ab0       ____mb_cur_max_l_func      1001aab0 f   LIBCMTD:initctyp.obj
 0001:00019ae0       ____lc_codepage_func       1001aae0 f   LIBCMTD:initctyp.obj
 0001:00019b30       ____lc_collate_cp_func     1001ab30 f   LIBCMTD:initctyp.obj
 0001:00019b80       ____lc_handle_func         1001ab80 f   LIBCMTD:initctyp.obj
 0001:00019bd0       ___init_collate            1001abd0 f   LIBCMTD:initcoll.obj
 0001:00019be0       __Getdays_l                1001abe0 f   LIBCMTD:strftime.obj
 0001:00019da0       __Getdays                  1001ada0 f   LIBCMTD:strftime.obj
 0001:00019db0       __Getmonths_l              1001adb0 f   LIBCMTD:strftime.obj
 0001:00019f70       __Getmonths                1001af70 f   LIBCMTD:strftime.obj
 0001:00019f80       __Gettnames_l              1001af80 f   LIBCMTD:strftime.obj
 0001:0001a4f0       __Gettnames                1001b4f0 f   LIBCMTD:strftime.obj
 0001:0001a500       __strftime_l               1001b500 f   LIBCMTD:strftime.obj
 0001:0001a530       _strftime                  1001b530 f   LIBCMTD:strftime.obj
 0001:0001a560       __Strftime                 1001b560 f   LIBCMTD:strftime.obj
 0001:0001a590       __Strftime_l               1001b590 f   LIBCMTD:strftime.obj
 0001:0001c6b0       _localeconv                1001d6b0 f   LIBCMTD:lconv.obj
 0001:0001c700       _strcmp                    1001d700 f   LIBCMTD:strcmp.obj
 0001:0001c790       _strncpy_s                 1001d790 f   LIBCMTD:strncpy_s.obj
 0001:0001cb80       _strcspn                   1001db80 f   LIBCMTD:strcspn.obj
 0001:0001cbd0       _strncmp                   1001dbd0 f   LIBCMTD:strncmp.obj
 0001:0001cd40       _strpbrk                   1001dd40 f   LIBCMTD:strpbrk.obj
 0001:0001cd80       _memcmp                    1001dd80 f   LIBCMTD:memcmp.obj
 0001:0001d7f0       ___get_qualified_locale    1001e7f0 f   LIBCMTD:getqloc.obj
 0001:0001e660       __isleadbyte_l             1001f660 f i LIBCMTD:_wctype.obj
 0001:0001e6b0       _isleadbyte                1001f6b0 f i LIBCMTD:_wctype.obj
 0001:0001e6d0       __iswalpha_l               1001f6d0 f i LIBCMTD:_wctype.obj
 0001:0001e6f0       _iswalpha                  1001f6f0 f i LIBCMTD:_wctype.obj
 0001:0001e710       __iswupper_l               1001f710 f i LIBCMTD:_wctype.obj
 0001:0001e730       _iswupper                  1001f730 f i LIBCMTD:_wctype.obj
 0001:0001e750       __iswlower_l               1001f750 f i LIBCMTD:_wctype.obj
 0001:0001e770       _iswlower                  1001f770 f i LIBCMTD:_wctype.obj
 0001:0001e790       __iswdigit_l               1001f790 f i LIBCMTD:_wctype.obj
 0001:0001e7b0       _iswdigit                  1001f7b0 f i LIBCMTD:_wctype.obj
 0001:0001e7d0       __iswxdigit_l              1001f7d0 f i LIBCMTD:_wctype.obj
 0001:0001e7f0       _iswxdigit                 1001f7f0 f i LIBCMTD:_wctype.obj
 0001:0001e810       __iswspace_l               1001f810 f i LIBCMTD:_wctype.obj
 0001:0001e830       _iswspace                  1001f830 f i LIBCMTD:_wctype.obj
 0001:0001e850       __iswpunct_l               1001f850 f i LIBCMTD:_wctype.obj
 0001:0001e870       _iswpunct                  1001f870 f i LIBCMTD:_wctype.obj
 0001:0001e890       __iswalnum_l               1001f890 f i LIBCMTD:_wctype.obj
 0001:0001e8b0       _iswalnum                  1001f8b0 f i LIBCMTD:_wctype.obj
 0001:0001e8d0       __iswprint_l               1001f8d0 f i LIBCMTD:_wctype.obj
 0001:0001e8f0       _iswprint                  1001f8f0 f i LIBCMTD:_wctype.obj
 0001:0001e910       __iswgraph_l               1001f910 f i LIBCMTD:_wctype.obj
 0001:0001e930       _iswgraph                  1001f930 f i LIBCMTD:_wctype.obj
 0001:0001e950       __iswcntrl_l               1001f950 f i LIBCMTD:_wctype.obj
 0001:0001e970       _iswcntrl                  1001f970 f i LIBCMTD:_wctype.obj
 0001:0001e990       _iswascii                  1001f990 f i LIBCMTD:_wctype.obj
 0001:0001e9b0       __iswcsym_l                1001f9b0 f i LIBCMTD:_wctype.obj
 0001:0001e9f0       ___iswcsym                 1001f9f0 f i LIBCMTD:_wctype.obj
 0001:0001ea30       __iswcsymf_l               1001fa30 f i LIBCMTD:_wctype.obj
 0001:0001ea70       ___iswcsymf                1001fa70 f i LIBCMTD:_wctype.obj
 0001:0001eab0       ___report_gsfailure        1001fab0 f   LIBCMTD:gs_report.obj
 0001:0001ebc0       __VEC_memcpy               1001fbc0 f   LIBCMTD:p4_memcpy.obj
 0001:0001ed40       __lseeki64                 1001fd40 f   LIBCMTD:lseeki64.obj
 0001:0001ef90       __lseeki64_nolock          1001ff90 f   LIBCMTD:lseeki64.obj
 0001:0001f080       __write                    10020080 f   LIBCMTD:write.obj
 0001:0001f2a0       __write_nolock             100202a0 f   LIBCMTD:write.obj
 0001:0001fcc0       __getbuf                   10020cc0 f   LIBCMTD:_getbuf.obj
 0001:0001fd80       __isatty                   10020d80 f   LIBCMTD:isatty.obj
 0001:0001fe60       ___iob_func                10020e60 f   LIBCMTD:_file.obj
 0001:0001fe70       ___initstdio               10020e70 f   LIBCMTD:_file.obj
 0001:0001ffc0       ___endstdio                10020fc0 f   LIBCMTD:_file.obj
 0001:0001fff0       __lock_file                10020ff0 f   LIBCMTD:_file.obj
 0001:00020030       __lock_file2               10021030 f   LIBCMTD:_file.obj
 0001:00020060       __unlock_file              10021060 f   LIBCMTD:_file.obj
 0001:000200a0       __unlock_file2             100210a0 f   LIBCMTD:_file.obj
 0001:000200d0       __fileno                   100210d0 f   LIBCMTD:fileno.obj
 0001:00020140       _printf                    10021140 f   LIBCMTD:printf.obj
 0001:00020280       __printf_l                 10021280 f   LIBCMTD:printf.obj
 0001:000202b0       __printf_s_l               100212b0 f   LIBCMTD:printf.obj
 0001:000202e0       _printf_s                  100212e0 f   LIBCMTD:printf.obj
 0001:00020300       __printf_p_l               10021300 f   LIBCMTD:printf.obj
 0001:00020330       __printf_p                 10021330 f   LIBCMTD:printf.obj
 0001:00020350       __set_printf_count_output  10021350 f   LIBCMTD:printf.obj
 0001:000203a0       __get_printf_count_output  100213a0 f   LIBCMTD:printf.obj
 0001:000203c0       __wctomb_s_l               100213c0 f   LIBCMTD:wctomb.obj
 0001:000206c0       _wctomb_s                  100216c0 f   LIBCMTD:wctomb.obj
 0001:000206e0       __wctomb_l                 100216e0 f   LIBCMTD:wctomb.obj
 0001:00020760       _wctomb                    10021760 f   LIBCMTD:wctomb.obj
 0001:000207b0       __aulldiv                  100217b0 f   LIBCMTD:ulldiv.obj
 0001:00020820       __aullrem                  10021820 f   LIBCMTD:ullrem.obj
 0001:000208a0       __validate_param_reuseA    100218a0 f   LIBCMTD:outputp.obj
 0001:00020b10       __output_p_l               10021b10 f   LIBCMTD:outputp.obj
 0001:000246f0       _get_crtdouble_arg         100256f0 f i LIBCMTD:outputp.obj
 0001:00024710       __output_s_l               10025710 f   LIBCMTD:outputs.obj
 0001:00025cc0       __get_sse2_info            10026cc0 f   LIBCMTD:cpu_disp.obj
 0001:00025de0       ___sse2_available_init     10026de0 f   LIBCMTD:cpu_disp.obj
 0001:00025e00       __ismbbkalnum_l            10026e00 f   LIBCMTD:ismbbyte.obj
 0001:00025e20       __ismbbkalnum              10026e20 f   LIBCMTD:ismbbyte.obj
 0001:00025e40       __ismbbkprint_l            10026e40 f   LIBCMTD:ismbbyte.obj
 0001:00025e60       __ismbbkprint              10026e60 f   LIBCMTD:ismbbyte.obj
 0001:00025e80       __ismbbkpunct_l            10026e80 f   LIBCMTD:ismbbyte.obj
 0001:00025ea0       __ismbbkpunct              10026ea0 f   LIBCMTD:ismbbyte.obj
 0001:00025ec0       __ismbbalnum_l             10026ec0 f   LIBCMTD:ismbbyte.obj
 0001:00025ee0       __ismbbalnum               10026ee0 f   LIBCMTD:ismbbyte.obj
 0001:00025f00       __ismbbalpha_l             10026f00 f   LIBCMTD:ismbbyte.obj
 0001:00025f20       __ismbbalpha               10026f20 f   LIBCMTD:ismbbyte.obj
 0001:00025f40       __ismbbgraph_l             10026f40 f   LIBCMTD:ismbbyte.obj
 0001:00025f60       __ismbbgraph               10026f60 f   LIBCMTD:ismbbyte.obj
 0001:00025f80       __ismbbprint_l             10026f80 f   LIBCMTD:ismbbyte.obj
 0001:00025fa0       __ismbbprint               10026fa0 f   LIBCMTD:ismbbyte.obj
 0001:00025fc0       __ismbbpunct_l             10026fc0 f   LIBCMTD:ismbbyte.obj
 0001:00025fe0       __ismbbpunct               10026fe0 f   LIBCMTD:ismbbyte.obj
 0001:00026000       __ismbblead_l              10027000 f   LIBCMTD:ismbbyte.obj
 0001:00026020       __ismbblead                10027020 f   LIBCMTD:ismbbyte.obj
 0001:00026040       __ismbbtrail_l             10027040 f   LIBCMTD:ismbbyte.obj
 0001:00026060       __ismbbtrail               10027060 f   LIBCMTD:ismbbyte.obj
 0001:00026080       __ismbbkana_l              10027080 f   LIBCMTD:ismbbyte.obj
 0001:000260f0       __ismbbkana                100270f0 f   LIBCMTD:ismbbyte.obj
 0001:000261d0       __set_error_mode           100271d0 f   LIBCMTD:errmode.obj
 0001:00026290       ___set_app_type            10027290 f   LIBCMTD:errmode.obj
 0001:000262a0       ___get_app_type            100272a0 f   LIBCMTD:errmode.obj
 0001:000262b0       __mbstowcs_l_helper        100272b0 f   LIBCMTD:mbstowcs.obj
 0001:00026660       __mbstowcs_l               10027660 f   LIBCMTD:mbstowcs.obj
 0001:00026680       _mbstowcs                  10027680 f   LIBCMTD:mbstowcs.obj
 0001:000266d0       __mbstowcs_s_l             100276d0 f   LIBCMTD:mbstowcs.obj
 0001:000269d0       _mbstowcs_s                100279d0 f   LIBCMTD:mbstowcs.obj
 0001:00026a00       __itoa_s                   10027a00 f   LIBCMTD:xtoas.obj
 0001:00026dc0       __ltoa_s                   10027dc0 f   LIBCMTD:xtoas.obj
 0001:00026e00       __ultoa_s                  10027e00 f   LIBCMTD:xtoas.obj
 0001:00026e20       __i64toa_s                 10027e20 f   LIBCMTD:xtoas.obj
 0001:00027220       __ui64toa_s                10028220 f   LIBCMTD:xtoas.obj
 0001:00027240       _wcscat_s                  10028240 f   LIBCMTD:wcscat_s.obj
 0001:00027630       __vswprintf_helper         10028630 f   LIBCMTD:vswprnc.obj
 0001:00027860       __vswprintf_c              10028860 f   LIBCMTD:vswprnc.obj
 0001:000278b0       __vswprintf_c_l            100288b0 f   LIBCMTD:vswprnc.obj
 0001:00027900       __vswprintf_s_l            10028900 f   LIBCMTD:vswprnc.obj
 0001:00027b70       _vswprintf_s               10028b70 f   LIBCMTD:vswprnc.obj
 0001:00027b90       __vsnwprintf_s_l           10028b90 f   LIBCMTD:vswprnc.obj
 0001:00027f40       __vsnwprintf_s             10028f40 f   LIBCMTD:vswprnc.obj
 0001:00027f70       __vswprintf_p              10028f70 f   LIBCMTD:vswprnc.obj
 0001:00027fc0       __vswprintf_p_l            10028fc0 f   LIBCMTD:vswprnc.obj
 0001:00028010       __itow_s                   10029010 f   LIBCMTD:xtows.obj
 0001:000283f0       __ltow_s                   100293f0 f   LIBCMTD:xtows.obj
 0001:00028430       __ultow_s                  10029430 f   LIBCMTD:xtows.obj
 0001:00028450       __i64tow_s                 10029450 f   LIBCMTD:xtows.obj
 0001:00028860       __ui64tow_s                10029860 f   LIBCMTD:xtows.obj
 0001:00028880       __mbsnbcpy_s_l             10029880 f   LIBCMTD:mbsnbcpy_s_l.obj
 0001:00028f00       __woutput_l                10029f00 f   LIBCMTD:woutput.obj
 0001:0002a0d0       __vswprintf_l              1002b0d0 f   LIBCMTD:vswprint.obj
 0001:0002a2a0       __vswprintf                1002b2a0 f   LIBCMTD:vswprint.obj
 0001:0002a2c0       ___vswprintf_l             1002b2c0 f   LIBCMTD:vswprint.obj
 0001:0002a2e0       __vscwprintf_helper        1002b2e0 f   LIBCMTD:vswprint.obj
 0001:0002a3a0       __vscwprintf               1002b3a0 f   LIBCMTD:vswprint.obj
 0001:0002a3c0       __vscwprintf_l             1002b3c0 f   LIBCMTD:vswprint.obj
 0001:0002a3e0       __vscwprintf_p             1002b3e0 f   LIBCMTD:vswprint.obj
 0001:0002a400       __vscwprintf_p_l           1002b400 f   LIBCMTD:vswprint.obj
 0001:0002a420       __global_unwind2           1002b420 f   LIBCMTD:exsup.obj
 0001:0002a485       __local_unwind2            1002b485 f   LIBCMTD:exsup.obj
 0001:0002a509       __abnormal_termination     1002b509 f   LIBCMTD:exsup.obj
 0001:0002a52c       __NLG_Notify1              1002b52c f   LIBCMTD:exsup.obj
 0001:0002a535       __NLG_Notify               1002b535 f   LIBCMTD:exsup.obj
 0001:0002a54c       __NLG_Dispatch             1002b54c     LIBCMTD:exsup.obj
 0001:0002a54c       __NLG_Dispatch2            1002b54c     LIBCMTD:exsup.obj
 0001:0002a554       __NLG_Call                 1002b554 f   LIBCMTD:exsup.obj
 0001:0002a556       __NLG_Return2              1002b556     LIBCMTD:exsup.obj
 0001:0002a560       __fptrap                   1002b560 f   LIBCMTD:crt0fp.obj
 0001:0002a570       _abort                     1002b570 f   LIBCMTD:abort.obj
 0001:0002a6b0       __set_abort_behavior       1002b6b0 f   LIBCMTD:abort.obj
 0001:0002a6e0       __isalpha_l                1002b6e0 f i LIBCMTD:_ctype.obj
 0001:0002a770       _isalpha                   1002b770 f i LIBCMTD:_ctype.obj
 0001:0002a7b0       __isupper_l                1002b7b0 f i LIBCMTD:_ctype.obj
 0001:0002a830       _isupper                   1002b830 f i LIBCMTD:_ctype.obj
 0001:0002a860       __islower_l                1002b860 f i LIBCMTD:_ctype.obj
 0001:0002a8e0       _islower                   1002b8e0 f i LIBCMTD:_ctype.obj
 0001:0002a910       __isdigit_l                1002b910 f i LIBCMTD:_ctype.obj
 0001:0002a990       _isdigit                   1002b990 f i LIBCMTD:_ctype.obj
 0001:0002a9c0       __isxdigit_l               1002b9c0 f i LIBCMTD:_ctype.obj
 0001:0002aa50       _isxdigit                  1002ba50 f i LIBCMTD:_ctype.obj
 0001:0002aa90       __isspace_l                1002ba90 f i LIBCMTD:_ctype.obj
 0001:0002ab10       _isspace                   1002bb10 f i LIBCMTD:_ctype.obj
 0001:0002ab40       __ispunct_l                1002bb40 f i LIBCMTD:_ctype.obj
 0001:0002abc0       _ispunct                   1002bbc0 f i LIBCMTD:_ctype.obj
 0001:0002abf0       __isalnum_l                1002bbf0 f i LIBCMTD:_ctype.obj
 0001:0002ac80       _isalnum                   1002bc80 f i LIBCMTD:_ctype.obj
 0001:0002acc0       __isprint_l                1002bcc0 f i LIBCMTD:_ctype.obj
 0001:0002ad50       _isprint                   1002bd50 f i LIBCMTD:_ctype.obj
 0001:0002ad90       __isgraph_l                1002bd90 f i LIBCMTD:_ctype.obj
 0001:0002ae20       _isgraph                   1002be20 f i LIBCMTD:_ctype.obj
 0001:0002ae60       __iscntrl_l                1002be60 f i LIBCMTD:_ctype.obj
 0001:0002aee0       _iscntrl                   1002bee0 f i LIBCMTD:_ctype.obj
 0001:0002af10       ___isascii                 1002bf10 f i LIBCMTD:_ctype.obj
 0001:0002af20       ___toascii                 1002bf20 f i LIBCMTD:_ctype.obj
 0001:0002af30       __iscsymf_l                1002bf30 f i LIBCMTD:_ctype.obj
 0001:0002af70       ___iscsymf                 1002bf70 f i LIBCMTD:_ctype.obj
 0001:0002afb0       __iscsym_l                 1002bfb0 f i LIBCMTD:_ctype.obj
 0001:0002aff0       ___iscsym                  1002bff0 f i LIBCMTD:_ctype.obj
 0001:0002b030       ___crtGetLocaleInfoW       1002c030 f   LIBCMTD:w_loc.obj
 0001:0002b200       ___crtGetLocaleInfoA       1002c200 f   LIBCMTD:a_loc.obj
 0001:0002b3e0       ___InternalCxxFrameHandler 1002c3e0 f   LIBCMTD:frame.obj
 0001:0002b9d0       ??0bad_exception@std@@QAE@PBD@Z 1002c9d0 f i LIBCMTD:frame.obj
 0001:0002ba00       ??1bad_exception@std@@UAE@XZ 1002ca00 f i LIBCMTD:frame.obj
 0001:0002ba20       ??_Gbad_exception@std@@UAEPAXI@Z 1002ca20 f i LIBCMTD:frame.obj
 0001:0002ba20       ??_Ebad_exception@std@@UAEPAXI@Z 1002ca20 f i LIBCMTD:frame.obj
 0001:0002ba50       ??0bad_exception@std@@QAE@ABV01@@Z 1002ca50 f i LIBCMTD:frame.obj
 0001:0002bc00       ___TypeMatch               1002cc00 f   LIBCMTD:frame.obj
 0001:0002bcb0       ___FrameUnwindFilter       1002ccb0 f   LIBCMTD:frame.obj
 0001:0002bd20       ___FrameUnwindToState      1002cd20 f   LIBCMTD:frame.obj
 0001:0002c260       ___BuildCatchObjectHelper  1002d260 f   LIBCMTD:frame.obj
 0001:0002c4d0       ___BuildCatchObject        1002d4d0 f   LIBCMTD:frame.obj
 0001:0002c5e0       ___DestructExceptionObject 1002d5e0 f   LIBCMTD:frame.obj
 0001:0002c690       ___AdjustPointer           1002d690 f   LIBCMTD:frame.obj
 0001:0002c6e0       ?__uncaught_exception@@YA_NXZ 1002d6e0 f   LIBCMTD:frame.obj
 0001:0002c700       ___CxxExceptionFilter      1002d700 f   LIBCMTD:frame.obj
 0001:0002c8f0       ___CxxRegisterExceptionObject 1002d8f0 f   LIBCMTD:frame.obj
 0001:0002ca20       ___CxxDetectRethrow        1002da20 f   LIBCMTD:frame.obj
 0001:0002caa0       ___CxxUnregisterExceptionObject 1002daa0 f   LIBCMTD:frame.obj
 0001:0002cc20       ___CxxQueryExceptionSize   1002dc20 f   LIBCMTD:frame.obj
 0001:0002cc30       ___CxxCallUnwindDtor       1002dc30 f   LIBCMTD:frame.obj
 0001:0002ccb0       ___CxxCallUnwindDelDtor    1002dcb0 f   LIBCMTD:frame.obj
 0001:0002cd30       ___CxxCallUnwindStdDelDtor 1002dd30 f   LIBCMTD:frame.obj
 0001:0002cdb0       ___CxxCallUnwindVecDtor    1002ddb0 f   LIBCMTD:frame.obj
 0001:0002cfd0       ?_is_exception_typeof@@YAHABVtype_info@@PAU_EXCEPTION_POINTERS@@@Z 1002dfd0 f   LIBCMTD:frame.obj
 0001:0002d0b0       __CallSettingFrame@12      1002e0b0 f   LIBCMTD:lowhelpr.obj
 0001:0002d0d7       __NLG_Return               1002e0d7     LIBCMTD:lowhelpr.obj
 0001:0002d100       ___ansicp                  1002e100 f   LIBCMTD:convrtcp.obj
 0001:0002d160       ___convertcp               1002e160 f   LIBCMTD:convrtcp.obj
 0001:0002d3a0       __get_daylight             1002e3a0 f   LIBCMTD:timeset.obj
 0001:0002d420       __get_dstbias              1002e420 f   LIBCMTD:timeset.obj
 0001:0002d4a0       __get_timezone             1002e4a0 f   LIBCMTD:timeset.obj
 0001:0002d520       __get_tzname               1002e520 f   LIBCMTD:timeset.obj
 0001:0002d6f0       ___daylight                1002e6f0 f   LIBCMTD:timeset.obj
 0001:0002d700       ___dstbias                 1002e700 f   LIBCMTD:timeset.obj
 0001:0002d710       ___timezone                1002e710 f   LIBCMTD:timeset.obj
 0001:0002d720       ___tzname                  1002e720 f   LIBCMTD:timeset.obj
 0001:0002d730       ___tzset                   1002e730 f   LIBCMTD:tzset.obj
 0001:0002d7c0       __tzset                    1002e7c0 f   LIBCMTD:tzset.obj
 0001:0002dd70       __set_daylight             1002ed70 f i LIBCMTD:tzset.obj
 0001:0002dd80       __set_dstbias              1002ed80 f i LIBCMTD:tzset.obj
 0001:0002dd90       __set_timezone             1002ed90 f i LIBCMTD:tzset.obj
 0001:0002dda0       __isindst                  1002eda0 f   LIBCMTD:tzset.obj
 0001:0002e400       __stricmp_l                1002f400 f   LIBCMTD:stricmp.obj
 0001:0002e5b0       ___ascii_stricmp           1002f5b0 f   LIBCMTD:stricmp.obj
 0001:0002e620       __stricmp                  1002f620 f   LIBCMTD:stricmp.obj
 0001:0002e730       __strnicmp_l               1002f730 f   LIBCMTD:strnicmp.obj
 0001:0002e970       __strnicmp                 1002f970 f   LIBCMTD:strnicmp.obj
 0001:0002eb00       _atol                      1002fb00 f   LIBCMTD:atox.obj
 0001:0002eb20       __atol_l                   1002fb20 f   LIBCMTD:atox.obj
 0001:0002eb40       _atoi                      1002fb40 f   LIBCMTD:atox.obj
 0001:0002eb60       __atoi_l                   1002fb60 f   LIBCMTD:atox.obj
 0001:0002eb80       __atoi64                   1002fb80 f   LIBCMTD:atox.obj
 0001:0002eba0       __atoi64_l                 1002fba0 f   LIBCMTD:atox.obj
 0001:0002ebc0       __iswctype_l               1002fbc0 f   LIBCMTD:iswctype.obj
 0001:0002ec70       _iswctype                  1002fc70 f   LIBCMTD:iswctype.obj
 0001:0002ed00       _is_wctype                 1002fd00 f   LIBCMTD:iswctype.obj
 0001:0002ed20       __alloc_osfhnd             1002fd20 f   LIBCMTD:osfinfo.obj
 0001:0002efd0       __set_osfhnd               1002ffd0 f   LIBCMTD:osfinfo.obj
 0001:0002f0a0       __free_osfhnd              100300a0 f   LIBCMTD:osfinfo.obj
 0001:0002f190       __get_osfhandle            10030190 f   LIBCMTD:osfinfo.obj
 0001:0002f2f0       __open_osfhandle           100302f0 f   LIBCMTD:osfinfo.obj
 0001:0002f520       ___lock_fhandle            10030520 f   LIBCMTD:osfinfo.obj
 0001:0002f620       __unlock_fhandle           10030620 f   LIBCMTD:osfinfo.obj
 0001:0002f650       __putwch                   10030650 f   LIBCMTD:putwch.obj
 0001:0002f6e0       __putwch_nolock            100306e0 f   LIBCMTD:putwch.obj
 0001:0002f7e0       __cputws                   100307e0 f   LIBCMTD:putwch.obj
 0001:0002f920       __mbtowc_l                 10030920 f   LIBCMTD:mbtowc.obj
 0001:0002fb40       _mbtowc                    10030b40 f   LIBCMTD:mbtowc.obj
 0001:0002fb60       _DebuggerKnownHandle       10030b60 f   LIBCMTD:error.obj
 0001:0002fc00       ?_RTC_Failure@@YAXPAXH@Z   10030c00 f   LIBCMTD:error.obj
 0001:0002ff30       ?_RTC_StackFailure@@YAXPAXPBD@Z 10030f30 f   LIBCMTD:error.obj
 0001:00030050       ?_RTC_AllocaFailure@@YAXPAXPAU_RTC_ALLOCA_NODE@@H@Z 10031050 f   LIBCMTD:error.obj
 0001:00030210       __RTC_UninitUse            10031210 f   LIBCMTD:error.obj
 0001:00030320       __fcloseall                10031320 f   LIBCMTD:closeall.obj
 0001:00030450       _fflush                    10031450 f   LIBCMTD:fflush.obj
 0001:000304f0       __fflush_nolock            100314f0 f   LIBCMTD:fflush.obj
 0001:00030550       __flush                    10031550 f   LIBCMTD:fflush.obj
 0001:00030610       __flushall                 10031610 f   LIBCMTD:fflush.obj
 0001:000307c0       __stbuf                    100317c0 f   LIBCMTD:_sftbuf.obj
 0001:00030920       __ftbuf                    10031920 f   LIBCMTD:_sftbuf.obj
 0001:000309b0       _vprintf_helper            100319b0 f   LIBCMTD:vprintf.obj
 0001:00030ad0       __vprintf_l                10031ad0 f   LIBCMTD:vprintf.obj
 0001:00030af0       __vprintf_s_l              10031af0 f   LIBCMTD:vprintf.obj
 0001:00030b10       __vprintf_p_l              10031b10 f   LIBCMTD:vprintf.obj
 0001:00030b30       _vprintf                   10031b30 f   LIBCMTD:vprintf.obj
 0001:00030b50       _vprintf_s                 10031b50 f   LIBCMTD:vprintf.obj
 0001:00030b70       __vprintf_p                10031b70 f   LIBCMTD:vprintf.obj
 0001:00030b90       _strtol                    10031b90 f   LIBCMTD:strtol.obj
 0001:000310c0       __strtol_l                 100320c0 f   LIBCMTD:strtol.obj
 0001:000310e0       _strtoul                   100320e0 f   LIBCMTD:strtol.obj
 0001:00031130       __strtoul_l                10032130 f   LIBCMTD:strtol.obj
 0001:00031150       __woutput_s_l              10032150 f   LIBCMTD:woutputs.obj
 0001:00032450       __validate_param_reuseW    10033450 f   LIBCMTD:woutputp.obj
 0001:000326c0       __woutput_p_l              100336c0 f   LIBCMTD:woutputp.obj
 0001:00035df0       _fputwc                    10036df0 f   LIBCMTD:fputwc.obj
 0001:00035ef0       __fputwc_nolock            10036ef0 f   LIBCMTD:fputwc.obj
 0001:000362d0       _putwc                     100372d0 f   LIBCMTD:fputwc.obj
 0001:000362f0       ?__CxxUnhandledExceptionFilter@@YGJPAU_EXCEPTION_POINTERS@@@Z 100372f0 f   LIBCMTD:unhandld.obj
 0001:000363a0       ?__CxxSetUnhandledExceptionFilter@@YAHXZ 100373a0 f   LIBCMTD:unhandld.obj
 0001:000363d0       ?__CxxRestoreUnhandledExceptionFilter@@YAXXZ 100373d0 f   LIBCMTD:unhandld.obj
 0001:00036410       ?_ValidateRead@@YAHPBXI@Z  10037410 f   LIBCMTD:validate.obj
 0001:00036430       ?_ValidateWrite@@YAHPAXI@Z 10037430 f   LIBCMTD:validate.obj
 0001:00036450       ?_ValidateExecute@@YAHP6GHXZ@Z 10037450 f   LIBCMTD:validate.obj
 0001:00036470       __CxxThrowException@8      10037470 f   LIBCMTD:throw.obj
 0001:000364d0       ?name@type_info@@QBEPBDPAU__type_info_node@@@Z 100374d0 f   LIBCMTD:typinfo.obj
 0001:000364f0       ??1type_info@@UAE@XZ       100374f0 f   LIBCMTD:typinfo.obj
 0001:00036510       ??_Gtype_info@@UAEPAXI@Z   10037510 f i LIBCMTD:typinfo.obj
 0001:00036510       ??_Etype_info@@UAEPAXI@Z   10037510 f i LIBCMTD:typinfo.obj
 0001:00036540       ?_name_internal_method@type_info@@QBEPBDPAU__type_info_node@@@Z 10037540 f   LIBCMTD:typinfo.obj
 0001:00036560       ?_type_info_dtor_internal_method@type_info@@QAEXXZ 10037560 f   LIBCMTD:typinfo.obj
 0001:00036580       ??8type_info@@QBE_NABV0@@Z 10037580 f   LIBCMTD:typinfo.obj
 0001:000365b0       ??9type_info@@QBE_NABV0@@Z 100375b0 f   LIBCMTD:typinfo.obj
 0001:000365e0       ?before@type_info@@QBEHABV1@@Z 100375e0 f   LIBCMTD:typinfo.obj
 0001:00036610       ?raw_name@type_info@@QBEPBDXZ 10037610 f   LIBCMTD:typinfo.obj
 0001:00036630       ??0type_info@@AAE@ABV0@@Z  10037630 f   LIBCMTD:typinfo.obj
 0001:00036650       ??4type_info@@AAEAAV0@ABV0@@Z 10037650 f   LIBCMTD:typinfo.obj
 0001:00036660       ??0exception@std@@QAE@XZ   10037660 f   LIBCMTD:stdexcpt.obj
 0001:00036690       ??_Gexception@std@@UAEPAXI@Z 10037690 f i LIBCMTD:stdexcpt.obj
 0001:00036690       ??_Eexception@std@@UAEPAXI@Z 10037690 f i LIBCMTD:stdexcpt.obj
 0001:000366c0       ??0exception@std@@QAE@ABQBD@Z 100376c0 f   LIBCMTD:stdexcpt.obj
 0001:00036750       ??0exception@std@@QAE@ABQBDH@Z 10037750 f   LIBCMTD:stdexcpt.obj
 0001:00036780       ??0exception@std@@QAE@ABV01@@Z 10037780 f   LIBCMTD:stdexcpt.obj
 0001:00036820       ??4exception@std@@QAEAAV01@ABV01@@Z 10037820 f   LIBCMTD:stdexcpt.obj
 0001:000368c0       ??1exception@std@@UAE@XZ   100378c0 f   LIBCMTD:stdexcpt.obj
 0001:000368f0       ?what@exception@std@@UBEPBDXZ 100378f0 f   LIBCMTD:stdexcpt.obj
 0001:00036920       ??0bad_cast@std@@QAE@PBD@Z 10037920 f   LIBCMTD:stdexcpt.obj
 0001:00036950       ??_Ebad_cast@std@@UAEPAXI@Z 10037950 f i LIBCMTD:stdexcpt.obj
 0001:00036950       ??_Gbad_cast@std@@UAEPAXI@Z 10037950 f i LIBCMTD:stdexcpt.obj
 0001:00036980       ??0bad_cast@std@@QAE@ABV01@@Z 10037980 f   LIBCMTD:stdexcpt.obj
 0001:000369b0       ??1bad_cast@std@@UAE@XZ    100379b0 f   LIBCMTD:stdexcpt.obj
 0001:000369d0       ??0bad_typeid@std@@QAE@PBD@Z 100379d0 f   LIBCMTD:stdexcpt.obj
 0001:00036a00       ??_Ebad_typeid@std@@UAEPAXI@Z 10037a00 f i LIBCMTD:stdexcpt.obj
 0001:00036a00       ??_Gbad_typeid@std@@UAEPAXI@Z 10037a00 f i LIBCMTD:stdexcpt.obj
 0001:00036a30       ??0bad_typeid@std@@QAE@ABV01@@Z 10037a30 f   LIBCMTD:stdexcpt.obj
 0001:00036a60       ??1bad_typeid@std@@UAE@XZ  10037a60 f   LIBCMTD:stdexcpt.obj
 0001:00036a80       ??0__non_rtti_object@std@@QAE@PBD@Z 10037a80 f   LIBCMTD:stdexcpt.obj
 0001:00036ab0       ??_E__non_rtti_object@std@@UAEPAXI@Z 10037ab0 f i LIBCMTD:stdexcpt.obj
 0001:00036ab0       ??_G__non_rtti_object@std@@UAEPAXI@Z 10037ab0 f i LIBCMTD:stdexcpt.obj
 0001:00036ae0       ??0__non_rtti_object@std@@QAE@ABV01@@Z 10037ae0 f   LIBCMTD:stdexcpt.obj
 0001:00036b10       ??1__non_rtti_object@std@@UAE@XZ 10037b10 f   LIBCMTD:stdexcpt.obj
 0001:00036b30       ??3@YAXPAX@Z               10037b30 f   LIBCMTD:dbgdel.obj
 0001:00036c20       _getenv                    10037c20 f   LIBCMTD:getenv.obj
 0001:00036d70       __getenv_helper_nolock     10037d70 f   LIBCMTD:getenv.obj
 0001:00036e90       _getenv_s                  10037e90 f   LIBCMTD:getenv.obj
 0001:000370c0       __dupenv_s                 100380c0 f   LIBCMTD:getenv.obj
 0001:000370e0       __dupenv_s_dbg             100380e0 f   LIBCMTD:getenv.obj
 0001:00037330       __tolower                  10038330 f   LIBCMTD:tolower.obj
 0001:00037340       __tolower_l                10038340 f   LIBCMTD:tolower.obj
 0001:00037520       _tolower                   10038520 f   LIBCMTD:tolower.obj
 0001:00037570       ___ascii_strnicmp          10038570 f   LIBCMTD:_strnicm.obj
 0001:000375e0       __strtoi64                 100385e0 f   LIBCMTD:strtoq.obj
 0001:00037b50       __strtoi64_l               10038b50 f   LIBCMTD:strtoq.obj
 0001:00037b70       __strtoui64                10038b70 f   LIBCMTD:strtoq.obj
 0001:00037bc0       __strtoui64_l              10038bc0 f   LIBCMTD:strtoq.obj
 0001:00037be0       ___crtGetStringTypeW       10038be0 f   LIBCMTD:w_str.obj
 0001:00037ee0       ___initconin               10038ee0 f   LIBCMTD:initcon.obj
 0001:00037f10       ___initconout              10038f10 f   LIBCMTD:initcon.obj
 0001:00037f40       ___termcon                 10038f40 f   LIBCMTD:initcon.obj
 0001:00037f90       ?_RTC_GetSrcLine@@YAHPAEPA_WKPAH1K@Z 10038f90 f   LIBCMTD:pdblkup.obj
 0001:00038420       __RTC_NumErrors            10039420 f   LIBCMTD:userapi.obj
 0001:00038430       __RTC_GetErrDesc           10039430 f   LIBCMTD:userapi.obj
 0001:00038450       __RTC_SetErrorType         10039450 f   LIBCMTD:userapi.obj
 0001:00038480       __RTC_SetErrorFunc         10039480 f   LIBCMTD:userapi.obj
 0001:000384a0       __RTC_SetErrorFuncW        100394a0 f   LIBCMTD:userapi.obj
 0001:000384c0       ?_RTC_GetErrorFunc@@YAP6AHHPBDH00ZZPBX@Z 100394c0 f   LIBCMTD:userapi.obj
 0001:000384d0       ?_RTC_GetErrorFuncW@@YAP6AHHPB_WH00ZZPBX@Z 100394d0 f   LIBCMTD:userapi.obj
 0001:000384e0       _fclose                    100394e0 f   LIBCMTD:fclose.obj
 0001:000385f0       __fclose_nolock            100395f0 f   LIBCMTD:fclose.obj
 0001:000386f0       __commit                   100396f0 f   LIBCMTD:commit.obj
 0001:00038910       _wcstol                    10039910 f   LIBCMTD:wcstol.obj
 0001:00038d90       __wcstol_l                 10039d90 f   LIBCMTD:wcstol.obj
 0001:00038db0       _wcstoul                   10039db0 f   LIBCMTD:wcstol.obj
 0001:00038e00       __wcstoul_l                10039e00 f   LIBCMTD:wcstol.obj
 0001:00038e20       __flswbuf                  10039e20 f   LIBCMTD:_flswbuf.obj
 0001:00039100       ?_Type_info_dtor@type_info@@CAXPAV1@@Z 1003a100 f   LIBCMTD:typname.obj
 0001:00039210       ?_Name_base@type_info@@CAPBDPBV1@PAU__type_info_node@@@Z 1003a210 f   LIBCMTD:typname.obj
 0001:000393b0       ?_Type_info_dtor_internal@type_info@@CAXPAV1@@Z 1003a3b0 f   LIBCMTD:typname.obj
 0001:000394c0       ___unDNameHelper           1003a4c0 f   LIBCMTD:typname.obj
 0001:00039500       ?_Name_base_internal@type_info@@CAPBDPBV1@PAU__type_info_node@@@Z 1003a500 f   LIBCMTD:typname.obj
 0001:000396a0       ___clean_type_info_names_internal 1003a6a0 f   LIBCMTD:typname.obj
 0001:00039750       _strnlen                   1003a750 f   LIBCMTD:strlen_s.obj
 0001:00039790       __mbsnbicoll_l             1003a790 f   LIBCMTD:mbsnbico.obj
 0001:000399d0       __mbsnbicoll               1003a9d0 f   LIBCMTD:mbsnbico.obj
 0001:000399f0       ___wtomb_environ           1003a9f0 f   LIBCMTD:wtombenv.obj
 0001:00039ae0       __allmul                   1003aae0 f   LIBCMTD:llmul.obj
 0001:00039b20       __close                    1003ab20 f   LIBCMTD:close.obj
 0001:00039d30       __close_nolock             1003ad30 f   LIBCMTD:close.obj
 0001:00039e00       __freebuf                  1003ae00 f   LIBCMTD:_freebuf.obj
 0001:00039e90       __wchartodigit             1003ae90 f   LIBCMTD:wchtodig.obj
 0001:0003a1b0       ___unDName                 1003b1b0 f   LIBCMTD:undname.obj
 0001:0003a290       ?Constructor@HeapManager@@QAEXP6APAXI@ZP6AXPAX@Z@Z 1003b290 f i LIBCMTD:undname.obj
 0001:0003a2d0       ?Destructor@HeapManager@@QAEXXZ 1003b2d0 f i LIBCMTD:undname.obj
 0001:0003a320       ___unDNameEx               1003b320 f   LIBCMTD:undname.obj
 0001:0003a400       ??0UnDecorator@@QAE@PADPBDHP6APADJ@ZK@Z 1003b400 f i LIBCMTD:undname.obj
 0001:0003a4a0       ??BUnDecorator@@QAEPADXZ   1003b4a0 f i LIBCMTD:undname.obj
 0001:0003a6d0       ?dbGetString@DName@@QBEPADXZ 1003b6d0 f   LIBCMTD:undname.obj
 0001:0003a6f0       ?getDecoratedName@UnDecorator@@CA?AVDName@@XZ 1003b6f0 f   LIBCMTD:undname.obj
 0001:0003aa00       ?getSymbolName@UnDecorator@@CA?AVDName@@XZ 1003ba00 f i LIBCMTD:undname.obj
 0001:0003aa70       ?getZName@UnDecorator@@CA?AVDName@@_N@Z 1003ba70 f   LIBCMTD:undname.obj
 0001:0003ace0       ?getOperatorName@UnDecorator@@CA?AVDName@@_NPA_N@Z 1003bce0 f i LIBCMTD:undname.obj
 0001:0003b5f0       ?getStringEncoding@UnDecorator@@CA?AVDName@@PADH@Z 1003c5f0 f   LIBCMTD:undname.obj
 0001:0003b6f0       ?getScope@UnDecorator@@CA?AVDName@@XZ 1003c6f0 f   LIBCMTD:undname.obj
 0001:0003bad0       ?getSignedDimension@UnDecorator@@CA?AVDName@@XZ 1003cad0 f   LIBCMTD:undname.obj
 0001:0003bb50       ?getDimension@UnDecorator@@CA?AVDName@@_N@Z 1003cb50 f   LIBCMTD:undname.obj
 0001:0003be00       ?getNumberOfDimensions@UnDecorator@@CAHXZ 1003ce00 f   LIBCMTD:undname.obj
 0001:0003bf00       ?getTemplateName@UnDecorator@@CA?AVDName@@_N@Z 1003cf00 f   LIBCMTD:undname.obj
 0001:0003c0e0       ?getTemplateArgumentList@UnDecorator@@CA?AVDName@@XZ 1003d0e0 f   LIBCMTD:undname.obj
 0001:0003c360       ?getTemplateConstant@UnDecorator@@CA?AVDName@@XZ 1003d360 f   LIBCMTD:undname.obj
 0001:0003c7f0       ?composeDeclaration@UnDecorator@@CA?AVDName@@ABV2@@Z 1003d7f0 f i LIBCMTD:undname.obj
 0001:0003ddf0       ?getTypeEncoding@UnDecorator@@CAHXZ 1003edf0 f i LIBCMTD:undname.obj
 0001:0003e780       ?getBasedType@UnDecorator@@CA?AVDName@@XZ 1003f780 f   LIBCMTD:undname.obj
 0001:0003e840       ?getScopedName@UnDecorator@@CA?AVDName@@XZ 1003f840 f   LIBCMTD:undname.obj
 0001:0003e960       ?getCallingConvention@UnDecorator@@CA?AVDName@@XZ 1003f960 f   LIBCMTD:undname.obj
 0001:0003eac0       ?getReturnType@UnDecorator@@CA?AVDName@@PAV2@@Z 1003fac0 f   LIBCMTD:undname.obj
 0001:0003eb10       ?getDataType@UnDecorator@@CA?AVDName@@PAV2@@Z 1003fb10 f   LIBCMTD:undname.obj
 0001:0003ec20       ?getPrimaryDataType@UnDecorator@@CA?AVDName@@ABV2@@Z 1003fc20 f   LIBCMTD:undname.obj
 0001:0003eec0       ?getArgumentTypes@UnDecorator@@CA?AVDName@@XZ 1003fec0 f   LIBCMTD:undname.obj
 0001:0003f020       ?getArgumentList@UnDecorator@@CA?AVDName@@XZ 10040020 f   LIBCMTD:undname.obj
 0001:0003f150       ?getThrowTypes@UnDecorator@@CA?AVDName@@XZ 10040150 f   LIBCMTD:undname.obj
 0001:0003f200       ?getBasicDataType@UnDecorator@@CA?AVDName@@ABV2@@Z 10040200 f   LIBCMTD:undname.obj
 0001:0003f750       ?getECSUDataType@UnDecorator@@CA?AVDName@@XZ 10040750 f   LIBCMTD:undname.obj
 0001:0003f920       ?getECSUName@UnDecorator@@CA?AVDName@@XZ 10040920 f i LIBCMTD:undname.obj
 0001:0003f940       ?getEnumType@UnDecorator@@CA?AVDName@@XZ 10040940 f i LIBCMTD:undname.obj
 0001:0003fa90       ?getFunctionIndirectType@UnDecorator@@CA?AVDName@@ABV2@@Z 10040a90 f   LIBCMTD:undname.obj
 0001:0003fed0       ?getPtrRefType@UnDecorator@@CA?AVDName@@ABV2@0D@Z 10040ed0 f   LIBCMTD:undname.obj
 0001:00040030       ?getExtendedDataIndirectType@UnDecorator@@CA?AVDName@@AADAA_NH@Z 10041030 f   LIBCMTD:undname.obj
 0001:000401c0       ?getDataIndirectType@UnDecorator@@CA?AVDName@@ABV2@D0H@Z 100411c0 f   LIBCMTD:undname.obj
 0001:000408b0       ?getPtrRefDataType@UnDecorator@@CA?AVDName@@ABV2@H@Z 100418b0 f i LIBCMTD:undname.obj
 0001:000409f0       ?getArrayType@UnDecorator@@CA?AVDName@@ABV2@@Z 100419f0 f i LIBCMTD:undname.obj
 0001:00040c10       ?getLexicalFrame@UnDecorator@@CA?AVDName@@XZ 10041c10 f i LIBCMTD:undname.obj
 0001:00040c50       ?getThisType@UnDecorator@@CA?AVDName@@XZ 10041c50 f i LIBCMTD:undname.obj
 0001:00040c80       ?getPointerType@UnDecorator@@CA?AVDName@@ABV2@0@Z 10041c80 f i LIBCMTD:undname.obj
 0001:00040ca0       ?getPointerTypeArray@UnDecorator@@CA?AVDName@@ABV2@0@Z 10041ca0 f i LIBCMTD:undname.obj
 0001:00040cc0       ?getReferenceType@UnDecorator@@CA?AVDName@@ABV2@0@Z 10041cc0 f i LIBCMTD:undname.obj
 0001:00040ce0       ?getDisplacement@UnDecorator@@CA?AVDName@@XZ 10041ce0 f i LIBCMTD:undname.obj
 0001:00040d00       ?getCallIndex@UnDecorator@@CA?AVDName@@XZ 10041d00 f i LIBCMTD:undname.obj
 0001:00040d20       ?getGuardNumber@UnDecorator@@CA?AVDName@@XZ 10041d20 f i LIBCMTD:undname.obj
 0001:00040d40       ?getVbTableType@UnDecorator@@CA?AVDName@@ABV2@@Z 10041d40 f i LIBCMTD:undname.obj
 0001:00040d60       ?getVCallThunkType@UnDecorator@@CA?AVDName@@XZ 10041d60 f i LIBCMTD:undname.obj
 0001:00040dc0       ?getVfTableType@UnDecorator@@CA?AVDName@@ABV2@@Z 10041dc0 f i LIBCMTD:undname.obj
 0001:00040f80       ?getStorageConvention@UnDecorator@@CA?AVDName@@XZ 10041f80 f i LIBCMTD:undname.obj
 0001:00040fa0       ?getDataIndirectType@UnDecorator@@CA?AVDName@@XZ 10041fa0 f i LIBCMTD:undname.obj
 0001:00040fd0       ?getVdispMapType@UnDecorator@@CA?AVDName@@ABV2@@Z 10041fd0 f i LIBCMTD:undname.obj
 0001:00041040       ?getExternalDataType@UnDecorator@@CA?AVDName@@ABV2@@Z 10042040 f i LIBCMTD:undname.obj
 0001:000410d0       ?doMSKeywords@UnDecorator@@SAHXZ 100420d0 f i LIBCMTD:undname.obj
 0001:000410f0       ?doPtr64@UnDecorator@@SAHXZ 100420f0 f i LIBCMTD:undname.obj
 0001:00041110       ?doFunctionReturns@UnDecorator@@SAHXZ 10042110 f i LIBCMTD:undname.obj
 0001:00041130       ?doAllocationModel@UnDecorator@@SAHXZ 10042130 f i LIBCMTD:undname.obj
 0001:00041150       ?doAllocationLanguage@UnDecorator@@SAHXZ 10042150 f i LIBCMTD:undname.obj
 0001:00041170       ?doThisTypes@UnDecorator@@SAHXZ 10042170 f i LIBCMTD:undname.obj
 0001:00041190       ?doAccessSpecifiers@UnDecorator@@SAHXZ 10042190 f i LIBCMTD:undname.obj
 0001:000411b0       ?doThrowTypes@UnDecorator@@SAHXZ 100421b0 f i LIBCMTD:undname.obj
 0001:000411d0       ?doMemberTypes@UnDecorator@@SAHXZ 100421d0 f i LIBCMTD:undname.obj
 0001:000411f0       ?doNameOnly@UnDecorator@@SAHXZ 100421f0 f i LIBCMTD:undname.obj
 0001:00041200       ?doTypeOnly@UnDecorator@@SAHXZ 10042200 f i LIBCMTD:undname.obj
 0001:00041210       ?haveTemplateParameters@UnDecorator@@SAHXZ 10042210 f i LIBCMTD:undname.obj
 0001:00041220       ?doEcsu@UnDecorator@@SAHXZ 10042220 f i LIBCMTD:undname.obj
 0001:00041240       ?doEllipsis@UnDecorator@@SAHXZ 10042240 f i LIBCMTD:undname.obj
 0001:00041260       ?UScore@UnDecorator@@SAPBDW4Tokens@@@Z 10042260 f   LIBCMTD:undname.obj
 0001:00041290       ?doUnderScore@UnDecorator@@SAHXZ 10042290 f i LIBCMTD:undname.obj
 0001:000412b0       ??2@YAPAXIAAVHeapManager@@H@Z 100422b0 f i LIBCMTD:undname.obj
 0001:000412d0       ?getMemory@HeapManager@@QAEPAXIH@Z 100422d0 f   LIBCMTD:undname.obj
 0001:000413e0       ??0Block@HeapManager@@QAE@XZ 100423e0 f i LIBCMTD:undname.obj
 0001:00041400       ??H@YA?AVDName@@DABV0@@Z   10042400 f i LIBCMTD:undname.obj
 0001:00041430       ??H@YA?AVDName@@W4DNameStatus@@ABV0@@Z 10042430 f i LIBCMTD:undname.obj
 0001:00041460       ??H@YA?AVDName@@PBDABV0@@Z 10042460 f i LIBCMTD:undname.obj
 0001:00041490       ??0DName@@QAE@XZ           10042490 f i LIBCMTD:undname.obj
 0001:00041540       ??0DName@@QAE@D@Z          10042540 f   LIBCMTD:undname.obj
 0001:00041610       ??0DName@@QAE@ABV0@@Z      10042610 f i LIBCMTD:undname.obj
 0001:00041770       ??0DName@@QAE@PAV0@@Z      10042770 f   LIBCMTD:undname.obj
 0001:00041890       ??0DName@@QAE@PBD@Z        10042890 f   LIBCMTD:undname.obj
 0001:00041960       ??0DName@@QAE@AAPBDD@Z     10042960 f   LIBCMTD:undname.obj
 0001:00041c10       ?doNoIdentCharCheck@UnDecorator@@SAHXZ 10042c10 f i LIBCMTD:undname.obj
 0001:00041c20       ??0DName@@QAE@_K@Z         10042c20 f   LIBCMTD:undname.obj
 0001:00041d50       ??0DName@@QAE@_J@Z         10042d50 f   LIBCMTD:undname.obj
 0001:00041ec0       ??0DName@@QAE@W4DNameStatus@@@Z 10042ec0 f   LIBCMTD:undname.obj
 0001:00041fe0       ?isValid@DName@@QBEHXZ     10042fe0 f   LIBCMTD:undname.obj
 0001:00042020       ?isEmpty@DName@@QBEHXZ     10043020 f   LIBCMTD:undname.obj
 0001:00042060       ?status@DName@@QBE?AW4DNameStatus@@XZ 10043060 f i LIBCMTD:undname.obj
 0001:00042080       ?clearStatus@DName@@QAEXXZ 10043080 f i LIBCMTD:undname.obj
 0001:000420a0       ?setPtrRef@DName@@QAEAAV1@XZ 100430a0 f i LIBCMTD:undname.obj
 0001:000420c0       ?isPtrRef@DName@@QBEHXZ    100430c0 f i LIBCMTD:undname.obj
 0001:000420e0       ?isUDC@DName@@QBEHXZ       100430e0 f i LIBCMTD:undname.obj
 0001:00042120       ?setIsUDC@DName@@QAEXXZ    10043120 f i LIBCMTD:undname.obj
 0001:00042150       ?isUDTThunk@DName@@QBEHXZ  10043150 f i LIBCMTD:undname.obj
 0001:00042190       ?setIsArray@DName@@QAEXXZ  10043190 f i LIBCMTD:undname.obj
 0001:000421b0       ?isArray@DName@@QBEHXZ     100431b0 f i LIBCMTD:undname.obj
 0001:000421d0       ?isNoTE@DName@@QBEHXZ      100431d0 f i LIBCMTD:undname.obj
 0001:000421f0       ?setIsNoTE@DName@@QAEXXZ   100431f0 f i LIBCMTD:undname.obj
 0001:00042210       ?isPinPtr@DName@@QBEHXZ    10043210 f i LIBCMTD:undname.obj
 0001:00042230       ?setIsPinPtr@DName@@QAEXXZ 10043230 f i LIBCMTD:undname.obj
 0001:00042250       ?isComArray@DName@@QBEHXZ  10043250 f i LIBCMTD:undname.obj
 0001:00042270       ?setIsComArray@DName@@QAEXXZ 10043270 f i LIBCMTD:undname.obj
 0001:00042290       ?isVCallThunk@DName@@QBEHXZ 10043290 f i LIBCMTD:undname.obj
 0001:000422b0       ?setIsVCallThunk@DName@@QAEXXZ 100432b0 f i LIBCMTD:undname.obj
 0001:000422d0       ?length@DName@@QBEHXZ      100432d0 f   LIBCMTD:undname.obj
 0001:00042330       ?getLastChar@DName@@QBEDXZ 10043330 f   LIBCMTD:undname.obj
 0001:000423b0       ?getString@DName@@QBEPADPADH@Z 100433b0 f   LIBCMTD:undname.obj
 0001:000424b0       ??HDName@@QBE?AV0@D@Z      100434b0 f   LIBCMTD:undname.obj
 0001:00042500       ??HDName@@QBE?AV0@PBD@Z    10043500 f   LIBCMTD:undname.obj
 0001:00042550       ??HDName@@QBE?AV0@ABV0@@Z  10043550 f   LIBCMTD:undname.obj
 0001:000425c0       ??HDName@@QBE?AV0@PAV0@@Z  100435c0 f   LIBCMTD:undname.obj
 0001:00042610       ??HDName@@QBE?AV0@W4DNameStatus@@@Z 10043610 f   LIBCMTD:undname.obj
 0001:00042660       ??YDName@@QAEAAV0@D@Z      10043660 f   LIBCMTD:undname.obj
 0001:00042710       ??YDName@@QAEAAV0@PBD@Z    10043710 f   LIBCMTD:undname.obj
 0001:000427d0       ??YDName@@QAEAAV0@ABV0@@Z  100437d0 f   LIBCMTD:undname.obj
 0001:00042860       ??YDName@@QAEAAV0@PAV0@@Z  10043860 f   LIBCMTD:undname.obj
 0001:00042960       ??YDName@@QAEAAV0@W4DNameStatus@@@Z 10043960 f   LIBCMTD:undname.obj
 0001:00042a30       ??_5DName@@QAEAAV0@ABV0@@Z 10043a30 f   LIBCMTD:undname.obj
 0001:00042a80       ??4DName@@QAEAAV0@D@Z      10043a80 f   LIBCMTD:undname.obj
 0001:00042af0       ??4DName@@QAEAAV0@PBD@Z    10043af0 f   LIBCMTD:undname.obj
 0001:00042b70       ??4DName@@QAEAAV0@ABV0@@Z  10043b70 f   LIBCMTD:undname.obj
 0001:00042c80       ??4DName@@QAEAAV0@PAV0@@Z  10043c80 f   LIBCMTD:undname.obj
 0001:00042d70       ??4DName@@QAEAAV0@W4DNameStatus@@@Z 10043d70 f   LIBCMTD:undname.obj
 0001:00042e80       ?doPchar@DName@@AAEXPBDH@Z 10043e80 f   LIBCMTD:undname.obj
 0001:00042fd0       ?isFull@Replicator@@QBEHXZ 10043fd0 f i LIBCMTD:undname.obj
 0001:00042ff0       ??0Replicator@@QAE@XZ      10043ff0 f i LIBCMTD:undname.obj
 0001:00043030       ??YReplicator@@QAEAAV0@ABVDName@@@Z 10044030 f   LIBCMTD:undname.obj
 0001:000430c0       ??AReplicator@@QBEABVDName@@H@Z 100440c0 f   LIBCMTD:undname.obj
 0001:00043110       ??0DNameNode@@IAE@XZ       10044110 f   LIBCMTD:undname.obj
 0001:00043140       ?nextNode@DNameNode@@QBEPAV1@XZ 10044140 f i LIBCMTD:undname.obj
 0001:00043160       ?clone@DNameNode@@QAEPAV1@XZ 10044160 f   LIBCMTD:undname.obj
 0001:000431e0       ??0DName@@QAE@PAVDNameNode@@@Z 100441e0 f i LIBCMTD:undname.obj
 0001:00043290       ??YDNameNode@@QAEAAV0@PAV0@@Z 10044290 f   LIBCMTD:undname.obj
 0001:000432f0       ??0charNode@@QAE@D@Z       100442f0 f   LIBCMTD:undname.obj
 0001:00043320       ?length@charNode@@UBEHXZ   10044320 f i LIBCMTD:undname.obj
 0001:00043330       ?getLastChar@charNode@@UBEDXZ 10044330 f i LIBCMTD:undname.obj
 0001:00043350       ?getString@charNode@@UBEPADPADH@Z 10044350 f   LIBCMTD:undname.obj
 0001:00043380       ??0pcharNode@@QAE@PBDH@Z   10044380 f   LIBCMTD:undname.obj
 0001:00043430       ?length@pcharNode@@UBEHXZ  10044430 f i LIBCMTD:undname.obj
 0001:00043450       ?getLastChar@pcharNode@@UBEDXZ 10044450 f i LIBCMTD:undname.obj
 0001:00043490       ?getString@pcharNode@@UBEPADPADH@Z 10044490 f   LIBCMTD:undname.obj
 0001:00043500       ??0pDNameNode@@QAE@PAVDName@@@Z 10044500 f   LIBCMTD:undname.obj
 0001:00043560       ?length@pDNameNode@@UBEHXZ 10044560 f i LIBCMTD:undname.obj
 0001:00043590       ?getLastChar@pDNameNode@@UBEDXZ 10044590 f i LIBCMTD:undname.obj
 0001:000435c0       ?getString@pDNameNode@@UBEPADPADH@Z 100445c0 f   LIBCMTD:undname.obj
 0001:00043610       ??0DNameStatusNode@@QAE@W4DNameStatus@@@Z 10044610 f   LIBCMTD:undname.obj
 0001:00043660       ?length@DNameStatusNode@@UBEHXZ 10044660 f i LIBCMTD:undname.obj
 0001:00043680       ?getLastChar@DNameStatusNode@@UBEDXZ 10044680 f i LIBCMTD:undname.obj
 0001:000436a0       ?getString@DNameStatusNode@@UBEPADPADH@Z 100446a0 f   LIBCMTD:undname.obj
 0001:000437f0       ___crtCompareStringA       100447f0 f   LIBCMTD:a_cmp.obj
 0001:00043db0       __strnicoll_l              10044db0 f   LIBCMTD:strnicol.obj
 0001:00044000       __strnicoll                10045000 f   LIBCMTD:strnicol.obj
 0001:00044040       ___crtsetenv               10045040 f   LIBCMTD:setenv.obj
 0001:000446b0       __allshl                   100456b0 f   LIBCMTD:llshl.obj
 0001:000446d0       __purecall                 100456d0 f   LIBCMTD:purevirt.obj
 0001:00044710       __set_purecall_handler     10045710 f   LIBCMTD:purevirt.obj
 0001:00044750       __get_purecall_handler     10045750 f   LIBCMTD:purevirt.obj
 0001:00044770       __mbschr_l                 10045770 f   LIBCMTD:mbschr.obj
 0001:00044900       __mbschr                   10045900 f   LIBCMTD:mbschr.obj
 0001:00044930       _strchr                    10045930 f   LIBCMTD:strchr.obj
 0001:00044936       ___from_strstr_to_strchr   10045936     LIBCMTD:strchr.obj
 0001:000449ee       _HeapValidate@12           100459ee f   kernel32:KERNEL32.dll
 0001:000449f4       _IsBadReadPtr@8            100459f4 f   kernel32:KERNEL32.dll
 0001:000449fa       _GetCurrentThreadId@0      100459fa f   kernel32:KERNEL32.dll
[...]
 0003:00001920       __crtAssertBusy            1006a920     LIBCMTD:dbgrptt.obj
 0003:00001924       __CrtDbgMode               1006a924     LIBCMTD:dbgrptt.obj
 0003:00001930       __CrtDbgFile               1006a930     LIBCMTD:dbgrptt.obj
 0003:00001940       __cfltcvt_tab              1006a940     LIBCMTD:cmiscdat.obj
 0003:00001968       __pctype                   1006a968     LIBCMTD:ctype.obj
 0003:0000196c       __pwctype                  1006a96c     LIBCMTD:ctype.obj
 0003:00001970       ___lc_time_c               1006a970     LIBCMTD:strftime.obj
 0003:00001a28       ___lc_time_curr            1006aa28     LIBCMTD:strftime.obj
 0003:00001a2c       ___lconv_static_decimal    1006aa2c     LIBCMTD:lconv.obj
 0003:00001a30       ___lconv_c                 1006aa30     LIBCMTD:lconv.obj
 0003:00001a60       ___lconv                   1006aa60     LIBCMTD:lconv.obj
 0003:00001a70       ___mb_cur_max              1006aa70     LIBCMTD:nlsdata1.obj
 0003:00001a74       ___decimal_point           1006aa74     LIBCMTD:nlsdata1.obj
 0003:00001a78       ___decimal_point_length    1006aa78     LIBCMTD:nlsdata1.obj
 0003:00001a88       __iob                      1006aa88     LIBCMTD:_file.obj
 0003:00001d10       __NLG_Destination          1006ad10     LIBCMTD:exsup.obj
 0003:00001d20       ___abort_behavior          1006ad20     LIBCMTD:abort.obj
 0003:00001d2c       ??_R0?AVbad_exception@std@@@8 1006ad2c     LIBCMTD:frame.obj
 0003:00001d4c       ??_R0?AVexception@std@@@8  1006ad4c     LIBCMTD:frame.obj
 0003:00001d70       __timezone                 1006ad70     LIBCMTD:timeset.obj
 0003:00001d74       __daylight                 1006ad74     LIBCMTD:timeset.obj
 0003:00001d78       __dstbias                  1006ad78     LIBCMTD:timeset.obj
 0003:00001e00       __tzname                   1006ae00     LIBCMTD:timeset.obj
 0003:00001e20       __lpdays                   1006ae20     LIBCMTD:days.obj
 0003:00001e54       __days                     1006ae54     LIBCMTD:days.obj
 0003:00001e8c       ?_RTC_ErrorLevels@@3PAHA   1006ae8c     LIBCMTD:error.obj
 0003:00001eb8       ?__pMyUnhandledExceptionFilter@@3PAXA 1006aeb8     LIBCMTD:throw.obj
 0003:00001ec0       ??_R0?AVtype_info@@@8      1006aec0     LIBCMTD:typinfo.obj
 0003:00001edc       ??_R0?AVbad_cast@std@@@8   1006aedc     LIBCMTD:stdexcpt.obj
 0003:00001ef8       ??_R0?AVbad_typeid@std@@@8 1006aef8     LIBCMTD:stdexcpt.obj
 0003:00001f18       ??_R0?AV__non_rtti_object@std@@@8 1006af18     LIBCMTD:stdexcpt.obj
 0003:00001f40       __coninpfh                 1006af40     LIBCMTD:initcon.obj
 0003:00001f44       __confh                    1006af44     LIBCMTD:initcon.obj
 0003:00001f70       ??_R0?AVDNameNode@@@8      1006af70     LIBCMTD:undname.obj
 0003:00001f88       ??_R0?AVcharNode@@@8       1006af88     LIBCMTD:undname.obj
 0003:00001fa0       ??_R0?AVpcharNode@@@8      1006afa0     LIBCMTD:undname.obj
 0003:00001fb8       ??_R0?AVpDNameNode@@@8     1006afb8     LIBCMTD:undname.obj
 0003:00001fd4       ??_R0?AVDNameStatusNode@@@8 1006afd4     LIBCMTD:undname.obj
 0003:00002494       ?_pfnDumpClient@@3P6AXPAXI@ZA 1006b494     LIBCMTD:dbgheap.obj
 0003:0000249c       ___crtDebugCheckCount      1006b49c     LIBCMTD:dbgheap.obj
 0003:000024a8       __aenvptr                  1006b4a8     LIBCMTD:dllcrt0.obj
 0003:000024ac       __wenvptr                  1006b4ac     LIBCMTD:dllcrt0.obj
 0003:000024b0       ___error_mode              1006b4b0     LIBCMTD:dllcrt0.obj
 0003:000024b4       ___app_type                1006b4b4     LIBCMTD:dllcrt0.obj
 0003:000024b8       __newmode                  1006b4b8     LIBCMTD:_newmode.obj
 0003:000024bc       ?_pnhHeap@@3P6AHI@ZA       1006b4bc     LIBCMTD:handler.obj
 0003:00002628       ___pInvalidArgHandler      1006b628     LIBCMTD:invarg.obj
 0003:0000262c       __crtheap                  1006b62c     LIBCMTD:heapinit.obj
 0003:00002630       ___sbh_pHeaderDefer        1006b630     LIBCMTD:sbheap.obj
 0003:00002634       __umaskval                 1006b634     LIBCMTD:crt0dat.obj
 0003:00002638       __osplatform               1006b638     LIBCMTD:crt0dat.obj
 0003:0000263c       __osver                    1006b63c     LIBCMTD:crt0dat.obj
 0003:00002640       __winver                   1006b640     LIBCMTD:crt0dat.obj
 0003:00002644       __winmajor                 1006b644     LIBCMTD:crt0dat.obj
 0003:00002648       __winminor                 1006b648     LIBCMTD:crt0dat.obj
 0003:0000264c       ___argc                    1006b64c     LIBCMTD:crt0dat.obj
 0003:00002650       ___argv                    1006b650     LIBCMTD:crt0dat.obj
 0003:00002654       ___wargv                   1006b654     LIBCMTD:crt0dat.obj
 0003:00002658       __environ                  1006b658     LIBCMTD:crt0dat.obj
 0003:0000265c       ___initenv                 1006b65c     LIBCMTD:crt0dat.obj
 0003:00002660       __wenviron                 1006b660     LIBCMTD:crt0dat.obj
 0003:00002664       ___winitenv                1006b664     LIBCMTD:crt0dat.obj
 0003:00002668       __pgmptr                   1006b668     LIBCMTD:crt0dat.obj
 0003:0000266c       __wpgmptr                  1006b66c     LIBCMTD:crt0dat.obj
 0003:00002670       __exitflag                 1006b670     LIBCMTD:crt0dat.obj
 0003:00002674       __C_Termination_Done       1006b674     LIBCMTD:crt0dat.obj
 0003:00002678       __C_Exit_Done              1006b678     LIBCMTD:crt0dat.obj
 0003:00002684       ___mbulinfo                1006b684     LIBCMTD:mbctype.obj
 0003:00002690       ___mbcodepage              1006b690     LIBCMTD:mbctype.obj
 0003:00002694       ___ismbcodepage            1006b694     LIBCMTD:mbctype.obj
 0003:00002698       ___mblcid                  1006b698     LIBCMTD:mbctype.obj
 0003:0000269c       ___locale_changed          1006b69c     LIBCMTD:setlocal.obj
 0003:000026a0       ___lc_handle               1006b6a0     LIBCMTD:nlsdata2.obj
 0003:000026b8       ___lc_codepage             1006b6b8     LIBCMTD:nlsdata2.obj
 0003:000026bc       ___lc_collate_cp           1006b6bc     LIBCMTD:nlsdata2.obj
 0003:000026c0       _gpFlsAlloc                1006b6c0     LIBCMTD:tidtable.obj
 0003:000026c4       _gpFlsGetValue             1006b6c4     LIBCMTD:tidtable.obj
 0003:000026c8       _gpFlsSetValue             1006b6c8     LIBCMTD:tidtable.obj
 0003:000026cc       _gpFlsFree                 1006b6cc     LIBCMTD:tidtable.obj
 0003:00002b30       ?__pInconsistency@@3P6AXXZA 1006bb30     LIBCMTD:hooks.obj
 0003:00002b40       ___pPurecall               1006bb40     LIBCMTD:inithelp.obj
 0003:00002b4c       ___lconv_static_null       1006bb4c     LIBCMTD:lconv.obj
 0003:00002e74       __cflush                   1006be74     LIBCMTD:_file.obj
 0003:00002f40       ?wsprintffp@@3P6AHPADPBDZZA 1006bf40     LIBCMTD:error.obj
 0003:00002f44       __stdbuf                   1006bf44     LIBCMTD:_sftbuf.obj
 0003:00002f88       ?pArgList@UnDecorator@@0PAVReplicator@@A 1006bf88     LIBCMTD:undname.obj
 0003:00002f8c       ?pZNameList@UnDecorator@@0PAVReplicator@@A 1006bf8c     LIBCMTD:undname.obj
 0003:00002f90       ?pTemplateArgList@UnDecorator@@0PAVReplicator@@A 1006bf90     LIBCMTD:undname.obj
 0003:00002f94       ?gName@UnDecorator@@0PBDB  1006bf94     LIBCMTD:undname.obj
 0003:00002f98       ?name@UnDecorator@@0PBDB   1006bf98     LIBCMTD:undname.obj
 0003:00002f9c       ?outputString@UnDecorator@@0PADA 1006bf9c     LIBCMTD:undname.obj
 0003:00002fa0       ?maxStringLength@UnDecorator@@0HA 1006bfa0     LIBCMTD:undname.obj
 0003:00002fa4       ?disableFlags@UnDecorator@@0KA 1006bfa4     LIBCMTD:undname.obj
 0003:00002fa8       ?m_pGetParameter@UnDecorator@@0P6APADJ@ZA 1006bfa8     LIBCMTD:undname.obj
 0003:00002fac       ?fExplicitTemplateParams@UnDecorator@@0_NA 1006bfac     LIBCMTD:undname.obj
 0003:00002fad       ?fGetTemplateArgumentList@UnDecorator@@0_NA 1006bfad     LIBCMTD:undname.obj
 0003:00003004       ___piob                    1006c004     <common>
 0003:00003360       __bufin                    1006c360     <common>
 0003:00004360       __nstream                  1006d360     <common>
 0003:00004364       __pfnReportHook            1006d364     <common>
 0003:00004374       __pReportHookListW         1006d374     <common>
 0003:00004378       __pReportHookList          1006d378     <common>
 0003:0000437c       __nhandle                  1006d37c     <common>
 0003:000043c0       ___pioinfo                 1006d3c0     <common>
 0003:000044c0       ___use_sse2_mathfcns       1006d4c0     <common>
 0003:000044d0       ___sse2_available          1006d4d0     <common>
 0003:000044d4       ___setlc_active            1006d4d4     <common>
 0003:000044e4       ___unguarded_readlc_active 1006d4e4     <common>
 0003:000044e8       ___env_initialized         1006d4e8     <common>
 0003:000044f8       ___onexitend               1006d4f8     <common>
 0003:000044fc       ___onexitbegin             1006d4fc     <common>
 0003:00004500       ___mbctype_initialized     1006d500     <common>
 0003:00004504       __FPinit                   1006d504     <common>
 0003:00004508       ___dyn_tls_init_callback   1006d508     <common>
 0003:0000450c       ___sbh_initialized         1006d50c     <common>
 0003:00004520       ___sbh_cntHeaderList       1006d520     <common>
 0003:00004524       ___sbh_pHeaderList         1006d524     <common>
 0003:00004528       ___sbh_threshold           1006d528     <common>
 0003:0000452c       ___sbh_pHeaderScan         1006d52c     <common>
 0003:00004530       ___sbh_sizeHeaderList      1006d530     <common>
 0003:00004534       ___sbh_indGroupDefer       1006d534     <common>
 0003:00004538       ___active_heap             1006d538     <common>
 0003:00004544       __debugger_hook_dummy      1006d544     <common>
 0003:00004550       __acmdln                   1006d550     <common>
 0004:00000000       __IMPORT_DESCRIPTOR_KERNEL32 1006e000     kernel32:KERNEL32.dll
 0004:00000014       __IMPORT_DESCRIPTOR_ADVAPI32 1006e014     advapi32:ADVAPI32.dll
 0004:00000028       __NULL_IMPORT_DESCRIPTOR   1006e028     kernel32:KERNEL32.dll
 0004:0000028c       __imp__SetSecurityDescriptorDacl@16 1006e28c     advapi32:ADVAPI32.dll
 0004:00000290       __imp__InitializeSecurityDescriptor@8 1006e290     advapi32:ADVAPI32.dll
 0004:00000294       \177ADVAPI32_NULL_THUNK_DATA 1006e294     advapi32:ADVAPI32.dll
 0004:000002c0       __imp__CreateFileMappingA@24 1006e2c0     kernel32:KERNEL32.dll
 0004:000002c4       __imp__ReleaseMutex@4      1006e2c4     kernel32:KERNEL32.dll
 0004:000002c8       __imp__CreateEventA@16     1006e2c8     kernel32:KERNEL32.dll
 0004:000002cc       __imp__GetLastError@0      1006e2cc     kernel32:KERNEL32.dll
 0004:000002d0       __imp__CreateMutexA@12     1006e2d0     kernel32:KERNEL32.dll
 0004:000002d4       __imp__CloseHandle@4       1006e2d4     kernel32:KERNEL32.dll
 0004:000002d8       __imp__OpenEventA@12       1006e2d8     kernel32:KERNEL32.dll
 0004:000002dc       __imp__OpenMutexA@12       1006e2dc     kernel32:KERNEL32.dll
 0004:000002e0       __imp__UnmapViewOfFile@4   1006e2e0     kernel32:KERNEL32.dll
 0004:000002e4       __imp__PulseEvent@4        1006e2e4     kernel32:KERNEL32.dll
 0004:000002e8       __imp__WaitForSingleObject@8 1006e2e8     kernel32:KERNEL32.dll
 0004:000002ec       __imp__MapViewOfFile@20    1006e2ec     kernel32:KERNEL32.dll
 0004:000002f0       __imp__OpenFileMappingA@12 1006e2f0     kernel32:KERNEL32.dll
 0004:000002f4       __imp__OutputDebugStringA@4 1006e2f4     kernel32:KERNEL32.dll
 0004:000002f8       __imp__HeapValidate@12     1006e2f8     kernel32:KERNEL32.dll
 0004:000002fc       __imp__IsBadReadPtr@8      1006e2fc     kernel32:KERNEL32.dll
 0004:00000300       __imp__GetCurrentThreadId@0 1006e300     kernel32:KERNEL32.dll
 0004:00000304       __imp__GetCommandLineA@0   1006e304     kernel32:KERNEL32.dll
 0004:00000308       __imp__HeapFree@12         1006e308     kernel32:KERNEL32.dll
 0004:0000030c       __imp__GetVersionExA@4     1006e30c     kernel32:KERNEL32.dll
 0004:00000310       __imp__HeapAlloc@12        1006e310     kernel32:KERNEL32.dll
 0004:00000314       __imp__GetProcessHeap@0    1006e314     kernel32:KERNEL32.dll
 0004:00000318       __imp__DeleteCriticalSection@4 1006e318     kernel32:KERNEL32.dll
 0004:0000031c       __imp__EnterCriticalSection@4 1006e31c     kernel32:KERNEL32.dll
 0004:00000320       __imp__LeaveCriticalSection@4 1006e320     kernel32:KERNEL32.dll
 0004:00000324       __imp__FatalAppExitA@8     1006e324     kernel32:KERNEL32.dll
 0004:00000328       __imp__GetModuleFileNameA@12 1006e328     kernel32:KERNEL32.dll
 0004:0000032c       __imp__GetModuleFileNameW@12 1006e32c     kernel32:KERNEL32.dll
 0004:00000330       __imp__TerminateProcess@8  1006e330     kernel32:KERNEL32.dll
 0004:00000334       __imp__GetCurrentProcess@0 1006e334     kernel32:KERNEL32.dll
 0004:00000338       __imp__UnhandledExceptionFilter@4 1006e338     kernel32:KERNEL32.dll
 0004:0000033c       __imp__SetUnhandledExceptionFilter@4 1006e33c     kernel32:KERNEL32.dll
 0004:00000340       __imp__IsDebuggerPresent@0 1006e340     kernel32:KERNEL32.dll
 0004:00000344       __imp__HeapReAlloc@16      1006e344     kernel32:KERNEL32.dll
 0004:00000348       __imp__HeapDestroy@4       1006e348     kernel32:KERNEL32.dll
 0004:0000034c       __imp__HeapCreate@12       1006e34c     kernel32:KERNEL32.dll
 0004:00000350       __imp__VirtualFree@12      1006e350     kernel32:KERNEL32.dll
 0004:00000354       __imp__VirtualAlloc@16     1006e354     kernel32:KERNEL32.dll
 0004:00000358       __imp__InterlockedIncrement@4 1006e358     kernel32:KERNEL32.dll
 0004:0000035c       __imp__InterlockedDecrement@4 1006e35c     kernel32:KERNEL32.dll
 0004:00000360       __imp__GetProcAddress@8    1006e360     kernel32:KERNEL32.dll
 0004:00000364       __imp__GetModuleHandleA@4  1006e364     kernel32:KERNEL32.dll
 0004:00000368       __imp__ExitProcess@4       1006e368     kernel32:KERNEL32.dll
 0004:0000036c       __imp__GetACP@0            1006e36c     kernel32:KERNEL32.dll
 0004:00000370       __imp__GetOEMCP@0          1006e370     kernel32:KERNEL32.dll
 0004:00000374       __imp__GetCPInfo@8         1006e374     kernel32:KERNEL32.dll
 0004:00000378       __imp__TlsGetValue@4       1006e378     kernel32:KERNEL32.dll
 0004:0000037c       __imp__TlsAlloc@0          1006e37c     kernel32:KERNEL32.dll
 0004:00000380       __imp__TlsSetValue@8       1006e380     kernel32:KERNEL32.dll
 0004:00000384       __imp__TlsFree@4           1006e384     kernel32:KERNEL32.dll
 0004:00000388       __imp__SetLastError@4      1006e388     kernel32:KERNEL32.dll
 0004:0000038c       __imp__GetCurrentThread@0  1006e38c     kernel32:KERNEL32.dll
 0004:00000390       __imp__SetHandleCount@4    1006e390     kernel32:KERNEL32.dll
 0004:00000394       __imp__GetStdHandle@4      1006e394     kernel32:KERNEL32.dll
 0004:00000398       __imp__GetFileType@4       1006e398     kernel32:KERNEL32.dll
 0004:0000039c       __imp__GetStartupInfoA@4   1006e39c     kernel32:KERNEL32.dll
 0004:000003a0       __imp__FreeEnvironmentStringsA@4 1006e3a0     kernel32:KERNEL32.dll
 0004:000003a4       __imp__GetEnvironmentStrings@0 1006e3a4     kernel32:KERNEL32.dll
 0004:000003a8       __imp__FreeEnvironmentStringsW@4 1006e3a8     kernel32:KERNEL32.dll
 0004:000003ac       __imp__WideCharToMultiByte@32 1006e3ac     kernel32:KERNEL32.dll
 0004:000003b0       __imp__GetEnvironmentStringsW@0 1006e3b0     kernel32:KERNEL32.dll
 0004:000003b4       __imp__QueryPerformanceCounter@4 1006e3b4     kernel32:KERNEL32.dll
 0004:000003b8       __imp__GetTickCount@0      1006e3b8     kernel32:KERNEL32.dll
 0004:000003bc       __imp__GetCurrentProcessId@0 1006e3bc     kernel32:KERNEL32.dll
 0004:000003c0       __imp__GetSystemTimeAsFileTime@4 1006e3c0     kernel32:KERNEL32.dll
 0004:000003c4       __imp__InitializeCriticalSection@4 1006e3c4     kernel32:KERNEL32.dll
 0004:000003c8       __imp__WriteFile@20        1006e3c8     kernel32:KERNEL32.dll
 0004:000003cc       __imp__DebugBreak@0        1006e3cc     kernel32:KERNEL32.dll
 0004:000003d0       __imp__WriteConsoleW@20    1006e3d0     kernel32:KERNEL32.dll
 0004:000003d4       __imp__OutputDebugStringW@4 1006e3d4     kernel32:KERNEL32.dll
 0004:000003d8       __imp__SetConsoleCtrlHandler@8 1006e3d8     kernel32:KERNEL32.dll
 0004:000003dc       __imp__LoadLibraryA@4      1006e3dc     kernel32:KERNEL32.dll
 0004:000003e0       __imp__LoadLibraryW@4      1006e3e0     kernel32:KERNEL32.dll
 0004:000003e4       __imp__RtlUnwind@16        1006e3e4     kernel32:KERNEL32.dll
 0004:000003e8       __imp__FreeLibrary@4       1006e3e8     kernel32:KERNEL32.dll
 0004:000003ec       __imp__InterlockedExchange@8 1006e3ec     kernel32:KERNEL32.dll
 0004:000003f0       __imp__MultiByteToWideChar@24 1006e3f0     kernel32:KERNEL32.dll
 0004:000003f4       __imp__LCMapStringA@24     1006e3f4     kernel32:KERNEL32.dll
 0004:000003f8       __imp__LCMapStringW@24     1006e3f8     kernel32:KERNEL32.dll
 0004:000003fc       __imp__GetStringTypeA@20   1006e3fc     kernel32:KERNEL32.dll
 0004:00000400       __imp__GetStringTypeW@16   1006e400     kernel32:KERNEL32.dll
 0004:00000404       __imp__GetTimeFormatA@24   1006e404     kernel32:KERNEL32.dll
 0004:00000408       __imp__GetDateFormatA@24   1006e408     kernel32:KERNEL32.dll
 0004:0000040c       __imp__GetLocaleInfoA@16   1006e40c     kernel32:KERNEL32.dll
 0004:00000410       __imp__IsValidLocale@8     1006e410     kernel32:KERNEL32.dll
 0004:00000414       __imp__IsValidCodePage@4   1006e414     kernel32:KERNEL32.dll
 0004:00000418       __imp__EnumSystemLocalesA@8 1006e418     kernel32:KERNEL32.dll
 0004:0000041c       __imp__GetUserDefaultLCID@0 1006e41c     kernel32:KERNEL32.dll
 0004:00000420       __imp__SetFilePointer@16   1006e420     kernel32:KERNEL32.dll
 0004:00000424       __imp__GetConsoleCP@0      1006e424     kernel32:KERNEL32.dll
 0004:00000428       __imp__GetConsoleMode@8    1006e428     kernel32:KERNEL32.dll
 0004:0000042c       __imp__GetLocaleInfoW@16   1006e42c     kernel32:KERNEL32.dll
 0004:00000430       __imp__GetTimeZoneInformation@4 1006e430     kernel32:KERNEL32.dll
 0004:00000434       __imp__SetStdHandle@8      1006e434     kernel32:KERNEL32.dll
 0004:00000438       __imp__WriteConsoleA@20    1006e438     kernel32:KERNEL32.dll
 0004:0000043c       __imp__GetConsoleOutputCP@0 1006e43c     kernel32:KERNEL32.dll
 0004:00000440       __imp__RaiseException@16   1006e440     kernel32:KERNEL32.dll
 0004:00000444       __imp__lstrlenA@4          1006e444     kernel32:KERNEL32.dll
 0004:00000448       __imp__CreateFileA@28      1006e448     kernel32:KERNEL32.dll
 0004:0000044c       __imp__VirtualQuery@12     1006e44c     kernel32:KERNEL32.dll
 0004:00000450       __imp__FlushFileBuffers@4  1006e450     kernel32:KERNEL32.dll
 0004:00000454       __imp__CompareStringA@24   1006e454     kernel32:KERNEL32.dll
 0004:00000458       __imp__CompareStringW@24   1006e458     kernel32:KERNEL32.dll
 0004:0000045c       __imp__SetEnvironmentVariableA@8 1006e45c     kernel32:KERNEL32.dll
 0004:00000460       \177KERNEL32_NULL_THUNK_DATA 1006e460     kernel32:KERNEL32.dll

 entry point at        0001:00005f60


 Exports

  ordinal    name

        1    _GetBuffer@20
               exported name: GetBuffer
        2    _GetQueueSize@4
               exported name: GetQueueSize
        3    _InitMemoryMgr@12
               exported name: InitMemoryMgr
        4    _JoinMemoryMgr@8
               exported name: JoinMemoryMgr
        5    _PutBuffer@16
               exported name: PutBuffer
        6    _ReleaseMemoryMgr@4
               exported name: ReleaseMemoryMgr
