 SharedMemoryMgr

 Timestamp is 451db1f9 (Fri Sep 29 16:53:29 2006)

 Preferred load address is 10000000

 Start         Length     Name                   Class
 0001:00000000 00016b19H .text                   CODE
 0002:00000000 00000104H .CRT$XCA                DATA
 0002:00000104 00000104H .CRT$XCZ                DATA
 0002:00000208 00000104H .CRT$XIA                DATA
 0002:0000030c 00000113H .CRT$XIC                DATA
 0002:00000420 00000104H .CRT$XIZ                DATA
 0002:00000524 00000104H .CRT$XPA                DATA
 0002:00000628 00000104H .CRT$XPZ                DATA
 0002:0000072c 00000104H .CRT$XTA                DATA
 0002:00000830 00000104H .CRT$XTZ                DATA
 0002:00000940 0000209eH .rdata                  DATA
 0002:000029e0 00000180H .rdata$debug            DATA
 0002:00002b60 0000010eH .rdata$sxdata           DATA
 0002:00002c70 00000104H .rtc$IAA                DATA
 0002:00002d74 00000104H .rtc$IZZ                DATA
 0002:00002e78 00000104H .rtc$TAA                DATA
 0002:00002f7c 00000104H .rtc$TZZ                DATA
 0002:00003080 00000614H .xdata$x                DATA
 0002:000036a0 000001edH .edata                  DATA
 0003:00000000 00001039H .data                   DATA
 0003:00001040 00000c74H .bss                    DATA
 0004:00000000 00000028H .idata$2                DATA
 0004:00000028 00000014H .idata$3                DATA
 0004:0000003c 00000200H .idata$4                DATA
 0004:0000023c 00000200H .idata$5                DATA
 0004:0000043c 00000838H .idata$6                DATA

  Address         Publics by Value              Rva+Base       Lib:Object

 0000:00000000       __except_list              00000000     <absolute>
 0000:00000003       ___safe_se_handler_count   00000003     <absolute>
 0000:00000000       ___ImageBase               10000000     <linker-defined>
 0001:00000080       _ReleaseMemoryMgr          10001080 f   SharedMemoryMgr.obj
 0001:00000100       _GetQueueSize              10001100 f   SharedMemoryMgr.obj
 0001:00000120       _InitEvent                 10001120 f   SharedMemoryMgr.obj
 0001:00000150       _GetWspEvent               10001150 f   SharedMemoryMgr.obj
 0001:000001f0       _JoinMemoryMgr             100011f0 f   SharedMemoryMgr.obj
 0001:00000460       _CopyEventToBuffer         10001460 f   SharedMemoryMgr.obj
 0001:000006e0       _CopyEventFromBuffer       100016e0 f   SharedMemoryMgr.obj
 0001:00000820       _PutBuffer                 10001820 f   SharedMemoryMgr.obj
 0001:00000920       _GetBuffer                 10001920 f   SharedMemoryMgr.obj
 0001:00000a90       _InitNewEvent              10001a90 f   SharedMemoryMgr.obj
 0001:00000af0       _InitMemoryMgr             10001af0 f   SharedMemoryMgr.obj
 0001:00000e1c       _UnmapViewOfFile@4         10001e1c f   kernel32:KERNEL32.dll
 0001:00000e22       _CloseHandle@4             10001e22 f   kernel32:KERNEL32.dll
 0001:00000e28       _ReleaseMutex@4            10001e28 f   kernel32:KERNEL32.dll
 0001:00000e2e       _MapViewOfFile@20          10001e2e f   kernel32:KERNEL32.dll
 0001:00000e34       _OpenFileMappingA@12       10001e34 f   kernel32:KERNEL32.dll
 0001:00000e3a       _OpenEventA@12             10001e3a f   kernel32:KERNEL32.dll
 0001:00000e40       _GetLastError@0            10001e40 f   kernel32:KERNEL32.dll
 0001:00000e46       _OpenMutexA@12             10001e46 f   kernel32:KERNEL32.dll
 0001:00000e4c       _PulseEvent@4              10001e4c f   kernel32:KERNEL32.dll
 0001:00000e52       _WaitForSingleObject@8     10001e52 f   kernel32:KERNEL32.dll
 0001:00000e58       _CreateFileMappingA@24     10001e58 f   kernel32:KERNEL32.dll
 0001:00000e5e       _CreateEventA@16           10001e5e f   kernel32:KERNEL32.dll
 0001:00000e64       _CreateMutexA@12           10001e64 f   kernel32:KERNEL32.dll
 0001:00000e6a       _SetSecurityDescriptorDacl@16 10001e6a f   advapi32:ADVAPI32.dll
 0001:00000e70       _InitializeSecurityDescriptor@8 10001e70 f   advapi32:ADVAPI32.dll
 0001:00000e76       _free                      10001e76 f   LIBCMT:free.obj
 0001:00000f04       _memcpy_s                  10001f04 f   LIBCMT:memcpy_s.obj
 0001:00000f7f       _strcat_s                  10001f7f f   LIBCMT:strcat_s.obj
 0001:00000ff0       _strcpy_s                  10001ff0 f   LIBCMT:strcpy_s.obj
 0001:00001055       _V6_HeapAlloc              10002055 f   LIBCMT:malloc.obj
 0001:000010a4       __heap_alloc               100020a4 f i LIBCMT:malloc.obj
 0001:00001119       _malloc                    10002119 f   LIBCMT:malloc.obj
 0001:000011dc       __set_osplatform           100021dc f i LIBCMT:dllcrt0.obj
 0001:000011e6       __set_osver                100021e6 f i LIBCMT:dllcrt0.obj
 0001:000011f0       __set_winver               100021f0 f i LIBCMT:dllcrt0.obj
 0001:000011fa       __set_winmajor             100021fa f i LIBCMT:dllcrt0.obj
 0001:00001204       __set_winminor             10002204 f i LIBCMT:dllcrt0.obj
 0001:0000120e       __CRT_INIT@12              1000220e f   LIBCMT:dllcrt0.obj
 0001:000014dd       __DllMainCRTStartup@12     100024dd f   LIBCMT:dllcrt0.obj
 0001:000014fe       __get_errno_from_oserr     100024fe f   LIBCMT:dosmap.obj
 0001:00001539       __errno                    10002539 f   LIBCMT:dosmap.obj
 0001:0000154c       ___doserrno                1000254c f   LIBCMT:dosmap.obj
 0001:0000155f       __dosmaperr                1000255f f   LIBCMT:dosmap.obj
 0001:0000157d       __set_errno                1000257d f   LIBCMT:dosmap.obj
 0001:00001598       __get_errno                10002598 f   LIBCMT:dosmap.obj
 0001:000015c2       __set_doserrno             100025c2 f   LIBCMT:dosmap.obj
 0001:000015dd       __get_doserrno             100025dd f   LIBCMT:dosmap.obj
 0001:00001607       __invoke_watson_if_error   10002607 f i LIBCMT:heapinit.obj
 0001:00001629       ___heap_select             10002629 f   LIBCMT:heapinit.obj
 0001:00001684       __heap_init                10002684 f   LIBCMT:heapinit.obj
 0001:000016de       __heap_term                100026de f   LIBCMT:heapinit.obj
 0001:00001752       __get_heap_handle          10002752 f   LIBCMT:heapinit.obj
 0001:00001758       __mtinitlocks              10002758 f   LIBCMT:mlock.obj
 0001:000017a1       __mtdeletelocks            100027a1 f   LIBCMT:mlock.obj
 0001:000017f6       __unlock                   100027f6 f   LIBCMT:mlock.obj
 0001:0000180b       __lockerr_exit             1000280b f   LIBCMT:mlock.obj
 0001:00001823       __mtinitlocknum            10002823 f   LIBCMT:mlock.obj
 0001:000018e6       __lock                     100028e6 f   LIBCMT:mlock.obj
 0001:00001917       __get_sbh_threshold        10002917 f   LIBCMT:sbheap.obj
 0001:00001938       __set_amblksiz             10002938 f   LIBCMT:sbheap.obj
 0001:0000197e       __get_amblksiz             1000297e f   LIBCMT:sbheap.obj
 0001:000019ba       ___sbh_heap_init           100029ba f   LIBCMT:sbheap.obj
 0001:00001a02       ___sbh_find_block          10002a02 f   LIBCMT:sbheap.obj
 0001:00001a2d       ___sbh_free_block          10002a2d f   LIBCMT:sbheap.obj
 0001:00001d41       ___sbh_alloc_new_region    10002d41 f   LIBCMT:sbheap.obj
 0001:00001df1       ___sbh_alloc_new_group     10002df1 f   LIBCMT:sbheap.obj
 0001:00001ef7       ___sbh_resize_block        10002ef7 f   LIBCMT:sbheap.obj
 0001:000021d6       ___sbh_heapmin             100031d6 f   LIBCMT:sbheap.obj
 0001:000022a3       ___sbh_heap_check          100032a3 f   LIBCMT:sbheap.obj
 0001:00002585       __set_sbh_threshold        10003585 f   LIBCMT:sbheap.obj
 0001:0000262d       ___sbh_alloc_block         1000362d f   LIBCMT:sbheap.obj
 0001:00002910       __SEH_prolog4              10003910 f   LIBCMT:sehprolg4.obj
 0001:00002955       __SEH_epilog4              10003955 f   LIBCMT:sehprolg4.obj
 0001:000029a0       __except_handler4          100039a0 f   LIBCMT:chandler4.obj
 0001:00002b40       _memset                    10003b40 f   LIBCMT:memset.obj
 0001:00002bc0       _memcpy                    10003bc0 f   LIBCMT:memcpy.obj
 0001:00002f25       __initp_misc_invarg        10003f25 f   LIBCMT:invarg.obj
 0001:00002f2f       __invoke_watson            10003f2f f   LIBCMT:invarg.obj
 0001:0000302b       __set_invalid_parameter_handler 1000402b f   LIBCMT:invarg.obj
 0001:0000304d       __get_invalid_parameter_handler 1000404d f   LIBCMT:invarg.obj
 0001:0000305a       ?_invoke_watson@@YAXPBG00II@Z 1000405a f   LIBCMT:invarg.obj
 0001:00003063       __invalid_parameter        10004063 f   LIBCMT:invarg.obj
 0001:00003087       __invalid_parameter_noinfo 10004087 f   LIBCMT:invarg.obj
 0001:00003097       ?_invalid_parameter@@YAXPBG00II@Z 10004097 f   LIBCMT:invarg.obj
 0001:000030a0       __amsg_exit                100040a0 f   LIBCMT:crt0dat.obj
 0001:000030c4       ___crtCorExitProcess       100040c4 f   LIBCMT:crt0dat.obj
 0001:000030ea       ___crtExitProcess          100040ea f   LIBCMT:crt0dat.obj
 0001:000030ff       __lockexit                 100040ff f   LIBCMT:crt0dat.obj
 0001:00003108       __unlockexit               10004108 f   LIBCMT:crt0dat.obj
 0001:00003129       __initterm_e               10004129 f   LIBCMT:crt0dat.obj
 0001:00003149       __get_osplatform           10004149 f   LIBCMT:crt0dat.obj
 0001:00003180       __get_osver                10004180 f   LIBCMT:crt0dat.obj
 0001:000031bc       __get_winver               100041bc f   LIBCMT:crt0dat.obj
 0001:000031f8       __get_winmajor             100041f8 f   LIBCMT:crt0dat.obj
 0001:00003234       __get_winminor             10004234 f   LIBCMT:crt0dat.obj
 0001:00003270       __get_wpgmptr              10004270 f   LIBCMT:crt0dat.obj
 0001:000032a7       __get_pgmptr               100042a7 f   LIBCMT:crt0dat.obj
 0001:000032de       __cinit                    100042de f   LIBCMT:crt0dat.obj
 0001:0000343e       _exit                      1000443e f   LIBCMT:crt0dat.obj
 0001:0000344f       __exit                     1000444f f   LIBCMT:crt0dat.obj
 0001:00003460       __cexit                    10004460 f   LIBCMT:crt0dat.obj
 0001:0000346f       __c_exit                   1000446f f   LIBCMT:crt0dat.obj
 0001:0000347e       __init_pointers            1000447e f   LIBCMT:crt0dat.obj
 0001:000034ca       __NMSG_WRITE               100044ca f   LIBCMT:crt0msg.obj
 0001:0000366a       __GET_RTERRMSG             1000466a f   LIBCMT:crt0msg.obj
 0001:0000368a       __FF_MSGBANNER             1000468a f   LIBCMT:crt0msg.obj
 0001:000036c3       __initp_heap_handler       100046c3 f   LIBCMT:handler.obj
 0001:000036cd       ?_set_new_handler@@YAP6AHI@ZP6AHI@Z@Z 100046cd f   LIBCMT:handler.obj
 0001:000036fe       ?_set_new_handler@@YAP6AHI@ZH@Z 100046fe f   LIBCMT:handler.obj
 0001:00003707       ?_query_new_handler@@YAP6AHI@ZXZ 10004707 f   LIBCMT:handler.obj
 0001:00003714       __callnewh                 10004714 f   LIBCMT:handler.obj
 0001:00003736       __encode_pointer           10004736 f   LIBCMT:tidtable.obj
 0001:00003799       __encoded_null             10004799 f   LIBCMT:tidtable.obj
 0001:000037a2       __decode_pointer           100047a2 f   LIBCMT:tidtable.obj
 0001:00003805       ___crtTlsAlloc@4           10004805 f   LIBCMT:tidtable.obj
 0001:0000380e       ___fls_getvalue@4          1000480e f   LIBCMT:tidtable.obj
 0001:00003823       ___get_flsindex            10004823 f   LIBCMT:tidtable.obj
 0001:00003829       ___set_flsgetvalue         10004829 f   LIBCMT:tidtable.obj
 0001:00003853       ___fls_setvalue@8          10004853 f   LIBCMT:tidtable.obj
 0001:0000386c       __mtterm                   1000486c f   LIBCMT:tidtable.obj
 0001:000038a9       __initptd                  100048a9 f   LIBCMT:tidtable.obj
 0001:0000395d       __getptd_noexit            1000495d f   LIBCMT:tidtable.obj
 0001:000039e0       __getptd                   100049e0 f   LIBCMT:tidtable.obj
 0001:000039f8       __freefls@4                100049f8 f   LIBCMT:tidtable.obj
 0001:00003b19       __freeptd                  10004b19 f   LIBCMT:tidtable.obj
 0001:00003b82       ___threadid                10004b82 f   LIBCMT:tidtable.obj
 0001:00003b88       ___threadhandle            10004b88 f   LIBCMT:tidtable.obj
 0001:00003b8e       __mtinit                   10004b8e f   LIBCMT:tidtable.obj
 0001:00003d12       _wait_a_bit                10004d12 f i LIBCMT:crtheap.obj
 0001:00003d33       __set_malloc_crt_max_wait  10004d33 f   LIBCMT:crtheap.obj
 0001:00003d43       __malloc_crt               10004d43 f   LIBCMT:crtheap.obj
 0001:00003d83       __calloc_crt               10004d83 f   LIBCMT:crtheap.obj
 0001:00003dcb       __realloc_crt              10004dcb f   LIBCMT:crtheap.obj
 0001:00003e16       __recalloc_crt             10004e16 f   LIBCMT:crtheap.obj
 0001:00003e66       @_malloc_crt_fastcall@4    10004e66 f   LIBCMT:crtheap.obj
 0001:00003e6e       @_calloc_crt_fastcall@8    10004e6e f   LIBCMT:crtheap.obj
 0001:00003e78       @_realloc_crt_fastcall@8   10004e78 f   LIBCMT:crtheap.obj
 0001:00003e82       __ioinit                   10004e82 f   LIBCMT:ioinit.obj
 0001:000040c2       __ioterm                   100050c2 f   LIBCMT:ioinit.obj
 0001:0000410e       __setenvp                  1000510e f   LIBCMT:stdenvp.obj
 0001:000041e9       __set_pgmptr               100051e9 f i LIBCMT:stdargv.obj
 0001:0000438b       __setargv                  1000538b f   LIBCMT:stdargv.obj
 0001:00004444       ___crtGetEnvironmentStringsA 10005444 f   LIBCMT:a_env.obj
 0001:00004579       __RTC_Initialize           10005579 f   LIBCMT:initsect.obj
 0001:0000459d       __RTC_Terminate            1000559d f   LIBCMT:initsect.obj
 0001:000045c1       __initp_misc_winxfltr      100055c1 f   LIBCMT:winxfltr.obj
 0001:000045f4       __XcptFilter               100055f4 f   LIBCMT:winxfltr.obj
 0001:00004763       ___CppXcptFilter           10005763 f   LIBCMT:winxfltr.obj
 0001:0000477e       _DllMain@12                1000577e f   LIBCMT:dllmain.obj
 0001:00004784       ___security_init_cookie    10005784 f   LIBCMT:gs_support.obj
 0001:00004818       __initp_misc_initcrit      10005818 f   LIBCMT:initcrit.obj
 0001:00004832       ___crtInitCritSecAndSpinCount 10005832 f   LIBCMT:initcrit.obj
 0001:00004900       _memmove                   10005900 f   LIBCMT:memmove.obj
 0001:00004c65       @__security_check_cookie@4 10005c65 f   LIBCMT:secchk.obj
 0001:00004c74       __local_unwind4            10005c74 f   LIBCMT:exsup4.obj
 0001:00004d4a       __seh_longjmp_unwind4@4    10005d4a f   LIBCMT:exsup4.obj
 0001:00004d66       @_EH4_CallFilterFunc@8     10005d66 f   LIBCMT:exsup4.obj
 0001:00004d7d       @_EH4_TransferToHandler@8  10005d7d f   LIBCMT:exsup4.obj
 0001:00004d96       @_EH4_GlobalUnwind@4       10005d96 f   LIBCMT:exsup4.obj
 0001:00004db0       @_EH4_LocalUnwind@16       10005db0 f   LIBCMT:exsup4.obj
 0001:00004dd0       __ValidateImageBase        10005dd0 f   LIBCMT:pesect.obj
 0001:00004e00       __FindPESection            10005e00 f   LIBCMT:pesect.obj
 0001:00004e42       __IsNonwritableInCurrentImage 10005e42 f   LIBCMT:pesect.obj
 0001:00004f05       __VEC_memzero              10005f05 f   LIBCMT:p4_memset.obj
 0001:00004f94       __sse2_mathfcns_init       10005f94 f   LIBCMT:mathfcns.obj
 0001:00004fa8       __set_SSE2_enable          10005fa8 f   LIBCMT:mathfcns.obj
 0001:00005043       __VEC_memcpy               10006043 f   LIBCMT:p4_memcpy.obj
 0001:00005126       __crt_debugger_hook        10006126 f   LIBCMT:dbghook.obj
 0001:000051db       ___onexitinit              100061db f   LIBCMT:onexit.obj
 0001:0000520a       __onexit                   1000620a f   LIBCMT:onexit.obj
 0001:00005246       _atexit                    10006246 f   LIBCMT:onexit.obj
 0001:00005258       __initp_misc_cfltcvt_tab   10006258 f   LIBCMT:cmiscdat.obj
 0001:00005277       ?terminate@@YAXXZ          10006277 f   LIBCMT:hooks.obj
 0001:000052b0       ?unexpected@@YAXXZ         100062b0 f   LIBCMT:hooks.obj
 0001:000052c3       ?_inconsistency@@YAXXZ     100062c3 f   LIBCMT:hooks.obj
 0001:000052fa       __initp_eh_hooks           100062fa f   LIBCMT:hooks.obj
 0001:0000530b       __initp_misc_winsig        1000630b f   LIBCMT:winsig.obj
 0001:000053f3       ___get_sigabrt             100063f3 f   LIBCMT:winsig.obj
 0001:00005400       ___fpecode                 10006400 f   LIBCMT:winsig.obj
 0001:00005409       ___pxcptinfoptrs           10006409 f   LIBCMT:winsig.obj
 0001:00005412       _signal                    10006412 f   LIBCMT:winsig.obj
 0001:0000564f       _raise                     1000664f f   LIBCMT:winsig.obj
 0001:000057ff       __initp_misc_rand_s        100067ff f   LIBCMT:rand_s.obj
 0001:00005809       _rand_s                    10006809 f   LIBCMT:rand_s.obj
 0001:0000590d       ___getlocaleinfo           1000690d f   LIBCMT:inithelp.obj
 0001:00005a67       __initp_misc_purevirt      10006a67 f   LIBCMT:inithelp.obj
 0001:00005a71       ___crtMessageBoxA          10006a71 f   LIBCMT:crtmbox.obj
 0001:00005c0f       _strncpy_s                 10006c0f f   LIBCMT:strncpy_s.obj
 0001:00005cd0       _strlen                    10006cd0 f   LIBCMT:strlen.obj
 0001:00005d5b       __set_error_mode           10006d5b f   LIBCMT:errmode.obj
 0001:00005da1       ___set_app_type            10006da1 f   LIBCMT:errmode.obj
 0001:00005dab       ___get_app_type            10006dab f   LIBCMT:errmode.obj
 0001:00005db1       ____setlc_active_func      10006db1 f   LIBCMT:setlocal.obj
 0001:00005db7       ____unguarded_readlc_active_add_func 10006db7 f   LIBCMT:setlocal.obj
 0001:00005dbd       ___freetlocinfo            10006dbd f   LIBCMT:setlocal.obj
 0001:00005efd       ___addlocaleref            10006efd f   LIBCMT:setlocal.obj
 0001:00005f83       ___removelocaleref         10006f83 f   LIBCMT:setlocal.obj
 0001:00006071       ___updatetlocinfo          10007071 f   LIBCMT:setlocal.obj
 0001:000060e7       __configthreadlocale       100070e7 f   LIBCMT:setlocal.obj
 0001:000061a0       __free_locale              100071a0 f   LIBCMT:setlocal.obj
 0001:00006236       ___free_locale             10007236 f   LIBCMT:setlocal.obj
 0001:0000623b       __get_current_locale       1000723b f   LIBCMT:setlocal.obj
 0001:000062c3       ___get_current_locale      100072c3 f   LIBCMT:setlocal.obj
 0001:000062c8       ___init_dummy              100072c8 f   LIBCMT:setlocal.obj
 0001:000062cb       __strcats                  100072cb f   LIBCMT:setlocal.obj
 0001:00006309       ___lc_strtolc              10007309 f   LIBCMT:setlocal.obj
 0001:00006432       ___lc_lctostr              10007432 f   LIBCMT:setlocal.obj
 0001:0000660e       __expandlocale             1000760e f   LIBCMT:setlocal.obj
 0001:00006ca6       __create_locale            10007ca6 f   LIBCMT:setlocal.obj
 0001:00006d99       ___create_locale           10007d99 f   LIBCMT:setlocal.obj
 0001:00006d9e       _setlocale                 10007d9e f   LIBCMT:setlocal.obj
 0001:00006f0e       ??1_LocaleUpdate@@QAE@XZ   10007f0e f i LIBCMT:mbctype.obj
 0001:00006f1c       ?GetLocaleT@_LocaleUpdate@@QAEPAUlocaleinfo_struct@@XZ 10007f1c f i LIBCMT:mbctype.obj
 0001:0000712d       ___updatetmbcinfo          1000812d f   LIBCMT:mbctype.obj
 0001:000071d1       ??0_LocaleUpdate@@QAE@PAUlocaleinfo_struct@@@Z 100081d1 f i LIBCMT:mbctype.obj
 0001:000072cd       __setmbcp_nolock           100082cd f   LIBCMT:mbctype.obj
 0001:00007478       __getmbcp                  10008478 f   LIBCMT:mbctype.obj
 0001:000074b4       __setmbcp                  100084b4 f   LIBCMT:mbctype.obj
 0001:0000764e       ___initmbctable            1000864e f   LIBCMT:mbctype.obj
 0001:0000766c       __calloc_impl              1000866c f   LIBCMT:calloc.obj
 0001:0000778a       _calloc                    1000878a f   LIBCMT:calloc.obj
 0001:000077c9       _realloc                   100087c9 f   LIBCMT:realloc.obj
 0001:000079e4       __recalloc                 100089e4 f   LIBCMT:realloc.obj
 0001:00007a7c       __ismbbkalnum_l            10008a7c f   LIBCMT:ismbbyte.obj
 0001:00007a91       __ismbbkalnum              10008a91 f   LIBCMT:ismbbyte.obj
 0001:00007aa4       __ismbbkprint_l            10008aa4 f   LIBCMT:ismbbyte.obj
 0001:00007ab9       __ismbbkprint              10008ab9 f   LIBCMT:ismbbyte.obj
 0001:00007acc       __ismbbkpunct_l            10008acc f   LIBCMT:ismbbyte.obj
 0001:00007ae1       __ismbbkpunct              10008ae1 f   LIBCMT:ismbbyte.obj
 0001:00007af4       __ismbbalnum_l             10008af4 f   LIBCMT:ismbbyte.obj
 0001:00007b0c       __ismbbalnum               10008b0c f   LIBCMT:ismbbyte.obj
 0001:00007b22       __ismbbalpha_l             10008b22 f   LIBCMT:ismbbyte.obj
 0001:00007b3a       __ismbbalpha               10008b3a f   LIBCMT:ismbbyte.obj
 0001:00007b50       __ismbbgraph_l             10008b50 f   LIBCMT:ismbbyte.obj
 0001:00007b68       __ismbbgraph               10008b68 f   LIBCMT:ismbbyte.obj
 0001:00007b7e       __ismbbprint_l             10008b7e f   LIBCMT:ismbbyte.obj
 0001:00007b96       __ismbbprint               10008b96 f   LIBCMT:ismbbyte.obj
 0001:00007bac       __ismbbpunct_l             10008bac f   LIBCMT:ismbbyte.obj
 0001:00007bc1       __ismbbpunct               10008bc1 f   LIBCMT:ismbbyte.obj
 0001:00007bd4       __ismbblead_l              10008bd4 f   LIBCMT:ismbbyte.obj
 0001:00007be9       __ismbblead                10008be9 f   LIBCMT:ismbbyte.obj
 0001:00007bfc       __ismbbtrail_l             10008bfc f   LIBCMT:ismbbyte.obj
 0001:00007c11       __ismbbtrail               10008c11 f   LIBCMT:ismbbyte.obj
 0001:00007c24       __ismbbkana_l              10008c24 f   LIBCMT:ismbbyte.obj
 0001:00007c77       __ismbbkana                10008c77 f   LIBCMT:ismbbyte.obj
 0001:00007c85       ___report_gsfailure        10008c85 f   LIBCMT:gs_report.obj
 0001:00007d8c       __global_unwind2           10008d8c f   LIBCMT:exsup.obj
 0001:00007df1       __local_unwind2            10008df1 f   LIBCMT:exsup.obj
 0001:00007e75       __abnormal_termination     10008e75 f   LIBCMT:exsup.obj
 0001:00007e98       __NLG_Notify1              10008e98 f   LIBCMT:exsup.obj
 0001:00007ea1       __NLG_Notify               10008ea1 f   LIBCMT:exsup.obj
 0001:00007eb8       __NLG_Dispatch             10008eb8     LIBCMT:exsup.obj
 0001:00007eb8       __NLG_Dispatch2            10008eb8     LIBCMT:exsup.obj
 0001:00007ec0       __NLG_Call                 10008ec0 f   LIBCMT:exsup.obj
 0001:00007ec2       __NLG_Return2              10008ec2     LIBCMT:exsup.obj
 0001:00007f13       __get_sse2_info            10008f13 f   LIBCMT:cpu_disp.obj
 0001:00007f73       ___sse2_available_init     10008f73 f   LIBCMT:cpu_disp.obj
 0001:00007f80       __msize                    10008f80 f   LIBCMT:msize.obj
 0001:00008023       __fptrap                   10009023 f   LIBCMT:crt0fp.obj
 0001:0000802c       _abort                     1000902c f   LIBCMT:abort.obj
 0001:0000811f       __set_abort_behavior       1000911f f   LIBCMT:abort.obj
 0001:0000813d       __isalpha_l                1000913d f i LIBCMT:_ctype.obj
 0001:00008191       _isalpha                   10009191 f i LIBCMT:_ctype.obj
 0001:000081bc       __isupper_l                100091bc f i LIBCMT:_ctype.obj
 0001:0000820b       _isupper                   1000920b f i LIBCMT:_ctype.obj
 0001:00008234       __islower_l                10009234 f i LIBCMT:_ctype.obj
 0001:00008283       _islower                   10009283 f i LIBCMT:_ctype.obj
 0001:000082ac       __isdigit_l                100092ac f i LIBCMT:_ctype.obj
 0001:000082fb       _isdigit                   100092fb f i LIBCMT:_ctype.obj
 0001:00008324       __isxdigit_l               10009324 f i LIBCMT:_ctype.obj
 0001:00008378       _isxdigit                  10009378 f i LIBCMT:_ctype.obj
 0001:000083a3       __isspace_l                100093a3 f i LIBCMT:_ctype.obj
 0001:000083f2       _isspace                   100093f2 f i LIBCMT:_ctype.obj
 0001:0000841b       __ispunct_l                1000941b f i LIBCMT:_ctype.obj
 0001:0000846a       _ispunct                   1000946a f i LIBCMT:_ctype.obj
 0001:00008493       __isalnum_l                10009493 f i LIBCMT:_ctype.obj
 0001:000084e7       _isalnum                   100094e7 f i LIBCMT:_ctype.obj
 0001:00008512       __isprint_l                10009512 f i LIBCMT:_ctype.obj
 0001:00008566       _isprint                   10009566 f i LIBCMT:_ctype.obj
 0001:00008591       __isgraph_l                10009591 f i LIBCMT:_ctype.obj
 0001:000085e5       _isgraph                   100095e5 f i LIBCMT:_ctype.obj
 0001:00008610       __iscntrl_l                10009610 f i LIBCMT:_ctype.obj
 0001:0000865f       _iscntrl                   1000965f f i LIBCMT:_ctype.obj
 0001:00008688       ___isascii                 10009688 f i LIBCMT:_ctype.obj
 0001:00008695       ___toascii                 10009695 f i LIBCMT:_ctype.obj
 0001:0000869d       __iscsymf_l                1000969d f i LIBCMT:_ctype.obj
 0001:000086bc       ___iscsymf                 100096bc f i LIBCMT:_ctype.obj
 0001:000086d6       __iscsym_l                 100096d6 f i LIBCMT:_ctype.obj
 0001:000086f5       ___iscsym                  100096f5 f i LIBCMT:_ctype.obj
 0001:00008711       __MarkAllocaS              10009711 f i LIBCMT:w_loc.obj
 0001:00008723       __freea                    10009723 f i LIBCMT:w_loc.obj
 0001:00008879       ___crtGetLocaleInfoW       10009879 f   LIBCMT:w_loc.obj
 0001:000089f1       ___crtGetLocaleInfoA       100099f1 f   LIBCMT:a_loc.obj
 0001:00008a2c       ___pwctype_func            10009a2c f   LIBCMT:ctype.obj
 0001:00008a32       ___pctype_func             10009a32 f   LIBCMT:ctype.obj
 0001:00008e74       ___free_lc_time            10009e74 f   LIBCMT:inittime.obj
 0001:00009004       ___init_time               1000a004 f   LIBCMT:inittime.obj
 0001:000090aa       ___free_lconv_num          1000a0aa f   LIBCMT:initnum.obj
 0001:000090ea       ___init_numeric            1000a0ea f   LIBCMT:initnum.obj
 0001:000092e5       ___free_lconv_mon          1000a2e5 f   LIBCMT:initmon.obj
 0001:0000936e       ___init_monetary           1000a36e f   LIBCMT:initmon.obj
 0001:00009632       ___init_ctype              1000a632 f   LIBCMT:initctyp.obj
 0001:000099c7       ____mb_cur_max_func        1000a9c7 f   LIBCMT:initctyp.obj
 0001:000099f0       ____mb_cur_max_l_func      1000a9f0 f   LIBCMT:initctyp.obj
 0001:00009a06       ____lc_codepage_func       1000aa06 f   LIBCMT:initctyp.obj
 0001:00009a2c       ____lc_collate_cp_func     1000aa2c f   LIBCMT:initctyp.obj
 0001:00009a52       ____lc_handle_func         1000aa52 f   LIBCMT:initctyp.obj
 0001:00009a78       ___init_collate            1000aa78 f   LIBCMT:initcoll.obj
 0001:00009a7b       __Getdays_l                1000aa7b f   LIBCMT:strftime.obj
 0001:00009b79       __Getdays                  1000ab79 f   LIBCMT:strftime.obj
 0001:00009b82       __Getmonths_l              1000ab82 f   LIBCMT:strftime.obj
 0001:00009c80       __Getmonths                1000ac80 f   LIBCMT:strftime.obj
 0001:00009c89       __Gettnames_l              1000ac89 f   LIBCMT:strftime.obj
 0001:00009fde       __Gettnames                1000afde f   LIBCMT:strftime.obj
 0001:0000a9ae       __Strftime_l               1000b9ae f   LIBCMT:strftime.obj
 0001:0000ab5d       __strftime_l               1000bb5d f   LIBCMT:strftime.obj
 0001:0000ab7b       _strftime                  1000bb7b f   LIBCMT:strftime.obj
 0001:0000ab98       __Strftime                 1000bb98 f   LIBCMT:strftime.obj
 0001:0000abb6       _localeconv                1000bbb6 f   LIBCMT:lconv.obj
 0001:0000abe0       _strcspn                   1000bbe0 f   LIBCMT:strcspn.obj
 0001:0000ac30       _strcmp                    1000bc30 f   LIBCMT:strcmp.obj
 0001:0000b272       ___get_qualified_locale    1000c272 f   LIBCMT:getqloc.obj
 0001:0000c9c7       _memcmp                    1000d9c7 f   LIBCMT:memcmp.obj
 0001:0000e1ff       ___crtGetStringTypeA       1000f1ff f   LIBCMT:a_str.obj
 0001:0000e23f       _strncmp                   1000f23f f   LIBCMT:strncmp.obj
 0001:0000e300       _strpbrk                   1000f300 f   LIBCMT:strpbrk.obj
 0001:0000e6fc       ___crtLCMapStringA         1000f6fc f   LIBCMT:a_map.obj
 0001:0000e73f       __isctype_l                1000f73f f   LIBCMT:isctype.obj
 0001:0000e7f5       __isctype                  1000f7f5 f   LIBCMT:isctype.obj
 0001:0000e830       __alloca_probe_16          1000f830 f   LIBCMT:alloca16.obj
 0001:0000e846       __alloca_probe_8           1000f846     LIBCMT:alloca16.obj
 0001:0000e85c       __get_daylight             1000f85c f   LIBCMT:timeset.obj
 0001:0000e890       __get_dstbias              1000f890 f   LIBCMT:timeset.obj
 0001:0000e8c4       __get_timezone             1000f8c4 f   LIBCMT:timeset.obj
 0001:0000e8f8       __get_tzname               1000f8f8 f   LIBCMT:timeset.obj
 0001:0000e99a       ___daylight                1000f99a f   LIBCMT:timeset.obj
 0001:0000e9a0       ___dstbias                 1000f9a0 f   LIBCMT:timeset.obj
 0001:0000e9a6       ___timezone                1000f9a6 f   LIBCMT:timeset.obj
 0001:0000e9ac       ___tzname                  1000f9ac f   LIBCMT:timeset.obj
 0001:0000e9b2       __set_daylight             1000f9b2 f i LIBCMT:tzset.obj
 0001:0000e9be       __set_dstbias              1000f9be f i LIBCMT:tzset.obj
 0001:0000e9ca       __set_timezone             1000f9ca f i LIBCMT:tzset.obj
 0001:0000f0b8       ___tzset                   100100b8 f   LIBCMT:tzset.obj
 0001:0000f107       __tzset                    10010107 f   LIBCMT:tzset.obj
 0001:0000f13f       __isindst                  1001013f f   LIBCMT:tzset.obj
 0001:0000f180       ___ascii_stricmp           10010180 f   LIBCMT:stricmp.obj
 0001:0000f1b5       __stricmp_l                100101b5 f   LIBCMT:stricmp.obj
 0001:0000f288       __stricmp                  10010288 f   LIBCMT:stricmp.obj
 0001:0000f2d8       __isleadbyte_l             100102d8 f i LIBCMT:_wctype.obj
 0001:0000f30e       _isleadbyte                1001030e f i LIBCMT:_wctype.obj
 0001:0000f31c       __iswalpha_l               1001031c f i LIBCMT:_wctype.obj
 0001:0000f332       _iswalpha                  10010332 f i LIBCMT:_wctype.obj
 0001:0000f343       __iswupper_l               10010343 f i LIBCMT:_wctype.obj
 0001:0000f356       _iswupper                  10010356 f i LIBCMT:_wctype.obj
 0001:0000f364       __iswlower_l               10010364 f i LIBCMT:_wctype.obj
 0001:0000f377       _iswlower                  10010377 f i LIBCMT:_wctype.obj
 0001:0000f385       __iswdigit_l               10010385 f i LIBCMT:_wctype.obj
 0001:0000f398       _iswdigit                  10010398 f i LIBCMT:_wctype.obj
 0001:0000f3a6       __iswxdigit_l              100103a6 f i LIBCMT:_wctype.obj
 0001:0000f3bc       _iswxdigit                 100103bc f i LIBCMT:_wctype.obj
 0001:0000f3cd       __iswspace_l               100103cd f i LIBCMT:_wctype.obj
 0001:0000f3e0       _iswspace                  100103e0 f i LIBCMT:_wctype.obj
 0001:0000f3ee       __iswpunct_l               100103ee f i LIBCMT:_wctype.obj
 0001:0000f401       _iswpunct                  10010401 f i LIBCMT:_wctype.obj
 0001:0000f40f       __iswalnum_l               1001040f f i LIBCMT:_wctype.obj
 0001:0000f425       _iswalnum                  10010425 f i LIBCMT:_wctype.obj
 0001:0000f436       __iswprint_l               10010436 f i LIBCMT:_wctype.obj
 0001:0000f44c       _iswprint                  1001044c f i LIBCMT:_wctype.obj
 0001:0000f45d       __iswgraph_l               1001045d f i LIBCMT:_wctype.obj
 0001:0000f473       _iswgraph                  10010473 f i LIBCMT:_wctype.obj
 0001:0000f484       __iswcntrl_l               10010484 f i LIBCMT:_wctype.obj
 0001:0000f497       _iswcntrl                  10010497 f i LIBCMT:_wctype.obj
 0001:0000f4a5       _iswascii                  100104a5 f i LIBCMT:_wctype.obj
 0001:0000f4b1       __iswcsym_l                100104b1 f i LIBCMT:_wctype.obj
 0001:0000f4d7       ___iswcsym                 100104d7 f i LIBCMT:_wctype.obj
 0001:0000f4f8       __iswcsymf_l               100104f8 f i LIBCMT:_wctype.obj
 0001:0000f51e       ___iswcsymf                1001051e f i LIBCMT:_wctype.obj
 0001:0000f53f       _atol                      1001053f f   LIBCMT:atox.obj
 0001:0000f550       __atol_l                   10010550 f   LIBCMT:atox.obj
 0001:0000f565       _atoi                      10010565 f   LIBCMT:atox.obj
 0001:0000f56a       __atoi_l                   1001056a f   LIBCMT:atox.obj
 0001:0000f56f       __atoi64                   1001056f f   LIBCMT:atox.obj
 0001:0000f580       __atoi64_l                 10010580 f   LIBCMT:atox.obj
 0001:0000f595       __strnicmp_l               10010595 f   LIBCMT:strnicmp.obj
 0001:0000f685       __strnicmp                 10010685 f   LIBCMT:strnicmp.obj
 0001:0000f7bc       __itoa_s                   100107bc f   LIBCMT:xtoas.obj
 0001:0000f7e4       __ltoa_s                   100107e4 f   LIBCMT:xtoas.obj
 0001:0000f809       __ultoa_s                  10010809 f   LIBCMT:xtoas.obj
 0001:0000f917       __i64toa_s                 10010917 f   LIBCMT:xtoas.obj
 0001:0000f94a       __ui64toa_s                1001094a f   LIBCMT:xtoas.obj
 0001:0000f967       ___ansicp                  10010967 f   LIBCMT:convrtcp.obj
 0001:0000f9ae       ___convertcp               100109ae f   LIBCMT:convrtcp.obj
 0001:0000fb60       __alloca_probe             10010b60     LIBCMT:chkstk.obj
 0001:0000fb60       __chkstk                   10010b60 f   LIBCMT:chkstk.obj
 0001:0000fb8b       __getenv_helper_nolock     10010b8b f   LIBCMT:getenv.obj
 0001:0000fd41       _getenv                    10010d41 f   LIBCMT:getenv.obj
 0001:0000fdc4       _getenv_s                  10010dc4 f   LIBCMT:getenv.obj
 0001:0000fe9c       __dupenv_s                 10010e9c f   LIBCMT:getenv.obj
 0001:0000ff82       __tolower                  10010f82 f   LIBCMT:tolower.obj
 0001:0000ff8a       __tolower_l                10010f8a f   LIBCMT:tolower.obj
 0001:000100a1       _tolower                   100110a1 f   LIBCMT:tolower.obj
 0001:000100c8       __iswctype_l               100110c8 f   LIBCMT:iswctype.obj
 0001:0001014a       _iswctype                  1001114a f   LIBCMT:iswctype.obj
 0001:000101b8       _is_wctype                 100111b8 f   LIBCMT:iswctype.obj
 0001:000103e8       _strtol                    100113e8 f   LIBCMT:strtol.obj
 0001:00010411       __strtol_l                 10011411 f   LIBCMT:strtol.obj
 0001:0001042c       _strtoul                   1001142c f   LIBCMT:strtol.obj
 0001:00010456       __strtoul_l                10011456 f   LIBCMT:strtol.obj
 0001:00010705       __strtoi64                 10011705 f   LIBCMT:strtoq.obj
 0001:0001072e       __strtoi64_l               1001172e f   LIBCMT:strtoq.obj
 0001:00010749       __strtoui64                10011749 f   LIBCMT:strtoq.obj
 0001:00010773       __strtoui64_l              10011773 f   LIBCMT:strtoq.obj
 0001:00010790       ___ascii_strnicmp          10011790 f   LIBCMT:_strnicm.obj
 0001:00010800       __aulldvrm                 10011800 f   LIBCMT:ulldvrm.obj
 0001:00010895       __mbsnbicoll_l             10011895 f   LIBCMT:mbsnbico.obj
 0001:00010981       __mbsnbicoll               10011981 f   LIBCMT:mbsnbico.obj
 0001:00010998       ___wtomb_environ           10011998 f   LIBCMT:wtombenv.obj
 0001:00010a2d       _strnlen                   10011a2d f   LIBCMT:strlen_s.obj
 0001:00010c6b       ___crtGetStringTypeW       10011c6b f   LIBCMT:w_str.obj
 0001:00010cb0       __allmul                   10011cb0 f   LIBCMT:llmul.obj
 0001:00011087       ___crtCompareStringA       10012087 f   LIBCMT:a_cmp.obj
 0001:000110c7       __strnicoll_l              100120c7 f   LIBCMT:strnicol.obj
 0001:000111bf       __strnicoll                100121bf f   LIBCMT:strnicol.obj
 0001:00011290       ___crtsetenv               10012290 f   LIBCMT:setenv.obj
 0001:000114d7       __strdup                   100124d7 f   LIBCMT:strdup.obj
 0001:00011527       __mbschr_l                 10012527 f   LIBCMT:mbschr.obj
 0001:000115e1       __mbschr                   100125e1 f   LIBCMT:mbschr.obj
 0001:00011610       _strchr                    10012610 f   LIBCMT:strchr.obj
 0001:00011616       ___from_strstr_to_strchr   10012616     LIBCMT:strchr.obj
 0001:000116ce       _HeapFree@12               100126ce f   kernel32:KERNEL32.dll
 0001:000116d4       _HeapAlloc@12              100126d4 f   kernel32:KERNEL32.dll
 0001:000116da       _GetCurrentThreadId@0      100126da f   kernel32:KERNEL32.dll
 0001:000116e0       _GetCommandLineA@0         100126e0 f   kernel32:KERNEL32.dll
 0001:000116e6       _GetVersionExA@4           100126e6 f   kernel32:KERNEL32.dll
 0001:000116ec       _GetProcessHeap@0          100126ec f   kernel32:KERNEL32.dll
 0001:000116f2       _HeapDestroy@4             100126f2 f   kernel32:KERNEL32.dll
 0001:000116f8       _HeapCreate@12             100126f8 f   kernel32:KERNEL32.dll
 0001:000116fe       _VirtualFree@12            100126fe f   kernel32:KERNEL32.dll
 0001:00011704       _DeleteCriticalSection@4   10012704 f   kernel32:KERNEL32.dll
 0001:0001170a       _LeaveCriticalSection@4    1001270a f   kernel32:KERNEL32.dll
 0001:00011710       _FatalAppExitA@8           10012710 f   kernel32:KERNEL32.dll
 0001:00011716       _EnterCriticalSection@4    10012716 f   kernel32:KERNEL32.dll
 0001:0001171c       _VirtualAlloc@16           1001271c f   kernel32:KERNEL32.dll
 0001:00011722       _HeapReAlloc@16            10012722 f   kernel32:KERNEL32.dll
 0001:00011728       _TerminateProcess@8        10012728 f   kernel32:KERNEL32.dll
 0001:0001172e       _GetCurrentProcess@0       1001272e f   kernel32:KERNEL32.dll
 0001:00011734       _UnhandledExceptionFilter@4 10012734 f   kernel32:KERNEL32.dll
 0001:0001173a       _SetUnhandledExceptionFilter@4 1001273a f   kernel32:KERNEL32.dll
 0001:00011740       _IsDebuggerPresent@0       10012740 f   kernel32:KERNEL32.dll
 0001:00011746       _GetProcAddress@8          10012746 f   kernel32:KERNEL32.dll
 0001:0001174c       _GetModuleHandleA@4        1001274c f   kernel32:KERNEL32.dll
 0001:00011752       _ExitProcess@4             10012752 f   kernel32:KERNEL32.dll
 0001:00011758       _WriteFile@20              10012758 f   kernel32:KERNEL32.dll
 0001:0001175e       _GetStdHandle@4            1001275e f   kernel32:KERNEL32.dll
 0001:00011764       _GetModuleFileNameA@12     10012764 f   kernel32:KERNEL32.dll
 0001:0001176a       _TlsGetValue@4             1001276a f   kernel32:KERNEL32.dll
 0001:00011770       _TlsAlloc@0                10012770 f   kernel32:KERNEL32.dll
 0001:00011776       _TlsSetValue@8             10012776 f   kernel32:KERNEL32.dll
 0001:0001177c       _TlsFree@4                 1001277c f   kernel32:KERNEL32.dll
 0001:00011782       _InterlockedIncrement@4    10012782 f   kernel32:KERNEL32.dll
 0001:00011788       _SetLastError@4            10012788 f   kernel32:KERNEL32.dll
 0001:0001178e       _InterlockedDecrement@4    1001278e f   kernel32:KERNEL32.dll
 0001:00011794       _GetCurrentThread@0        10012794 f   kernel32:KERNEL32.dll
 0001:0001179a       _Sleep@4                   1001279a f   kernel32:KERNEL32.dll
 0001:000117a0       _SetHandleCount@4          100127a0 f   kernel32:KERNEL32.dll
 0001:000117a6       _GetFileType@4             100127a6 f   kernel32:KERNEL32.dll
 0001:000117ac       _GetStartupInfoA@4         100127ac f   kernel32:KERNEL32.dll
 0001:000117b2       _FreeEnvironmentStringsA@4 100127b2 f   kernel32:KERNEL32.dll
 0001:000117b8       _GetEnvironmentStrings@0   100127b8 f   kernel32:KERNEL32.dll
 0001:000117be       _FreeEnvironmentStringsW@4 100127be f   kernel32:KERNEL32.dll
 0001:000117c4       _WideCharToMultiByte@32    100127c4 f   kernel32:KERNEL32.dll
 0001:000117ca       _GetEnvironmentStringsW@0  100127ca f   kernel32:KERNEL32.dll
 0001:000117d0       _QueryPerformanceCounter@4 100127d0 f   kernel32:KERNEL32.dll
 0001:000117d6       _GetTickCount@0            100127d6 f   kernel32:KERNEL32.dll
 0001:000117dc       _GetCurrentProcessId@0     100127dc f   kernel32:KERNEL32.dll
 0001:000117e2       _GetSystemTimeAsFileTime@4 100127e2 f   kernel32:KERNEL32.dll
 0001:000117e8       _InitializeCriticalSection@4 100127e8 f   kernel32:KERNEL32.dll
 0001:000117ee       _RtlUnwind@16              100127ee f   kernel32:KERNEL32.dll
 0001:000117f4       _SetConsoleCtrlHandler@8   100127f4 f   kernel32:KERNEL32.dll
 0001:000117fa       _FreeLibrary@4             100127fa f   kernel32:KERNEL32.dll
 0001:00011800       _InterlockedExchange@8     10012800 f   kernel32:KERNEL32.dll
 0001:00011806       _LoadLibraryA@4            10012806 f   kernel32:KERNEL32.dll
 0001:0001180c       _GetCPInfo@8               1001280c f   kernel32:KERNEL32.dll
 0001:00011812       _GetACP@0                  10012812 f   kernel32:KERNEL32.dll
 0001:00011818       _GetOEMCP@0                10012818 f   kernel32:KERNEL32.dll
 0001:0001181e       _HeapSize@12               1001281e f   kernel32:KERNEL32.dll
 0001:00011824       _MultiByteToWideChar@24    10012824 f   kernel32:KERNEL32.dll
 0001:0001182a       _GetLocaleInfoA@16         1001282a f   kernel32:KERNEL32.dll
 0001:00011830       _GetLocaleInfoW@16         10012830 f   kernel32:KERNEL32.dll
 0001:00011836       _GetTimeFormatA@24         10012836 f   kernel32:KERNEL32.dll
 0001:0001183c       _GetDateFormatA@24         1001283c f   kernel32:KERNEL32.dll
 0001:00011842       _GetUserDefaultLCID@0      10012842 f   kernel32:KERNEL32.dll
 0001:00011848       _EnumSystemLocalesA@8      10012848 f   kernel32:KERNEL32.dll
 0001:0001184e       _IsValidLocale@8           1001284e f   kernel32:KERNEL32.dll
 0001:00011854       _IsValidCodePage@4         10012854 f   kernel32:KERNEL32.dll
 0001:0001185a       _GetStringTypeA@20         1001285a f   kernel32:KERNEL32.dll
 0001:00011860       _GetStringTypeW@16         10012860 f   kernel32:KERNEL32.dll
 0001:00011866       _LCMapStringA@24           10012866 f   kernel32:KERNEL32.dll
 0001:0001186c       _LCMapStringW@24           1001286c f   kernel32:KERNEL32.dll
 0001:00011872       _GetTimeZoneInformation@4  10012872 f   kernel32:KERNEL32.dll
 0001:00011878       _CompareStringA@24         10012878 f   kernel32:KERNEL32.dll
 0001:0001187e       _CompareStringW@24         1001287e f   kernel32:KERNEL32.dll
 0001:00011884       _SetEnvironmentVariableA@8 10012884 f   kernel32:KERNEL32.dll
 0002:00000000       ___xc_a                    10018000     LIBCMT:crt0init.obj
 0002:00000104       ___xc_z                    10018104     LIBCMT:crt0init.obj
 0002:00000208       ___xi_a                    10018208     LIBCMT:crt0init.obj
 0002:00000420       ___xi_z                    10018420     LIBCMT:crt0init.obj
 0002:00000524       ___xp_a                    10018524     LIBCMT:crt0init.obj
 0002:00000628       ___xp_z                    10018628     LIBCMT:crt0init.obj
 0002:0000072c       ___xt_a                    1001872c     LIBCMT:crt0init.obj
 0002:00000830       ___xt_z                    10018830     LIBCMT:crt0init.obj
 0002:0000095c       ??_C@_0BB@FCEIFCMC@Global?2WSP_EVENT?$AA@ 1001895c     SharedMemoryMgr.obj
 0002:00000970       ??_C@_0BB@LBPODKGI@Global?2WSP_MUTEX?$AA@ 10018970     SharedMemoryMgr.obj
 0002:00000984       ??_C@_07DLJKOECL@Global?2?$AA@ 10018984     SharedMemoryMgr.obj
 0002:00000990       __pRawDllMain              10018990     LIBCMT:dllcrt0.obj
 0002:00000990       __pDefaultRawDllMain       10018990     LIBCMT:dllcrt0.obj
 0002:00000994       ?ProcessDetach@NativeDll@<CrtImplementationDetails>@@0IB 10018994     LIBCMT:invarg.obj
 0002:00000998       ?ProcessAttach@NativeDll@<CrtImplementationDetails>@@0IB 10018998     LIBCMT:invarg.obj
 0002:0000099c       ?ThreadAttach@NativeDll@<CrtImplementationDetails>@@0IB 1001899c     LIBCMT:invarg.obj
 0002:000009a0       ?ThreadDetach@NativeDll@<CrtImplementationDetails>@@0IB 100189a0     LIBCMT:invarg.obj
 0002:000009a4       ?ProcessVerifier@NativeDll@<CrtImplementationDetails>@@0IB 100189a4     LIBCMT:invarg.obj
 0002:000009a8       ??_C@_0P@MIGLKIOC@CorExitProcess?$AA@ 100189a8     LIBCMT:crt0dat.obj
 0002:000009b8       ??_C@_0M@MBOPBNBK@mscoree?4dll?$AA@ 100189b8     LIBCMT:crt0dat.obj
 0002:000009c4       ??_C@_0P@GGKDKEEG@runtime?5error?5?$AA@ 100189c4     LIBCMT:crt0msg.obj
 0002:000009d4       ??_C@_02PCIJFNDE@?$AN?6?$AA@ 100189d4     LIBCMT:crt0msg.obj
 0002:000009d8       ??_C@_0O@MJNIPGOH@TLOSS?5error?$AN?6?$AA@ 100189d8     LIBCMT:crt0msg.obj
 0002:000009e8       ??_C@_0N@BONNPDHF@SING?5error?$AN?6?$AA@ 100189e8     LIBCMT:crt0msg.obj
 0002:000009f8       ??_C@_0P@MBDAJNE@DOMAIN?5error?$AN?6?$AA@ 100189f8     LIBCMT:crt0msg.obj
 0002:00000a08       ??_C@_0JL@DFDOOABL@R6034?$AN?6An?5application?5has?5made?5a@ 10018a08     LIBCMT:crt0msg.obj
 0002:00000aa8       ??_C@_0PH@EPAFIJ@R6033?$AN?6?9?5Attempt?5to?5use?5MSIL?5cod@ 10018aa8     LIBCMT:crt0msg.obj
 0002:00000ba0       ??_C@_0DD@BKEEABMM@R6032?$AN?6?9?5not?5enough?5space?5for?5lo@ 10018ba0     LIBCMT:crt0msg.obj
 0002:00000bd8       ??_C@_0GD@OFKILIED@R6031?$AN?6?9?5Attempt?5to?5initialize?5t@ 10018bd8     LIBCMT:crt0msg.obj
 0002:00000c3c       ??_C@_0BP@LPMHJOKI@R6030?$AN?6?9?5CRT?5not?5initialized?$AN?6?$AA@ 10018c3c     LIBCMT:crt0msg.obj
 0002:00000c5c       ??_C@_0CF@KJDAIALP@R6028?$AN?6?9?5unable?5to?5initialize?5he@ 10018c5c     LIBCMT:crt0msg.obj
 0002:00000c84       ??_C@_0DF@GAKBPDFP@R6027?$AN?6?9?5not?5enough?5space?5for?5lo@ 10018c84     LIBCMT:crt0msg.obj
 0002:00000cbc       ??_C@_0DF@IBLNNAIG@R6026?$AN?6?9?5not?5enough?5space?5for?5st@ 10018cbc     LIBCMT:crt0msg.obj
 0002:00000cf4       ??_C@_0CG@IOHKGFNJ@R6025?$AN?6?9?5pure?5virtual?5function?5c@ 10018cf4     LIBCMT:crt0msg.obj
 0002:00000d1c       ??_C@_0DF@JIJJFJDC@R6024?$AN?6?9?5not?5enough?5space?5for?5_o@ 10018d1c     LIBCMT:crt0msg.obj
 0002:00000d54       ??_C@_0CJ@EGEJHFME@R6019?$AN?6?9?5unable?5to?5open?5console?5@ 10018d54     LIBCMT:crt0msg.obj
 0002:00000d80       ??_C@_0CB@GNHNIELH@R6018?$AN?6?9?5unexpected?5heap?5error?$AN?6@ 10018d80     LIBCMT:crt0msg.obj
 0002:00000da4       ??_C@_0CN@FOLDKNG@R6017?$AN?6?9?5unexpected?5multithread?5@ 10018da4     LIBCMT:crt0msg.obj
 0002:00000dd4       ??_C@_0CM@FAHFJNHO@R6016?$AN?6?9?5not?5enough?5space?5for?5th@ 10018dd4     LIBCMT:crt0msg.obj
 0002:00000e00       ??_C@_0JG@LBKMGKLD@?$AN?6This?5application?5has?5requested@ 10018e00     LIBCMT:crt0msg.obj
 0002:00000e98       ??_C@_0CM@FLCNIPKK@R6009?$AN?6?9?5not?5enough?5space?5for?5en@ 10018e98     LIBCMT:crt0msg.obj
 0002:00000ec4       ??_C@_0CK@KMMJOAPP@R6008?$AN?6?9?5not?5enough?5space?5for?5ar@ 10018ec4     LIBCMT:crt0msg.obj
 0002:00000ef0       ??_C@_0CF@HOHMHDEK@R6002?$AN?6?9?5floating?5point?5not?5load@ 10018ef0     LIBCMT:crt0msg.obj
 0002:00000f18       ??_C@_0CF@GOGNBNAK@Microsoft?5Visual?5C?$CL?$CL?5Runtime?5Lib@ 10018f18     LIBCMT:crt0msg.obj
 0002:00000f40       ??_C@_02PHMGELLB@?6?6?$AA@ 10018f40     LIBCMT:crt0msg.obj
 0002:00000f44       ??_C@_03KHICJKCI@?4?4?4?$AA@ 10018f44     LIBCMT:crt0msg.obj
 0002:00000f48       ??_C@_0BH@DNAGHKFM@?$DMprogram?5name?5unknown?$DO?$AA@ 10018f48     LIBCMT:crt0msg.obj
 0002:00000f60       ??_C@_0BK@OFGJDLJJ@Runtime?5Error?$CB?6?6Program?3?5?$AA@ 10018f60     LIBCMT:crt0msg.obj
 0002:00000f7c       ??_C@_0O@NLDKAIKN@EncodePointer?$AA@ 10018f7c     LIBCMT:tidtable.obj
 0002:00000f8c       ??_C@_0N@NHGLKGEC@KERNEL32?4DLL?$AA@ 10018f8c     LIBCMT:tidtable.obj
 0002:00000f9c       ??_C@_0O@KBPMFGHI@DecodePointer?$AA@ 10018f9c     LIBCMT:tidtable.obj
 0002:00000fac       ??_C@_07PEJMOBNF@FlsFree?$AA@ 10018fac     LIBCMT:tidtable.obj
 0002:00000fb4       ??_C@_0M@JCPCPOEF@FlsSetValue?$AA@ 10018fb4     LIBCMT:tidtable.obj
 0002:00000fc0       ??_C@_0M@GDNOONDI@FlsGetValue?$AA@ 10018fc0     LIBCMT:tidtable.obj
 0002:00000fcc       ??_C@_08KNHFBNJ@FlsAlloc?$AA@ 10018fcc     LIBCMT:tidtable.obj
 0002:00000fd8       ??_C@_0CG@PKBDLMEO@InitializeCriticalSectionAndSpin@ 10018fd8     LIBCMT:initcrit.obj
 0002:00001000       ??_C@_0N@MDJJJHMB@kernel32?4dll?$AA@ 10019000     LIBCMT:initcrit.obj
 0002:00001010       ??_C@_0BC@JEAENNKH@SystemFunction036?$AA@ 10019010     LIBCMT:rand_s.obj
 0002:00001024       ??_C@_0N@JJPEKNFO@ADVAPI32?4DLL?$AA@ 10019024     LIBCMT:rand_s.obj
 0002:00001034       ??_C@_0BI@DFKBFLJE@GetProcessWindowStation?$AA@ 10019034     LIBCMT:crtmbox.obj
 0002:0000104c       ??_C@_0BK@CIDNPOGP@GetUserObjectInformationA?$AA@ 1001904c     LIBCMT:crtmbox.obj
 0002:00001068       ??_C@_0BD@HHGDFDBJ@GetLastActivePopup?$AA@ 10019068     LIBCMT:crtmbox.obj
 0002:0000107c       ??_C@_0BA@HNOPNCHB@GetActiveWindow?$AA@ 1001907c     LIBCMT:crtmbox.obj
 0002:0000108c       ??_C@_0M@CHKKJDAI@MessageBoxA?$AA@ 1001908c     LIBCMT:crtmbox.obj
 0002:00001098       ??_C@_0L@NDEGIDAG@USER32?4DLL?$AA@ 10019098     LIBCMT:crtmbox.obj
 0002:000010a4       ??_C@_07LCBHPJJN@LC_TIME?$AA@ 100190a4     LIBCMT:setlocal.obj
 0002:000010ac       ??_C@_0L@DLHIECNL@LC_NUMERIC?$AA@ 100190ac     LIBCMT:setlocal.obj
 0002:000010b8       ??_C@_0M@MIENIKLA@LC_MONETARY?$AA@ 100190b8     LIBCMT:setlocal.obj
 0002:000010c4       ??_C@_08EADHIDAD@LC_CTYPE?$AA@ 100190c4     LIBCMT:setlocal.obj
 0002:000010d0       ??_C@_0L@KFJHEKIK@LC_COLLATE?$AA@ 100190d0     LIBCMT:setlocal.obj
 0002:000010dc       ??_C@_06NEFDFEKB@LC_ALL?$AA@ 100190dc     LIBCMT:setlocal.obj
 0002:000010e8       ___lc_category             100190e8     LIBCMT:setlocal.obj
 0002:000011b0       ??_C@_03EGDHDPFD@_?4?0?$AA@ 100191b0     LIBCMT:setlocal.obj
 0002:000011b4       ??_C@_01LFCBOECM@?4?$AA@   100191b4     LIBCMT:setlocal.obj
 0002:000011b8       ??_C@_01IDAFKMJL@_?$AA@    100191b8     LIBCMT:setlocal.obj
 0002:000011bc       ??_C@_01ICJEACDI@?$DL?$AA@ 100191bc     LIBCMT:setlocal.obj
 0002:000011c0       ??_C@_01NEMOKFLO@?$DN?$AA@ 100191c0     LIBCMT:setlocal.obj
 0002:000011c2       ??_C@_00CNPNBAHC@?$AA@     100191c2     LIBCMT:setlocal.obj
 0002:000011c4       ??_C@_01GFHCPBMG@C?$AA@    100191c4     LIBCMT:setlocal.obj
 0002:000011c8       ??_C@_02BALPLPBG@?$DN?$DL?$AA@ 100191c8     LIBCMT:setlocal.obj
 0002:000011d8       ___newctype                100191d8     LIBCMT:ctype.obj
 0002:000014d8       __wctype                   100194d8     LIBCMT:ctype.obj
 0002:000016e0       ___newclmap                100196e0     LIBCMT:ctype.obj
 0002:00001860       ___newcumap                10019860     LIBCMT:ctype.obj
 0002:000019e0       ??_C@_08JCCMCCIL@HH?3mm?3ss?$AA@ 100199e0     LIBCMT:strftime.obj
 0002:000019ec       ??_C@_0BE@CKGJFCPC@dddd?0?5MMMM?5dd?0?5yyyy?$AA@ 100199ec     LIBCMT:strftime.obj
 0002:00001a00       ??_C@_08BPBNCDIB@MM?1dd?1yy?$AA@ 10019a00     LIBCMT:strftime.obj
 0002:00001a0c       ??_C@_02CJNFDJBF@PM?$AA@   10019a0c     LIBCMT:strftime.obj
 0002:00001a10       ??_C@_02DEDBPAFC@AM?$AA@   10019a10     LIBCMT:strftime.obj
 0002:00001a14       ??_C@_08EDHMEBNP@December?$AA@ 10019a14     LIBCMT:strftime.obj
 0002:00001a20       ??_C@_08HCHEGEOA@November?$AA@ 10019a20     LIBCMT:strftime.obj
 0002:00001a2c       ??_C@_07JJNFCEND@October?$AA@ 10019a2c     LIBCMT:strftime.obj
 0002:00001a34       ??_C@_09BHHEALKD@September?$AA@ 10019a34     LIBCMT:strftime.obj
 0002:00001a40       ??_C@_06LBBHFDDG@August?$AA@ 10019a40     LIBCMT:strftime.obj
 0002:00001a48       ??_C@_04MIEPOIFP@July?$AA@ 10019a48     LIBCMT:strftime.obj
 0002:00001a50       ??_C@_04CNLMGBGM@June?$AA@ 10019a50     LIBCMT:strftime.obj
 0002:00001a58       ??_C@_05DMJDNLEJ@April?$AA@ 10019a58     LIBCMT:strftime.obj
 0002:00001a60       ??_C@_05HPCKOFNC@March?$AA@ 10019a60     LIBCMT:strftime.obj
 0002:00001a68       ??_C@_08GNJGEPFN@February?$AA@ 10019a68     LIBCMT:strftime.obj
 0002:00001a74       ??_C@_07CGJPFGJA@January?$AA@ 10019a74     LIBCMT:strftime.obj
 0002:00001a7c       ??_C@_03MKABNOCG@Dec?$AA@  10019a7c     LIBCMT:strftime.obj
 0002:00001a80       ??_C@_03JPJOFNIA@Nov?$AA@  10019a80     LIBCMT:strftime.obj
 0002:00001a84       ??_C@_03BMAOKBAD@Oct?$AA@  10019a84     LIBCMT:strftime.obj
 0002:00001a88       ??_C@_03GGCAPAJC@Sep?$AA@  10019a88     LIBCMT:strftime.obj
 0002:00001a8c       ??_C@_03IFJFEIGA@Aug?$AA@  10019a8c     LIBCMT:strftime.obj
 0002:00001a90       ??_C@_03LBGABGKK@Jul?$AA@  10019a90     LIBCMT:strftime.obj
 0002:00001a94       ??_C@_03IDFGHECI@Jun?$AA@  10019a94     LIBCMT:strftime.obj
 0002:00001a98       ??_C@_03CNMDKL@May?$AA@    10019a98     LIBCMT:strftime.obj
 0002:00001a9c       ??_C@_03LEOLGMJP@Apr?$AA@  10019a9c     LIBCMT:strftime.obj
 0002:00001aa0       ??_C@_03ODNJBKGA@Mar?$AA@  10019aa0     LIBCMT:strftime.obj
 0002:00001aa4       ??_C@_03HJBDCHOM@Feb?$AA@  10019aa4     LIBCMT:strftime.obj
 0002:00001aa8       ??_C@_03JIHJHPIE@Jan?$AA@  10019aa8     LIBCMT:strftime.obj
 0002:00001aac       ??_C@_08INBOOONO@Saturday?$AA@ 10019aac     LIBCMT:strftime.obj
 0002:00001ab8       ??_C@_06JECMNKMI@Friday?$AA@ 10019ab8     LIBCMT:strftime.obj
 0002:00001ac0       ??_C@_08HACCIKIA@Thursday?$AA@ 10019ac0     LIBCMT:strftime.obj
 0002:00001acc       ??_C@_09DLIGFAKA@Wednesday?$AA@ 10019acc     LIBCMT:strftime.obj
 0002:00001ad8       ??_C@_07BAAGCFCM@Tuesday?$AA@ 10019ad8     LIBCMT:strftime.obj
 0002:00001ae0       ??_C@_06JLEDEDGH@Monday?$AA@ 10019ae0     LIBCMT:strftime.obj
 0002:00001ae8       ??_C@_06OOPIFAJ@Sunday?$AA@ 10019ae8     LIBCMT:strftime.obj
 0002:00001af0       ??_C@_03FEFJNEK@Sat?$AA@   10019af0     LIBCMT:strftime.obj
 0002:00001af4       ??_C@_03IDIOELNC@Fri?$AA@  10019af4     LIBCMT:strftime.obj
 0002:00001af8       ??_C@_03IOFIKPDN@Thu?$AA@  10019af8     LIBCMT:strftime.obj
 0002:00001afc       ??_C@_03MHOMLAJA@Wed?$AA@  10019afc     LIBCMT:strftime.obj
 0002:00001b00       ??_C@_03NAGEINEP@Tue?$AA@  10019b00     LIBCMT:strftime.obj
 0002:00001b04       ??_C@_03PDAGKDH@Mon?$AA@   10019b04     LIBCMT:strftime.obj
 0002:00001b08       ??_C@_03KOEHGMDN@Sun?$AA@  10019b08     LIBCMT:strftime.obj
 0002:00001b0c       ??_C@_03EBAPMIKO@a?1p?$AA@ 10019b0c     LIBCMT:strftime.obj
 0002:00001b10       ??_C@_05JAMEPDIN@am?1pm?$AA@ 10019b10     LIBCMT:strftime.obj
 0002:00001b18       ??_C@_0O@FMJNFNKE@united?9states?$AA@ 10019b18     LIBCMT:getqloc.obj
 0002:00001b28       ??_C@_0P@NDHFFKCA@united?9kingdom?$AA@ 10019b28     LIBCMT:getqloc.obj
 0002:00001b38       ??_C@_0BC@HHDADLGF@trinidad?5?$CG?5tobago?$AA@ 10019b38     LIBCMT:getqloc.obj
 0002:00001b4c       ??_C@_0M@IOAEBDAC@south?9korea?$AA@ 10019b4c     LIBCMT:getqloc.obj
 0002:00001b58       ??_C@_0N@FIELFKIJ@south?9africa?$AA@ 10019b58     LIBCMT:getqloc.obj
 0002:00001b68       ??_C@_0M@OPNDHCMC@south?5korea?$AA@ 10019b68     LIBCMT:getqloc.obj
 0002:00001b74       ??_C@_0N@MDEOEPFI@south?5africa?$AA@ 10019b74     LIBCMT:getqloc.obj
 0002:00001b84       ??_C@_06FKAPCJLB@slovak?$AA@ 10019b84     LIBCMT:getqloc.obj
 0002:00001b8c       ??_C@_0M@EFJANOAL@puerto?9rico?$AA@ 10019b8c     LIBCMT:getqloc.obj
 0002:00001b98       ??_C@_08PGOJKDAI@pr?9china?$AA@ 10019b98     LIBCMT:getqloc.obj
 0002:00001ba4       ??_C@_08JHDOMCMI@pr?5china?$AA@ 10019ba4     LIBCMT:getqloc.obj
 0002:00001bb0       ??_C@_02JHCHFBLL@nz?$AA@   10019bb0     LIBCMT:getqloc.obj
 0002:00001bb4       ??_C@_0M@LINHDHKP@new?9zealand?$AA@ 10019bb4     LIBCMT:getqloc.obj
 0002:00001bc0       ??_C@_09IIIPPBDB@hong?9kong?$AA@ 10019bc0     LIBCMT:getqloc.obj
 0002:00001bcc       ??_C@_07HJLCKBG@holland?$AA@ 10019bcc     LIBCMT:getqloc.obj
 0002:00001bd4       ??_C@_0O@LEHGMHAG@great?5britain?$AA@ 10019bd4     LIBCMT:getqloc.obj
 0002:00001be4       ??_C@_07FACOMELA@england?$AA@ 10019be4     LIBCMT:getqloc.obj
 0002:00001bec       ??_C@_05JIHCEICB@czech?$AA@ 10019bec     LIBCMT:getqloc.obj
 0002:00001bf4       ??_C@_05BBJOBLGB@china?$AA@ 10019bf4     LIBCMT:getqloc.obj
 0002:00001bfc       ??_C@_07GPKPHICP@britain?$AA@ 10019bfc     LIBCMT:getqloc.obj
 0002:00001c04       ??_C@_07MHIPBHMG@america?$AA@ 10019c04     LIBCMT:getqloc.obj
 0002:00001c0c       ??_C@_03KIALPMKC@usa?$AA@  10019c0c     LIBCMT:getqloc.obj
 0002:00001c10       ??_C@_02FGJGKGGD@us?$AA@   10019c10     LIBCMT:getqloc.obj
 0002:00001c14       ??_C@_02NEINDODK@uk?$AA@   10019c14     LIBCMT:getqloc.obj
 0002:00001c18       ??_C@_05JMPCFJFJ@swiss?$AA@ 10019c18     LIBCMT:getqloc.obj
 0002:00001c20       ??_C@_0BA@HLOCPIOD@swedish?9finland?$AA@ 10019c20     LIBCMT:getqloc.obj
 0002:00001c30       ??_C@_0BC@PKCNIABK@spanish?9venezuela?$AA@ 10019c30     LIBCMT:getqloc.obj
 0002:00001c44       ??_C@_0BA@GBHHMIJI@spanish?9uruguay?$AA@ 10019c44     LIBCMT:getqloc.obj
 0002:00001c54       ??_C@_0BE@BHDOHPMC@spanish?9puerto?5rico?$AA@ 10019c54     LIBCMT:getqloc.obj
 0002:00001c68       ??_C@_0N@KMOIDGGN@spanish?9peru?$AA@ 10019c68     LIBCMT:getqloc.obj
 0002:00001c78       ??_C@_0BB@HMHLPGPH@spanish?9paraguay?$AA@ 10019c78     LIBCMT:getqloc.obj
 0002:00001c8c       ??_C@_0P@MCPKNGFD@spanish?9panama?$AA@ 10019c8c     LIBCMT:getqloc.obj
 0002:00001c9c       ??_C@_0BC@IHOHGAIL@spanish?9nicaragua?$AA@ 10019c9c     LIBCMT:getqloc.obj
 0002:00001cb0       ??_C@_0P@KLMJDNFJ@spanish?9modern?$AA@ 10019cb0     LIBCMT:getqloc.obj
 0002:00001cc0       ??_C@_0BA@BPAPGBCM@spanish?9mexican?$AA@ 10019cc0     LIBCMT:getqloc.obj
 0002:00001cd0       ??_C@_0BB@PDECHHHE@spanish?9honduras?$AA@ 10019cd0     LIBCMT:getqloc.obj
 0002:00001ce4       ??_C@_0BC@KLHKFGDB@spanish?9guatemala?$AA@ 10019ce4     LIBCMT:getqloc.obj
 0002:00001cf8       ??_C@_0BE@MFOOKJAI@spanish?9el?5salvador?$AA@ 10019cf8     LIBCMT:getqloc.obj
 0002:00001d0c       ??_C@_0BA@FCOKFPFC@spanish?9ecuador?$AA@ 10019d0c     LIBCMT:getqloc.obj
 0002:00001d1c       ??_C@_0BL@PLMGIMOO@spanish?9dominican?5republic?$AA@ 10019d1c     LIBCMT:getqloc.obj
 0002:00001d38       ??_C@_0BD@HLGDNMHB@spanish?9costa?5rica?$AA@ 10019d38     LIBCMT:getqloc.obj
 0002:00001d4c       ??_C@_0BB@PKCBKCPE@spanish?9colombia?$AA@ 10019d4c     LIBCMT:getqloc.obj
 0002:00001d60       ??_C@_0O@MCBIJGNE@spanish?9chile?$AA@ 10019d60     LIBCMT:getqloc.obj
 0002:00001d70       ??_C@_0BA@BEFEIGJJ@spanish?9bolivia?$AA@ 10019d70     LIBCMT:getqloc.obj
 0002:00001d80       ??_C@_0BC@EMECMPD@spanish?9argentina?$AA@ 10019d80     LIBCMT:getqloc.obj
 0002:00001d94       ??_C@_0BF@EALFLENP@portuguese?9brazilian?$AA@ 10019d94     LIBCMT:getqloc.obj
 0002:00001dac       ??_C@_0BC@HBLEBLNN@norwegian?9nynorsk?$AA@ 10019dac     LIBCMT:getqloc.obj
 0002:00001dc0       ??_C@_0BB@HMACDDCK@norwegian?9bokmal?$AA@ 10019dc0     LIBCMT:getqloc.obj
 0002:00001dd4       ??_C@_09BAFFPPHE@norwegian?$AA@ 10019dd4     LIBCMT:getqloc.obj
 0002:00001de0       ??_C@_0O@EAJFJDFG@italian?9swiss?$AA@ 10019de0     LIBCMT:getqloc.obj
 0002:00001df0       ??_C@_0O@CNOMPGD@irish?9english?$AA@ 10019df0     LIBCMT:getqloc.obj
 0002:00001e00       ??_C@_0N@EDHBGCKG@german?9swiss?$AA@ 10019e00     LIBCMT:getqloc.obj
 0002:00001e10       ??_C@_0BC@JACMHNBP@german?9luxembourg?$AA@ 10019e10     LIBCMT:getqloc.obj
 0002:00001e24       ??_C@_0BE@HBGMGFEG@german?9lichtenstein?$AA@ 10019e24     LIBCMT:getqloc.obj
 0002:00001e38       ??_C@_0BA@HKKBIBKL@german?9austrian?$AA@ 10019e38     LIBCMT:getqloc.obj
 0002:00001e48       ??_C@_0N@GCAEPEBK@french?9swiss?$AA@ 10019e48     LIBCMT:getqloc.obj
 0002:00001e58       ??_C@_0BC@DJFJJCK@french?9luxembourg?$AA@ 10019e58     LIBCMT:getqloc.obj
 0002:00001e6c       ??_C@_0BA@NNCEDFIC@french?9canadian?$AA@ 10019e6c     LIBCMT:getqloc.obj
 0002:00001e7c       ??_C@_0P@CMPOCLM@french?9belgian?$AA@ 10019e7c     LIBCMT:getqloc.obj
 0002:00001e8c       ??_C@_0M@GHHDJOK@english?9usa?$AA@ 10019e8c     LIBCMT:getqloc.obj
 0002:00001e98       ??_C@_0L@PLDJKEIL@english?9us?$AA@ 10019e98     LIBCMT:getqloc.obj
 0002:00001ea4       ??_C@_0L@HJCCDMNC@english?9uk?$AA@ 10019ea4     LIBCMT:getqloc.obj
 0002:00001eb0       ??_C@_0BK@CKLIAGJB@english?9trinidad?5y?5tobago?$AA@ 10019eb0     LIBCMT:getqloc.obj
 0002:00001ecc       ??_C@_0BF@JMJMGNNF@english?9south?5africa?$AA@ 10019ecc     LIBCMT:getqloc.obj
 0002:00001ee4       ??_C@_0L@DKIIFDFD@english?9nz?$AA@ 10019ee4     LIBCMT:getqloc.obj
 0002:00001ef0       ??_C@_0BA@ONHGJCLH@english?9jamaica?$AA@ 10019ef0     LIBCMT:getqloc.obj
 0002:00001f00       ??_C@_0M@HJBGHOPO@english?9ire?$AA@ 10019f00     LIBCMT:getqloc.obj
 0002:00001f0c       ??_C@_0BC@LFEKMIFB@english?9caribbean?$AA@ 10019f0c     LIBCMT:getqloc.obj
 0002:00001f20       ??_C@_0M@OLDPFKHI@english?9can?$AA@ 10019f20     LIBCMT:getqloc.obj
 0002:00001f2c       ??_C@_0P@OMDEHBMP@english?9belize?$AA@ 10019f2c     LIBCMT:getqloc.obj
 0002:00001f3c       ??_C@_0M@KFHFPFED@english?9aus?$AA@ 10019f3c     LIBCMT:getqloc.obj
 0002:00001f48       ??_C@_0BB@MNMBKDFE@english?9american?$AA@ 10019f48     LIBCMT:getqloc.obj
 0002:00001f5c       ??_C@_0O@KIDLNNBA@dutch?9belgian?$AA@ 10019f5c     LIBCMT:getqloc.obj
 0002:00001f6c       ??_C@_0BE@JBKABBMH@chinese?9traditional?$AA@ 10019f6c     LIBCMT:getqloc.obj
 0002:00001f80       ??_C@_0BC@MJJMPKCG@chinese?9singapore?$AA@ 10019f80     LIBCMT:getqloc.obj
 0002:00001f94       ??_C@_0BD@FDKADDCP@chinese?9simplified?$AA@ 10019f94     LIBCMT:getqloc.obj
 0002:00001fa8       ??_C@_0BB@DBEFDDME@chinese?9hongkong?$AA@ 10019fa8     LIBCMT:getqloc.obj
 0002:00001fbc       ??_C@_07DHNMFMCI@chinese?$AA@ 10019fbc     LIBCMT:getqloc.obj
 0002:00001fc4       ??_C@_03FNDDCHI@chi?$AA@   10019fc4     LIBCMT:getqloc.obj
 0002:00001fc8       ??_C@_03BMMIADDJ@chh?$AA@  10019fc8     LIBCMT:getqloc.obj
 0002:00001fcc       ??_C@_08OAIPJDGI@canadian?$AA@ 10019fcc     LIBCMT:getqloc.obj
 0002:00001fd8       ??_C@_07HBPMNPNJ@belgian?$AA@ 10019fd8     LIBCMT:getqloc.obj
 0002:00001fe0       ??_C@_0L@OEKOPBEL@australian?$AA@ 10019fe0     LIBCMT:getqloc.obj
 0002:00001fec       ??_C@_0BB@MEIMBEDG@american?9english?$AA@ 10019fec     LIBCMT:getqloc.obj
 0002:00002000       ??_C@_0BB@DFMDPDGB@american?5english?$AA@ 1001a000     LIBCMT:getqloc.obj
 0002:00002014       ??_C@_08IJLOKOLL@american?$AA@ 1001a014     LIBCMT:getqloc.obj
 0002:00002020       ___rg_language             1001a020     LIBCMT:getqloc.obj
 0002:00002228       ___rg_country              1001a228     LIBCMT:getqloc.obj
 0002:000022e0       ___rglangidNotDefault      1001a2e0     LIBCMT:getqloc.obj
 0002:000022f4       ??_C@_03NFKLAGEF@OCP?$AA@  1001a2f4     LIBCMT:getqloc.obj
 0002:000022f8       ??_C@_03DFHEHBHG@ACP?$AA@  1001a2f8     LIBCMT:getqloc.obj
 0002:000022fc       ??_C@_0BC@NFIEMBLL@Norwegian?9Nynorsk?$AA@ 1001a2fc     LIBCMT:getqloc.obj
 0002:00002310       ??_C@_13NOLLCAOD@?$AA?$AA?$AA?$AA@ 1001a310     LIBCMT:a_str.obj
 0002:00002314       ___dnames                  1001a314     LIBCMT:timeset.obj
 0002:0000232c       ___mnames                  1001a32c     LIBCMT:timeset.obj
 0002:00002354       ??_C@_02CLFPBFFP@TZ?$AA@   1001a354     LIBCMT:tzset.obj
 0002:00002358       __load_config_used         1001a358     LIBCMT:loadcfg.obj
 0002:00002b60       ___safe_se_handler_table   1001ab60     <linker-defined>
 0002:00002c70       ___rtc_iaa                 1001ac70     LIBCMT:initsect.obj
 0002:00002d74       ___rtc_izz                 1001ad74     LIBCMT:initsect.obj
 0002:00002e78       ___rtc_taa                 1001ae78     LIBCMT:initsect.obj
 0002:00002f7c       ___rtc_tzz                 1001af7c     LIBCMT:initsect.obj
 0003:00000170       __amblksiz                 1001c170     LIBCMT:heapinit.obj
 0003:000002a0       __aexit_rtn                1001c2a0     LIBCMT:crt0dat.obj
 0003:00000360       ___flsindex                1001c360     LIBCMT:tidtable.obj
 0003:00000364       ___getvalueindex           1001c364     LIBCMT:tidtable.obj
 0003:00000368       ___badioinfo               1001c368     LIBCMT:ioinit.obj
 0003:00000390       __XcptActTab               1001c390     LIBCMT:winxfltr.obj
 0003:00000408       __First_FPE_Indx           1001c408     LIBCMT:winxfltr.obj
 0003:0000040c       __Num_FPE                  1001c40c     LIBCMT:winxfltr.obj
 0003:00000410       __XcptActTabSize           1001c410     LIBCMT:winxfltr.obj
 0003:00000414       __XcptActTabCount          1001c414     LIBCMT:winxfltr.obj
 0003:00000420       ___security_cookie         1001c420     LIBCMT:gs_cookie.obj
 0003:00000424       ___security_cookie_complement 1001c424     LIBCMT:gs_cookie.obj
 0003:00000428       __cfltcvt_tab              1001c428     LIBCMT:cmiscdat.obj
 0003:00000458       ___clocalestr              1001c458     LIBCMT:nlsdata2.obj
 0003:00000460       ___initiallocinfo          1001c460     LIBCMT:nlsdata2.obj
 0003:00000538       ___ptlocinfo               1001c538     LIBCMT:nlsdata2.obj
 0003:0000053c       ___lc_clike                1001c53c     LIBCMT:nlsdata2.obj
 0003:00000540       ___initiallocalestructinfo 1001c540     LIBCMT:nlsdata2.obj
 0003:00000548       ___initialmbcinfo          1001c548     LIBCMT:mbctype.obj
 0003:00000768       __mbctype                  1001c768     LIBCMT:mbctype.obj
 0003:00000870       __mbcasemap                1001c870     LIBCMT:mbctype.obj
 0003:00000970       ___ptmbcinfo               1001c970     LIBCMT:mbctype.obj
 0003:00000a68       __NLG_Destination          1001ca68     LIBCMT:exsup.obj
 0003:00000a78       ___abort_behavior          1001ca78     LIBCMT:abort.obj
 0003:00000a7c       __pctype                   1001ca7c     LIBCMT:ctype.obj
 0003:00000a80       __pwctype                  1001ca80     LIBCMT:ctype.obj
 0003:00000a88       ___lc_time_c               1001ca88     LIBCMT:strftime.obj
 0003:00000b40       ___lc_time_curr            1001cb40     LIBCMT:strftime.obj
 0003:00000b44       ___lconv_static_decimal    1001cb44     LIBCMT:lconv.obj
 0003:00000b48       ___lconv_c                 1001cb48     LIBCMT:lconv.obj
 0003:00000b78       ___lconv                   1001cb78     LIBCMT:lconv.obj
 0003:00000b7c       ___globallocalestatus      1001cb7c     LIBCMT:glstatus.obj
 0003:00000b80       ___mb_cur_max              1001cb80     LIBCMT:nlsdata1.obj
 0003:00000b84       ___decimal_point           1001cb84     LIBCMT:nlsdata1.obj
 0003:00000b88       ___decimal_point_length    1001cb88     LIBCMT:nlsdata1.obj
 0003:00000b90       __timezone                 1001cb90     LIBCMT:timeset.obj
 0003:00000b94       __daylight                 1001cb94     LIBCMT:timeset.obj
 0003:00000b98       __dstbias                  1001cb98     LIBCMT:timeset.obj
 0003:00000c20       __tzname                   1001cc20     LIBCMT:timeset.obj
 0003:00000c40       __lpdays                   1001cc40     LIBCMT:days.obj
 0003:00000c74       __days                     1001cc74     LIBCMT:days.obj
 0003:00001044       __aenvptr                  1001d044     LIBCMT:dllcrt0.obj
 0003:00001048       __wenvptr                  1001d048     LIBCMT:dllcrt0.obj
 0003:0000104c       ___error_mode              1001d04c     LIBCMT:dllcrt0.obj
 0003:00001050       ___app_type                1001d050     LIBCMT:dllcrt0.obj
 0003:00001054       __crtheap                  1001d054     LIBCMT:heapinit.obj
 0003:000011a8       ___sbh_pHeaderDefer        1001d1a8     LIBCMT:sbheap.obj
 0003:000011ac       ___pInvalidArgHandler      1001d1ac     LIBCMT:invarg.obj
 0003:000011b0       __umaskval                 1001d1b0     LIBCMT:crt0dat.obj
 0003:000011b4       __osplatform               1001d1b4     LIBCMT:crt0dat.obj
 0003:000011b8       __osver                    1001d1b8     LIBCMT:crt0dat.obj
 0003:000011bc       __winver                   1001d1bc     LIBCMT:crt0dat.obj
 0003:000011c0       __winmajor                 1001d1c0     LIBCMT:crt0dat.obj
 0003:000011c4       __winminor                 1001d1c4     LIBCMT:crt0dat.obj
 0003:000011c8       ___argc                    1001d1c8     LIBCMT:crt0dat.obj
 0003:000011cc       ___argv                    1001d1cc     LIBCMT:crt0dat.obj
 0003:000011d0       ___wargv                   1001d1d0     LIBCMT:crt0dat.obj
 0003:000011d4       __environ                  1001d1d4     LIBCMT:crt0dat.obj
 0003:000011d8       ___initenv                 1001d1d8     LIBCMT:crt0dat.obj
 0003:000011dc       __wenviron                 1001d1dc     LIBCMT:crt0dat.obj
 0003:000011e0       ___winitenv                1001d1e0     LIBCMT:crt0dat.obj
 0003:000011e4       __pgmptr                   1001d1e4     LIBCMT:crt0dat.obj
 0003:000011e8       __wpgmptr                  1001d1e8     LIBCMT:crt0dat.obj
 0003:000011ec       __exitflag                 1001d1ec     LIBCMT:crt0dat.obj
 0003:000011f0       __C_Termination_Done       1001d1f0     LIBCMT:crt0dat.obj
 0003:000011f4       __C_Exit_Done              1001d1f4     LIBCMT:crt0dat.obj
 0003:0000150c       ?_pnhHeap@@3P6AHI@ZA       1001d50c     LIBCMT:handler.obj
 0003:00001510       __newmode                  1001d510     LIBCMT:_newmode.obj
 0003:00001514       _gpFlsAlloc                1001d514     LIBCMT:tidtable.obj
 0003:00001518       _gpFlsGetValue             1001d518     LIBCMT:tidtable.obj
 0003:0000151c       _gpFlsSetValue             1001d51c     LIBCMT:tidtable.obj
 0003:00001520       _gpFlsFree                 1001d520     LIBCMT:tidtable.obj
 0003:00001524       __maxwait                  1001d524     LIBCMT:crtheap.obj
 0003:00001638       ?__pInconsistency@@3P6AXXZA 1001d638     LIBCMT:hooks.obj
 0003:0000165c       ___pPurecall               1001d65c     LIBCMT:inithelp.obj
 0003:00001674       ___locale_changed          1001d674     LIBCMT:setlocal.obj
 0003:00001678       ___lc_handle               1001d678     LIBCMT:nlsdata2.obj
 0003:00001690       ___lc_codepage             1001d690     LIBCMT:nlsdata2.obj
 0003:00001694       ___lc_collate_cp           1001d694     LIBCMT:nlsdata2.obj
 0003:0000169c       ___mbulinfo                1001d69c     LIBCMT:mbctype.obj
 0003:000016a8       ___mbcodepage              1001d6a8     LIBCMT:mbctype.obj
 0003:000016ac       ___ismbcodepage            1001d6ac     LIBCMT:mbctype.obj
 0003:000016b0       ___mblcid                  1001d6b0     LIBCMT:mbctype.obj
 0003:000019e4       ___lconv_static_null       1001d9e4     LIBCMT:lconv.obj
 0003:00001ab0       ___setlc_active            1001dab0     <common>
 0003:00001ac0       ___unguarded_readlc_active 1001dac0     <common>
 0003:00001ac4       __debugger_hook_dummy      1001dac4     <common>
 0003:00001ad0       ___use_sse2_mathfcns       1001dad0     <common>
 0003:00001ae0       ___sse2_available          1001dae0     <common>
 0003:00001ae4       __nhandle                  1001dae4     <common>
 0003:00001b40       ___pioinfo                 1001db40     <common>
 0003:00001c40       ___env_initialized         1001dc40     <common>
 0003:00001c50       ___onexitend               1001dc50     <common>
 0003:00001c54       ___onexitbegin             1001dc54     <common>
 0003:00001c58       ___mbctype_initialized     1001dc58     <common>
 0003:00001c5c       __FPinit                   1001dc5c     <common>
 0003:00001c60       ___dyn_tls_init_callback   1001dc60     <common>
 0003:00001c64       __pDestructExceptionObject 1001dc64     <common>
 0003:00001c70       ___sbh_initialized         1001dc70     <common>
 0003:00001c84       ___sbh_cntHeaderList       1001dc84     <common>
 0003:00001c88       ___sbh_pHeaderList         1001dc88     <common>
 0003:00001c8c       ___sbh_threshold           1001dc8c     <common>
 0003:00001c90       ___sbh_pHeaderScan         1001dc90     <common>
 0003:00001c94       ___sbh_sizeHeaderList      1001dc94     <common>
 0003:00001c98       ___sbh_indGroupDefer       1001dc98     <common>
 0003:00001c9c       ___active_heap             1001dc9c     <common>
 0003:00001ca8       __acmdln                   1001dca8     <common>
 0004:00000000       __IMPORT_DESCRIPTOR_KERNEL32 1001e000     kernel32:KERNEL32.dll
 0004:00000014       __IMPORT_DESCRIPTOR_ADVAPI32 1001e014     advapi32:ADVAPI32.dll
 0004:00000028       __NULL_IMPORT_DESCRIPTOR   1001e028     kernel32:KERNEL32.dll
 0004:0000023c       __imp__SetSecurityDescriptorDacl@16 1001e23c     advapi32:ADVAPI32.dll
 0004:00000240       __imp__InitializeSecurityDescriptor@8 1001e240     advapi32:ADVAPI32.dll
 0004:00000244       \177ADVAPI32_NULL_THUNK_DATA 1001e244     advapi32:ADVAPI32.dll
 0004:00000270       __imp__MapViewOfFile@20    1001e270     kernel32:KERNEL32.dll
 0004:00000274       __imp__OpenFileMappingA@12 1001e274     kernel32:KERNEL32.dll
 0004:00000278       __imp__OpenEventA@12       1001e278     kernel32:KERNEL32.dll
 0004:0000027c       __imp__GetLastError@0      1001e27c     kernel32:KERNEL32.dll
 0004:00000280       __imp__OpenMutexA@12       1001e280     kernel32:KERNEL32.dll
 0004:00000284       __imp__ReleaseMutex@4      1001e284     kernel32:KERNEL32.dll
 0004:00000288       __imp__WaitForSingleObject@8 1001e288     kernel32:KERNEL32.dll
 0004:0000028c       __imp__CreateFileMappingA@24 1001e28c     kernel32:KERNEL32.dll
 0004:00000290       __imp__CreateEventA@16     1001e290     kernel32:KERNEL32.dll
 0004:00000294       __imp__CreateMutexA@12     1001e294     kernel32:KERNEL32.dll
 0004:00000298       __imp__CloseHandle@4       1001e298     kernel32:KERNEL32.dll
 0004:0000029c       __imp__PulseEvent@4        1001e29c     kernel32:KERNEL32.dll
 0004:000002a0       __imp__UnmapViewOfFile@4   1001e2a0     kernel32:KERNEL32.dll
 0004:000002a4       __imp__HeapFree@12         1001e2a4     kernel32:KERNEL32.dll
 0004:000002a8       __imp__HeapAlloc@12        1001e2a8     kernel32:KERNEL32.dll
 0004:000002ac       __imp__GetCurrentThreadId@0 1001e2ac     kernel32:KERNEL32.dll
 0004:000002b0       __imp__GetCommandLineA@0   1001e2b0     kernel32:KERNEL32.dll
 0004:000002b4       __imp__GetVersionExA@4     1001e2b4     kernel32:KERNEL32.dll
 0004:000002b8       __imp__GetProcessHeap@0    1001e2b8     kernel32:KERNEL32.dll
 0004:000002bc       __imp__HeapDestroy@4       1001e2bc     kernel32:KERNEL32.dll
 0004:000002c0       __imp__HeapCreate@12       1001e2c0     kernel32:KERNEL32.dll
 0004:000002c4       __imp__VirtualFree@12      1001e2c4     kernel32:KERNEL32.dll
 0004:000002c8       __imp__DeleteCriticalSection@4 1001e2c8     kernel32:KERNEL32.dll
 0004:000002cc       __imp__LeaveCriticalSection@4 1001e2cc     kernel32:KERNEL32.dll
 0004:000002d0       __imp__FatalAppExitA@8     1001e2d0     kernel32:KERNEL32.dll
 0004:000002d4       __imp__EnterCriticalSection@4 1001e2d4     kernel32:KERNEL32.dll
 0004:000002d8       __imp__VirtualAlloc@16     1001e2d8     kernel32:KERNEL32.dll
 0004:000002dc       __imp__HeapReAlloc@16      1001e2dc     kernel32:KERNEL32.dll
 0004:000002e0       __imp__TerminateProcess@8  1001e2e0     kernel32:KERNEL32.dll
 0004:000002e4       __imp__GetCurrentProcess@0 1001e2e4     kernel32:KERNEL32.dll
 0004:000002e8       __imp__UnhandledExceptionFilter@4 1001e2e8     kernel32:KERNEL32.dll
 0004:000002ec       __imp__SetUnhandledExceptionFilter@4 1001e2ec     kernel32:KERNEL32.dll
 0004:000002f0       __imp__IsDebuggerPresent@0 1001e2f0     kernel32:KERNEL32.dll
 0004:000002f4       __imp__GetProcAddress@8    1001e2f4     kernel32:KERNEL32.dll
 0004:000002f8       __imp__GetModuleHandleA@4  1001e2f8     kernel32:KERNEL32.dll
 0004:000002fc       __imp__ExitProcess@4       1001e2fc     kernel32:KERNEL32.dll
 0004:00000300       __imp__WriteFile@20        1001e300     kernel32:KERNEL32.dll
 0004:00000304       __imp__GetStdHandle@4      1001e304     kernel32:KERNEL32.dll
 0004:00000308       __imp__GetModuleFileNameA@12 1001e308     kernel32:KERNEL32.dll
 0004:0000030c       __imp__TlsGetValue@4       1001e30c     kernel32:KERNEL32.dll
 0004:00000310       __imp__TlsAlloc@0          1001e310     kernel32:KERNEL32.dll
 0004:00000314       __imp__TlsSetValue@8       1001e314     kernel32:KERNEL32.dll
 0004:00000318       __imp__TlsFree@4           1001e318     kernel32:KERNEL32.dll
 0004:0000031c       __imp__InterlockedIncrement@4 1001e31c     kernel32:KERNEL32.dll
 0004:00000320       __imp__SetLastError@4      1001e320     kernel32:KERNEL32.dll
 0004:00000324       __imp__InterlockedDecrement@4 1001e324     kernel32:KERNEL32.dll
 0004:00000328       __imp__GetCurrentThread@0  1001e328     kernel32:KERNEL32.dll
 0004:0000032c       __imp__Sleep@4             1001e32c     kernel32:KERNEL32.dll
 0004:00000330       __imp__SetHandleCount@4    1001e330     kernel32:KERNEL32.dll
 0004:00000334       __imp__GetFileType@4       1001e334     kernel32:KERNEL32.dll
 0004:00000338       __imp__GetStartupInfoA@4   1001e338     kernel32:KERNEL32.dll
 0004:0000033c       __imp__FreeEnvironmentStringsA@4 1001e33c     kernel32:KERNEL32.dll
 0004:00000340       __imp__GetEnvironmentStrings@0 1001e340     kernel32:KERNEL32.dll
 0004:00000344       __imp__FreeEnvironmentStringsW@4 1001e344     kernel32:KERNEL32.dll
 0004:00000348       __imp__WideCharToMultiByte@32 1001e348     kernel32:KERNEL32.dll
 0004:0000034c       __imp__GetEnvironmentStringsW@0 1001e34c     kernel32:KERNEL32.dll
 0004:00000350       __imp__QueryPerformanceCounter@4 1001e350     kernel32:KERNEL32.dll
 0004:00000354       __imp__GetTickCount@0      1001e354     kernel32:KERNEL32.dll
 0004:00000358       __imp__GetCurrentProcessId@0 1001e358     kernel32:KERNEL32.dll
 0004:0000035c       __imp__GetSystemTimeAsFileTime@4 1001e35c     kernel32:KERNEL32.dll
 0004:00000360       __imp__InitializeCriticalSection@4 1001e360     kernel32:KERNEL32.dll
 0004:00000364       __imp__RtlUnwind@16        1001e364     kernel32:KERNEL32.dll
 0004:00000368       __imp__SetConsoleCtrlHandler@8 1001e368     kernel32:KERNEL32.dll
 0004:0000036c       __imp__FreeLibrary@4       1001e36c     kernel32:KERNEL32.dll
 0004:00000370       __imp__InterlockedExchange@8 1001e370     kernel32:KERNEL32.dll
 0004:00000374       __imp__LoadLibraryA@4      1001e374     kernel32:KERNEL32.dll
 0004:00000378       __imp__GetCPInfo@8         1001e378     kernel32:KERNEL32.dll
 0004:0000037c       __imp__GetACP@0            1001e37c     kernel32:KERNEL32.dll
 0004:00000380       __imp__GetOEMCP@0          1001e380     kernel32:KERNEL32.dll
 0004:00000384       __imp__HeapSize@12         1001e384     kernel32:KERNEL32.dll
 0004:00000388       __imp__MultiByteToWideChar@24 1001e388     kernel32:KERNEL32.dll
 0004:0000038c       __imp__GetLocaleInfoA@16   1001e38c     kernel32:KERNEL32.dll
 0004:00000390       __imp__GetLocaleInfoW@16   1001e390     kernel32:KERNEL32.dll
 0004:00000394       __imp__GetTimeFormatA@24   1001e394     kernel32:KERNEL32.dll
 0004:00000398       __imp__GetDateFormatA@24   1001e398     kernel32:KERNEL32.dll
 0004:0000039c       __imp__GetUserDefaultLCID@0 1001e39c     kernel32:KERNEL32.dll
 0004:000003a0       __imp__EnumSystemLocalesA@8 1001e3a0     kernel32:KERNEL32.dll
 0004:000003a4       __imp__IsValidLocale@8     1001e3a4     kernel32:KERNEL32.dll
 0004:000003a8       __imp__IsValidCodePage@4   1001e3a8     kernel32:KERNEL32.dll
 0004:000003ac       __imp__GetStringTypeA@20   1001e3ac     kernel32:KERNEL32.dll
 0004:000003b0       __imp__GetStringTypeW@16   1001e3b0     kernel32:KERNEL32.dll
 0004:000003b4       __imp__LCMapStringA@24     1001e3b4     kernel32:KERNEL32.dll
 0004:000003b8       __imp__LCMapStringW@24     1001e3b8     kernel32:KERNEL32.dll
 0004:000003bc       __imp__GetTimeZoneInformation@4 1001e3bc     kernel32:KERNEL32.dll
 0004:000003c0       __imp__CompareStringA@24   1001e3c0     kernel32:KERNEL32.dll
 0004:000003c4       __imp__CompareStringW@24   1001e3c4     kernel32:KERNEL32.dll
 0004:000003c8       __imp__SetEnvironmentVariableA@8 1001e3c8     kernel32:KERNEL32.dll
 0004:000003cc       \177KERNEL32_NULL_THUNK_DATA 1001e3cc     kernel32:KERNEL32.dll

 entry point at        0001:000014dd


 Exports

  ordinal    name

        1    _GetBuffer
               exported name: GetBuffer
        2    _GetQueueSize
               exported name: GetQueueSize
        3    _InitMemoryMgr
               exported name: InitMemoryMgr
        4    _JoinMemoryMgr
               exported name: JoinMemoryMgr
        5    _PutBuffer
               exported name: PutBuffer
        6    _ReleaseMemoryMgr
               exported name: ReleaseMemoryMgr
